ws2812.c:30:6:delay_250us	0	static
ws2812.c:37:6:delay_750us	0	static
ws2812.c:44:6:reset_ws2812	0	static
ws2812.c:50:6:reset_ws2812_1	0	static
ws2812.c:71:6:WS2812_BYTE_1	0	static,ignoring_inline_asm
ws2812.c:134:6:WS2812_BYTE	0	static,ignoring_inline_asm
ws2812.c:199:6:send_single_data	8	static
ws2812.c:208:7:send_string_data	8	static
ws2812.c:220:6:send_single_data1	8	static
ws2812.c:230:6:send_single_data_RGB	16	static
ws2812.c:239:7:send_string_data1	8	static
ws2812.c:248:7:send_image	16	static
ws2812.c:262:7:send_string_data_LK_H	48	static
ws2812.c:285:7:send_string_data_LK_V	32	static
ws2812.c:306:6:RGB_open	24	static
ws2812.c:339:6:RGB_open1	24	static
ws2812.c:371:6:RGB_close	8	static
ws2812.c:379:6:RGB_close1	8	static
ws2812.c:388:6:RGB_PWM	24	static
ws2812.c:466:6:RGB_PWM1	24	static
