Archive member included to satisfy reference by file (symbol)

e:/st/stm32cubeide_1.3.0/stm32cubeide/plugins/com.st.stm32cube.ide.mcu.externaltools.gnu-tools-for-stm32.7-2018-q2-update.win32_1.0.0.201904181610/tools/bin/../lib/gcc/arm-none-eabi/7.3.1/../../../../arm-none-eabi/lib/thumb/v7-m\libc_nano.a(lib_a-errno.o)
                              Core/Src/syscalls.o (__errno)
e:/st/stm32cubeide_1.3.0/stm32cubeide/plugins/com.st.stm32cube.ide.mcu.externaltools.gnu-tools-for-stm32.7-2018-q2-update.win32_1.0.0.201904181610/tools/bin/../lib/gcc/arm-none-eabi/7.3.1/../../../../arm-none-eabi/lib/thumb/v7-m\libc_nano.a(lib_a-exit.o)
                              e:/st/stm32cubeide_1.3.0/stm32cubeide/plugins/com.st.stm32cube.ide.mcu.externaltools.gnu-tools-for-stm32.7-2018-q2-update.win32_1.0.0.201904181610/tools/bin/../lib/gcc/arm-none-eabi/7.3.1/../../../../arm-none-eabi/lib/thumb/v7-m/crt0.o (exit)
e:/st/stm32cubeide_1.3.0/stm32cubeide/plugins/com.st.stm32cube.ide.mcu.externaltools.gnu-tools-for-stm32.7-2018-q2-update.win32_1.0.0.201904181610/tools/bin/../lib/gcc/arm-none-eabi/7.3.1/../../../../arm-none-eabi/lib/thumb/v7-m\libc_nano.a(lib_a-impure.o)
                              e:/st/stm32cubeide_1.3.0/stm32cubeide/plugins/com.st.stm32cube.ide.mcu.externaltools.gnu-tools-for-stm32.7-2018-q2-update.win32_1.0.0.201904181610/tools/bin/../lib/gcc/arm-none-eabi/7.3.1/../../../../arm-none-eabi/lib/thumb/v7-m\libc_nano.a(lib_a-exit.o) (_global_impure_ptr)
e:/st/stm32cubeide_1.3.0/stm32cubeide/plugins/com.st.stm32cube.ide.mcu.externaltools.gnu-tools-for-stm32.7-2018-q2-update.win32_1.0.0.201904181610/tools/bin/../lib/gcc/arm-none-eabi/7.3.1/../../../../arm-none-eabi/lib/thumb/v7-m\libc_nano.a(lib_a-init.o)
                              e:/st/stm32cubeide_1.3.0/stm32cubeide/plugins/com.st.stm32cube.ide.mcu.externaltools.gnu-tools-for-stm32.7-2018-q2-update.win32_1.0.0.201904181610/tools/bin/../lib/gcc/arm-none-eabi/7.3.1/../../../../arm-none-eabi/lib/thumb/v7-m/crt0.o (__libc_init_array)
e:/st/stm32cubeide_1.3.0/stm32cubeide/plugins/com.st.stm32cube.ide.mcu.externaltools.gnu-tools-for-stm32.7-2018-q2-update.win32_1.0.0.201904181610/tools/bin/../lib/gcc/arm-none-eabi/7.3.1/../../../../arm-none-eabi/lib/thumb/v7-m\libc_nano.a(lib_a-memset.o)
                              e:/st/stm32cubeide_1.3.0/stm32cubeide/plugins/com.st.stm32cube.ide.mcu.externaltools.gnu-tools-for-stm32.7-2018-q2-update.win32_1.0.0.201904181610/tools/bin/../lib/gcc/arm-none-eabi/7.3.1/../../../../arm-none-eabi/lib/thumb/v7-m/crt0.o (memset)

Allocating common symbols
Common symbol       size              file

GG                  0x1               Core/Src/ws2812.o
RR2                 0x1               Core/Src/ws2812.o
cc2520_senser_count
                    0x1               Core/Src/CC2520.o
rx2_byte_count      0x1               Core/Src/CC2520.o
g_u8Flag0           0x1               Core/Src/CC2520.o
g_u8Flag3           0x1               Core/Src/CC2520.o
rx2_byte_limit      0x1               Core/Src/CC2520.o
delta_RG            0x1               Core/Src/main.o
htim4               0x40              Core/Src/main.o
g_u8Flag1           0x1               Core/Src/CC2520.o
Rx_LEN              0x1               Core/Src/main.o
huart3              0x40              Core/Src/main.o
g_u8Flag6           0x1               Core/Src/CC2520.o
tim2_counter        0x1               Core/Src/main.o
RF_BadCycCnt        0x1               Core/Src/CC2520.o
ADDR                0x1               Core/Src/CC2520.o
Rxbuff1             0x20              Core/Src/main.o
rx2_buff            0x100             Core/Src/CC2520.o
time_cc2520_no_rx   0x4               Core/Src/CC2520.o
g_u8Flag_qian       0x1               Core/Src/CC2520.o
bRxBuffer           0xc8              Core/Src/main.o
g_u8Flag2           0x1               Core/Src/CC2520.o
R_BIT               0x1               Core/Src/main.o
G_BIT               0x1               Core/Src/main.o
Rx_Num_UART1        0x1               Core/Src/main.o
dRxBuffer           0xd               Core/Src/main.o
ptr                 0x4               Core/Src/CC2520.o
LED_DAT             0x1               Core/Src/ws2812.o
uwTick              0x4               Drivers/STM32F1xx_HAL_Driver/Src/stm32f1xx_hal.o
B_DATA              0x3               Core/Src/main.o
pFlash              0x20              Drivers/STM32F1xx_HAL_Driver/Src/stm32f1xx_hal_flash.o
Rx_count_UART3      0x1               Core/Src/main.o
htim5               0x40              Core/Src/main.o
g_u8Time20ms_4      0x1               Core/Src/main.o
htim3               0x40              Core/Src/main.o
fre_set_temp        0x1               Core/Src/CC2520.o
tx2_buff            0x100             Core/Src/CC2520.o
GG2                 0x1               Core/Src/ws2812.o
fre_set_change      0x1               Core/Src/CC2520.o
rx1_byte_count      0x1               Core/Src/CC2520.o
BB2                 0x1               Core/Src/ws2812.o
[...]
Memory Configuration

Name             Origin             Length             Attributes
RAM              0x0000000020000000 0x0000000000010000 xrw
FLASH            0x0000000008000000 0x0000000000060000 xr
*default*        0x0000000000000000 0xffffffffffffffff

Linker script and memory map

LOAD e:/st/stm32cubeide_1.3.0/stm32cubeide/plugins/com.st.stm32cube.ide.mcu.externaltools.gnu-tools-for-stm32.7-2018-q2-update.win32_1.0.0.201904181610/tools/bin/../lib/gcc/arm-none-eabi/7.3.1/thumb/v7-m/crti.o
LOAD e:/st/stm32cubeide_1.3.0/stm32cubeide/plugins/com.st.stm32cube.ide.mcu.externaltools.gnu-tools-for-stm32.7-2018-q2-update.win32_1.0.0.201904181610/tools/bin/../lib/gcc/arm-none-eabi/7.3.1/thumb/v7-m/crtbegin.o
LOAD e:/st/stm32cubeide_1.3.0/stm32cubeide/plugins/com.st.stm32cube.ide.mcu.externaltools.gnu-tools-for-stm32.7-2018-q2-update.win32_1.0.0.201904181610/tools/bin/../lib/gcc/arm-none-eabi/7.3.1/../../../../arm-none-eabi/lib/thumb/v7-m/crt0.o
LOAD Core/Src/CC2520.o
LOAD Core/Src/CRC16.o
LOAD Core/Src/LCD_TFT.o
LOAD Core/Src/gpio.o
LOAD Core/Src/main.o
LOAD Core/Src/stm32f1xx_hal_msp.o
LOAD Core/Src/stm32f1xx_it.o
LOAD Core/Src/syscalls.o
LOAD Core/Src/sysmem.o
LOAD Core/Src/system_stm32f1xx.o
LOAD Core/Src/tim.o
LOAD Core/Src/usart.o
LOAD Core/Src/usb.o
LOAD Core/Src/ws2812.o
LOAD Core/Startup/startup_stm32f103rdtx.o
LOAD Drivers/STM32F1xx_HAL_Driver/Src/stm32f1xx_hal.o
LOAD Drivers/STM32F1xx_HAL_Driver/Src/stm32f1xx_hal_cortex.o
LOAD Drivers/STM32F1xx_HAL_Driver/Src/stm32f1xx_hal_dma.o
LOAD Drivers/STM32F1xx_HAL_Driver/Src/stm32f1xx_hal_exti.o
LOAD Drivers/STM32F1xx_HAL_Driver/Src/stm32f1xx_hal_flash.o
LOAD Drivers/STM32F1xx_HAL_Driver/Src/stm32f1xx_hal_flash_ex.o
LOAD Drivers/STM32F1xx_HAL_Driver/Src/stm32f1xx_hal_gpio.o
LOAD Drivers/STM32F1xx_HAL_Driver/Src/stm32f1xx_hal_gpio_ex.o
LOAD Drivers/STM32F1xx_HAL_Driver/Src/stm32f1xx_hal_pcd.o
LOAD Drivers/STM32F1xx_HAL_Driver/Src/stm32f1xx_hal_pcd_ex.o
LOAD Drivers/STM32F1xx_HAL_Driver/Src/stm32f1xx_hal_pwr.o
LOAD Drivers/STM32F1xx_HAL_Driver/Src/stm32f1xx_hal_rcc.o
LOAD Drivers/STM32F1xx_HAL_Driver/Src/stm32f1xx_hal_rcc_ex.o
LOAD Drivers/STM32F1xx_HAL_Driver/Src/stm32f1xx_hal_tim.o
LOAD Drivers/STM32F1xx_HAL_Driver/Src/stm32f1xx_hal_tim_ex.o
LOAD Drivers/STM32F1xx_HAL_Driver/Src/stm32f1xx_hal_uart.o
LOAD Drivers/STM32F1xx_HAL_Driver/Src/stm32f1xx_ll_usb.o
START GROUP
LOAD e:/st/stm32cubeide_1.3.0/stm32cubeide/plugins/com.st.stm32cube.ide.mcu.externaltools.gnu-tools-for-stm32.7-2018-q2-update.win32_1.0.0.201904181610/tools/bin/../lib/gcc/arm-none-eabi/7.3.1/../../../../arm-none-eabi/lib/thumb/v7-m\libc_nano.a
LOAD e:/st/stm32cubeide_1.3.0/stm32cubeide/plugins/com.st.stm32cube.ide.mcu.externaltools.gnu-tools-for-stm32.7-2018-q2-update.win32_1.0.0.201904181610/tools/bin/../lib/gcc/arm-none-eabi/7.3.1/../../../../arm-none-eabi/lib/thumb/v7-m\libm.a
END GROUP
START GROUP
LOAD e:/st/stm32cubeide_1.3.0/stm32cubeide/plugins/com.st.stm32cube.ide.mcu.externaltools.gnu-tools-for-stm32.7-2018-q2-update.win32_1.0.0.201904181610/tools/bin/../lib/gcc/arm-none-eabi/7.3.1/thumb/v7-m\libgcc.a
LOAD e:/st/stm32cubeide_1.3.0/stm32cubeide/plugins/com.st.stm32cube.ide.mcu.externaltools.gnu-tools-for-stm32.7-2018-q2-update.win32_1.0.0.201904181610/tools/bin/../lib/gcc/arm-none-eabi/7.3.1/../../../../arm-none-eabi/lib/thumb/v7-m\libc_nano.a
END GROUP
START GROUP
LOAD e:/st/stm32cubeide_1.3.0/stm32cubeide/plugins/com.st.stm32cube.ide.mcu.externaltools.gnu-tools-for-stm32.7-2018-q2-update.win32_1.0.0.201904181610/tools/bin/../lib/gcc/arm-none-eabi/7.3.1/thumb/v7-m\libgcc.a
LOAD e:/st/stm32cubeide_1.3.0/stm32cubeide/plugins/com.st.stm32cube.ide.mcu.externaltools.gnu-tools-for-stm32.7-2018-q2-update.win32_1.0.0.201904181610/tools/bin/../lib/gcc/arm-none-eabi/7.3.1/../../../../arm-none-eabi/lib/thumb/v7-m\libc_nano.a
LOAD e:/st/stm32cubeide_1.3.0/stm32cubeide/plugins/com.st.stm32cube.ide.mcu.externaltools.gnu-tools-for-stm32.7-2018-q2-update.win32_1.0.0.201904181610/tools/bin/../lib/gcc/arm-none-eabi/7.3.1/../../../../arm-none-eabi/lib/thumb/v7-m\libnosys.a
END GROUP
START GROUP
LOAD e:/st/stm32cubeide_1.3.0/stm32cubeide/plugins/com.st.stm32cube.ide.mcu.externaltools.gnu-tools-for-stm32.7-2018-q2-update.win32_1.0.0.201904181610/tools/bin/../lib/gcc/arm-none-eabi/7.3.1/thumb/v7-m\libgcc.a
LOAD e:/st/stm32cubeide_1.3.0/stm32cubeide/plugins/com.st.stm32cube.ide.mcu.externaltools.gnu-tools-for-stm32.7-2018-q2-update.win32_1.0.0.201904181610/tools/bin/../lib/gcc/arm-none-eabi/7.3.1/../../../../arm-none-eabi/lib/thumb/v7-m\libc_nano.a
LOAD e:/st/stm32cubeide_1.3.0/stm32cubeide/plugins/com.st.stm32cube.ide.mcu.externaltools.gnu-tools-for-stm32.7-2018-q2-update.win32_1.0.0.201904181610/tools/bin/../lib/gcc/arm-none-eabi/7.3.1/../../../../arm-none-eabi/lib/thumb/v7-m\libnosys.a
END GROUP
LOAD e:/st/stm32cubeide_1.3.0/stm32cubeide/plugins/com.st.stm32cube.ide.mcu.externaltools.gnu-tools-for-stm32.7-2018-q2-update.win32_1.0.0.201904181610/tools/bin/../lib/gcc/arm-none-eabi/7.3.1/thumb/v7-m/crtend.o
LOAD e:/st/stm32cubeide_1.3.0/stm32cubeide/plugins/com.st.stm32cube.ide.mcu.externaltools.gnu-tools-for-stm32.7-2018-q2-update.win32_1.0.0.201904181610/tools/bin/../lib/gcc/arm-none-eabi/7.3.1/thumb/v7-m/crtn.o
                0x0000000020010000                _estack = (ORIGIN (RAM) + LENGTH (RAM))
                0x0000000000000200                _Min_Heap_Size = 0x200
                0x0000000000000400                _Min_Stack_Size = 0x400

.isr_vector     0x0000000008000000      0x1e4
                0x0000000008000000                . = ALIGN (0x4)
 *(.isr_vector)
 .isr_vector    0x0000000008000000      0x1e4 Core/Startup/startup_stm32f103rdtx.o
                0x0000000008000000                g_pfnVectors
                0x00000000080001e4                . = ALIGN (0x4)

.text           0x00000000080001e4     0x2e18
                0x00000000080001e4                . = ALIGN (0x4)
 *(.text)
 .text          0x00000000080001e4       0x40 e:/st/stm32cubeide_1.3.0/stm32cubeide/plugins/com.st.stm32cube.ide.mcu.externaltools.gnu-tools-for-stm32.7-2018-q2-update.win32_1.0.0.201904181610/tools/bin/../lib/gcc/arm-none-eabi/7.3.1/thumb/v7-m/crtbegin.o
 *(.text*)
 .text.crc_check
                0x0000000008000224       0x44 Core/Src/CC2520.o
                0x0000000008000224                crc_check
 .text.CC2520_GPIO_Config
                0x0000000008000268       0x10 Core/Src/CC2520.o
                0x0000000008000268                CC2520_GPIO_Config
 .text.CC2520_RxPacket
                0x0000000008000278       0x68 Core/Src/CC2520.o
                0x0000000008000278                CC2520_RxPacket
 .text.CC2520_SPI_Init
                0x00000000080002e0       0x1c Core/Src/CC2520.o
                0x00000000080002e0                CC2520_SPI_Init
 .text.SPI_Read
                0x00000000080002fc       0x70 Core/Src/CC2520.o
                0x00000000080002fc                SPI_Read
 .text.SPI_Write
                0x000000000800036c       0x6c Core/Src/CC2520.o
                0x000000000800036c                SPI_Write
 .text.CC2520_WriteReg
                0x00000000080003d8       0x2c Core/Src/CC2520.o
                0x00000000080003d8                CC2520_WriteReg
 .text.CC2520_ReadRAM
                0x0000000008000404       0x30 Core/Src/CC2520.o
                0x0000000008000404                CC2520_ReadRAM
 .text.CC2520_WriteRAM
                0x0000000008000434       0x34 Core/Src/CC2520.o
                0x0000000008000434                CC2520_WriteRAM
 .text.CC2520_IntoActMode_Init
                0x0000000008000468       0xbe Core/Src/CC2520.o
                0x0000000008000468                CC2520_IntoActMode_Init
 *fill*         0x0000000008000526        0x2 
 .text.CC2520_Command
                0x0000000008000528       0x20 Core/Src/CC2520.o
                0x0000000008000528                CC2520_Command
 .text.CC2520_Init
                0x0000000008000548      0x114 Core/Src/CC2520.o
                0x0000000008000548                CC2520_Init
 .text.CC2520_SetRxMode
                0x000000000800065c        0x6 Core/Src/CC2520.o
                0x000000000800065c                CC2520_SetRxMode
 *fill*         0x0000000008000662        0x2 
 .text.CC2520_TxPacket
                0x0000000008000664       0x5c Core/Src/CC2520.o
                0x0000000008000664                CC2520_TxPacket
 .text.CC2520_WriteTXFIFO
                0x00000000080006c0       0x70 Core/Src/CC2520.o
                0x00000000080006c0                CC2520_WriteTXFIFO
 .text.CC2520_ReadRXFIFO
                0x0000000008000730       0x5c Core/Src/CC2520.o
                0x0000000008000730                CC2520_ReadRXFIFO
 .text.temp_send
                0x000000000800078c      0x174 Core/Src/CC2520.o
                0x000000000800078c                temp_send
 .text.LCD_DA   0x0000000008000900       0xa0 Core/Src/LCD_TFT.o
                0x0000000008000900                LCD_DA
 .text.vSdCmd   0x00000000080009a0       0x40 Core/Src/LCD_TFT.o
                0x00000000080009a0                vSdCmd
 .text.vSdData  0x00000000080009e0       0x40 Core/Src/LCD_TFT.o
                0x00000000080009e0                vSdData
 .text.data_out_16
                0x0000000008000a20       0x16 Core/Src/LCD_TFT.o
                0x0000000008000a20                data_out_16
 .text.lcd_address
                0x0000000008000a36       0x3c Core/Src/LCD_TFT.o
                0x0000000008000a36                lcd_address
 .text.TFT_Disp128160
                0x0000000008000a72       0x38 Core/Src/LCD_TFT.o
                0x0000000008000a72                TFT_Disp128160
 .text.display_color
                0x0000000008000aaa       0x24 Core/Src/LCD_TFT.o
                0x0000000008000aaa                display_color
 *fill*         0x0000000008000ace        0x2 
 .text.lcd_init
                0x0000000008000ad0       0x88 Core/Src/LCD_TFT.o
                0x0000000008000ad0                lcd_init
 .text.MX_GPIO_Init
                0x0000000008000b58      0x188 Core/Src/gpio.o
                0x0000000008000b58                MX_GPIO_Init
 .text.delay_init
                0x0000000008000ce0       0x14 Core/Src/main.o
                0x0000000008000ce0                delay_init
 .text.delay_us1
                0x0000000008000cf4       0x30 Core/Src/main.o
                0x0000000008000cf4                delay_us1
 .text.SystemClock_Config
                0x0000000008000d24       0x6e Core/Src/main.o
                0x0000000008000d24                SystemClock_Config
 *fill*         0x0000000008000d92        0x2 
 .text.HAL_TIM_PeriodElapsedCallback
                0x0000000008000d94      0x2ac Core/Src/main.o
                0x0000000008000d94                HAL_TIM_PeriodElapsedCallback
 .text.HAL_UART_RxCpltCallback
                0x0000000008001040       0x60 Core/Src/main.o
                0x0000000008001040                HAL_UART_RxCpltCallback
 .text.IOT_PROCESS
                0x00000000080010a0      0x228 Core/Src/main.o
                0x00000000080010a0                IOT_PROCESS
 .text.startup.main
                0x00000000080012c8      0x134 Core/Src/main.o
                0x00000000080012c8                main
 .text.Error_Handler
                0x00000000080013fc        0x2 Core/Src/main.o
                0x00000000080013fc                Error_Handler
 *fill*         0x00000000080013fe        0x2 
 .text.HAL_MspInit
                0x0000000008001400       0x44 Core/Src/stm32f1xx_hal_msp.o
                0x0000000008001400                HAL_MspInit
 .text.NMI_Handler
                0x0000000008001444        0x2 Core/Src/stm32f1xx_it.o
                0x0000000008001444                NMI_Handler
 .text.HardFault_Handler
                0x0000000008001446        0x2 Core/Src/stm32f1xx_it.o
                0x0000000008001446                HardFault_Handler
 .text.MemManage_Handler
                0x0000000008001448        0x2 Core/Src/stm32f1xx_it.o
                0x0000000008001448                MemManage_Handler
 .text.BusFault_Handler
                0x000000000800144a        0x2 Core/Src/stm32f1xx_it.o
                0x000000000800144a                BusFault_Handler
 .text.UsageFault_Handler
                0x000000000800144c        0x2 Core/Src/stm32f1xx_it.o
                0x000000000800144c                UsageFault_Handler
 .text.SVC_Handler
                0x000000000800144e        0x2 Core/Src/stm32f1xx_it.o
                0x000000000800144e                SVC_Handler
 .text.DebugMon_Handler
                0x0000000008001450        0x2 Core/Src/stm32f1xx_it.o
                0x0000000008001450                DebugMon_Handler
 .text.PendSV_Handler
                0x0000000008001452        0x2 Core/Src/stm32f1xx_it.o
                0x0000000008001452                PendSV_Handler
 .text.SysTick_Handler
                0x0000000008001454        0x4 Core/Src/stm32f1xx_it.o
                0x0000000008001454                SysTick_Handler
 .text.TIM2_IRQHandler
                0x0000000008001458        0xc Core/Src/stm32f1xx_it.o
                0x0000000008001458                TIM2_IRQHandler
 .text.TIM3_IRQHandler
                0x0000000008001464        0xc Core/Src/stm32f1xx_it.o
                0x0000000008001464                TIM3_IRQHandler
 .text.TIM4_IRQHandler
                0x0000000008001470        0xc Core/Src/stm32f1xx_it.o
                0x0000000008001470                TIM4_IRQHandler
 .text.USART3_IRQHandler
                0x000000000800147c        0xc Core/Src/stm32f1xx_it.o
                0x000000000800147c                USART3_IRQHandler
 .text.SystemInit
                0x0000000008001488       0x4c Core/Src/system_stm32f1xx.o
                0x0000000008001488                SystemInit
 .text.MX_TIM2_Init
                0x00000000080014d4       0x68 Core/Src/tim.o
                0x00000000080014d4                MX_TIM2_Init
 .text.MX_TIM3_Init
                0x000000000800153c       0x68 Core/Src/tim.o
                0x000000000800153c                MX_TIM3_Init
 .text.MX_TIM4_Init
                0x00000000080015a4       0x68 Core/Src/tim.o
                0x00000000080015a4                MX_TIM4_Init
 .text.MX_TIM5_Init
                0x000000000800160c       0x68 Core/Src/tim.o
                0x000000000800160c                MX_TIM5_Init
 .text.HAL_TIM_Base_MspInit
                0x0000000008001674       0xb8 Core/Src/tim.o
                0x0000000008001674                HAL_TIM_Base_MspInit
 .text.MX_USART2_UART_Init
                0x000000000800172c       0x38 Core/Src/usart.o
                0x000000000800172c                MX_USART2_UART_Init
 .text.MX_USART3_UART_Init
                0x0000000008001764       0x38 Core/Src/usart.o
                0x0000000008001764                MX_USART3_UART_Init
 .text.HAL_UART_MspInit
                0x000000000800179c       0xe8 Core/Src/usart.o
                0x000000000800179c                HAL_UART_MspInit
 .text.MX_USB_PCD_Init
                0x0000000008001884       0x30 Core/Src/usb.o
                0x0000000008001884                MX_USB_PCD_Init
 .text.HAL_PCD_MspInit
                0x00000000080018b4       0x28 Core/Src/usb.o
                0x00000000080018b4                HAL_PCD_MspInit
 .text.reset_ws2812
                0x00000000080018dc       0x18 Core/Src/ws2812.o
                0x00000000080018dc                reset_ws2812
 .text.reset_ws2812_1
                0x00000000080018f4       0x18 Core/Src/ws2812.o
                0x00000000080018f4                reset_ws2812_1
 .text.WS2812_BYTE_1
                0x000000000800190c       0xf4 Core/Src/ws2812.o
                0x000000000800190c                WS2812_BYTE_1
 .text.WS2812_BYTE
                0x0000000008001a00       0xf4 Core/Src/ws2812.o
                0x0000000008001a00                WS2812_BYTE
 .text.send_single_data
                0x0000000008001af4       0x38 Core/Src/ws2812.o
                0x0000000008001af4                send_single_data
 .text.send_string_data
                0x0000000008001b2c       0x16 Core/Src/ws2812.o
                0x0000000008001b2c                send_string_data
 *fill*         0x0000000008001b42        0x2 
 .text.send_single_data1
                0x0000000008001b44       0x38 Core/Src/ws2812.o
                0x0000000008001b44                send_single_data1
 .text.send_string_data1
                0x0000000008001b7c       0x18 Core/Src/ws2812.o
                0x0000000008001b7c                send_string_data1
 .text.send_image
                0x0000000008001b94       0x2e Core/Src/ws2812.o
                0x0000000008001b94                send_image
 *fill*         0x0000000008001bc2        0x2 
 .text.RGB_close
                0x0000000008001bc4       0x2c Core/Src/ws2812.o
                0x0000000008001bc4                RGB_close
 .text.RGB_close1
                0x0000000008001bf0       0x2c Core/Src/ws2812.o
                0x0000000008001bf0                RGB_close1
 .text.Reset_Handler
                0x0000000008001c1c       0x48 Core/Startup/startup_stm32f103rdtx.o
                0x0000000008001c1c                Reset_Handler
 .text.Default_Handler
                0x0000000008001c64        0x2 Core/Startup/startup_stm32f103rdtx.o
                0x0000000008001c64                RTC_Alarm_IRQHandler
                0x0000000008001c64                EXTI2_IRQHandler
                0x0000000008001c64                TIM8_TRG_COM_IRQHandler
                0x0000000008001c64                TIM8_CC_IRQHandler
                0x0000000008001c64                TIM1_CC_IRQHandler
                0x0000000008001c64                TIM6_IRQHandler
                0x0000000008001c64                PVD_IRQHandler
                0x0000000008001c64                SDIO_IRQHandler
                0x0000000008001c64                EXTI3_IRQHandler
                0x0000000008001c64                EXTI0_IRQHandler
                0x0000000008001c64                I2C2_EV_IRQHandler
                0x0000000008001c64                ADC1_2_IRQHandler
                0x0000000008001c64                SPI1_IRQHandler
                0x0000000008001c64                TAMPER_IRQHandler
                0x0000000008001c64                TIM8_UP_IRQHandler
                0x0000000008001c64                DMA2_Channel2_IRQHandler
                0x0000000008001c64                DMA1_Channel4_IRQHandler
                0x0000000008001c64                RTC_IRQHandler
                0x0000000008001c64                DMA1_Channel7_IRQHandler
                0x0000000008001c64                CAN1_RX1_IRQHandler
                0x0000000008001c64                UART5_IRQHandler
                0x0000000008001c64                ADC3_IRQHandler
                0x0000000008001c64                DMA2_Channel1_IRQHandler
                0x0000000008001c64                I2C1_EV_IRQHandler
                0x0000000008001c64                DMA1_Channel6_IRQHandler
                0x0000000008001c64                UART4_IRQHandler
                0x0000000008001c64                RCC_IRQHandler
                0x0000000008001c64                TIM1_TRG_COM_IRQHandler
                0x0000000008001c64                DMA1_Channel1_IRQHandler
                0x0000000008001c64                Default_Handler
                0x0000000008001c64                EXTI15_10_IRQHandler
                0x0000000008001c64                TIM7_IRQHandler
                0x0000000008001c64                TIM5_IRQHandler
                0x0000000008001c64                EXTI9_5_IRQHandler
                0x0000000008001c64                SPI2_IRQHandler
                0x0000000008001c64                DMA1_Channel5_IRQHandler
                0x0000000008001c64                EXTI4_IRQHandler
                0x0000000008001c64                USB_LP_CAN1_RX0_IRQHandler
                0x0000000008001c64                USB_HP_CAN1_TX_IRQHandler
                0x0000000008001c64                DMA1_Channel3_IRQHandler
                0x0000000008001c64                FSMC_IRQHandler
                0x0000000008001c64                TIM1_UP_IRQHandler
                0x0000000008001c64                WWDG_IRQHandler
                0x0000000008001c64                TIM1_BRK_IRQHandler
                0x0000000008001c64                EXTI1_IRQHandler
                0x0000000008001c64                DMA2_Channel4_5_IRQHandler
                0x0000000008001c64                USART2_IRQHandler
                0x0000000008001c64                I2C2_ER_IRQHandler
                0x0000000008001c64                DMA1_Channel2_IRQHandler
                0x0000000008001c64                TIM8_BRK_IRQHandler
                0x0000000008001c64                CAN1_SCE_IRQHandler
                0x0000000008001c64                FLASH_IRQHandler
                0x0000000008001c64                USART1_IRQHandler
                0x0000000008001c64                SPI3_IRQHandler
                0x0000000008001c64                I2C1_ER_IRQHandler
                0x0000000008001c64                USBWakeUp_IRQHandler
                0x0000000008001c64                DMA2_Channel3_IRQHandler
 *fill*         0x0000000008001c66        0x2 
 .text.HAL_InitTick
                0x0000000008001c68       0x48 Drivers/STM32F1xx_HAL_Driver/Src/stm32f1xx_hal.o
                0x0000000008001c68                HAL_InitTick
 .text.HAL_Init
                0x0000000008001cb0       0x24 Drivers/STM32F1xx_HAL_Driver/Src/stm32f1xx_hal.o
                0x0000000008001cb0                HAL_Init
 .text.HAL_IncTick
                0x0000000008001cd4       0x18 Drivers/STM32F1xx_HAL_Driver/Src/stm32f1xx_hal.o
                0x0000000008001cd4                HAL_IncTick
 .text.HAL_GetTick
                0x0000000008001cec        0xc Drivers/STM32F1xx_HAL_Driver/Src/stm32f1xx_hal.o
                0x0000000008001cec                HAL_GetTick
 .text.HAL_Delay
                0x0000000008001cf8       0x24 Drivers/STM32F1xx_HAL_Driver/Src/stm32f1xx_hal.o
                0x0000000008001cf8                HAL_Delay
 .text.HAL_NVIC_SetPriorityGrouping
                0x0000000008001d1c       0x24 Drivers/STM32F1xx_HAL_Driver/Src/stm32f1xx_hal_cortex.o
                0x0000000008001d1c                HAL_NVIC_SetPriorityGrouping
 .text.HAL_NVIC_SetPriority
                0x0000000008001d40       0x68 Drivers/STM32F1xx_HAL_Driver/Src/stm32f1xx_hal_cortex.o
                0x0000000008001d40                HAL_NVIC_SetPriority
 .text.HAL_NVIC_EnableIRQ
                0x0000000008001da8       0x1c Drivers/STM32F1xx_HAL_Driver/Src/stm32f1xx_hal_cortex.o
                0x0000000008001da8                HAL_NVIC_EnableIRQ
 .text.HAL_SYSTICK_Config
                0x0000000008001dc4       0x2c Drivers/STM32F1xx_HAL_Driver/Src/stm32f1xx_hal_cortex.o
                0x0000000008001dc4                HAL_SYSTICK_Config
 .text.HAL_SYSTICK_CLKSourceConfig
                0x0000000008001df0       0x18 Drivers/STM32F1xx_HAL_Driver/Src/stm32f1xx_hal_cortex.o
                0x0000000008001df0                HAL_SYSTICK_CLKSourceConfig
 .text.HAL_DMA_Abort_IT
                0x0000000008001e08      0x144 Drivers/STM32F1xx_HAL_Driver/Src/stm32f1xx_hal_dma.o
                0x0000000008001e08                HAL_DMA_Abort_IT
 .text.HAL_GPIO_Init
                0x0000000008001f4c      0x1d8 Drivers/STM32F1xx_HAL_Driver/Src/stm32f1xx_hal_gpio.o
                0x0000000008001f4c                HAL_GPIO_Init
 .text.HAL_GPIO_ReadPin
                0x0000000008002124        0xc Drivers/STM32F1xx_HAL_Driver/Src/stm32f1xx_hal_gpio.o
                0x0000000008002124                HAL_GPIO_ReadPin
 .text.HAL_GPIO_WritePin
                0x0000000008002130        0xa Drivers/STM32F1xx_HAL_Driver/Src/stm32f1xx_hal_gpio.o
                0x0000000008002130                HAL_GPIO_WritePin
 .text.HAL_GPIO_TogglePin
                0x000000000800213a        0xc Drivers/STM32F1xx_HAL_Driver/Src/stm32f1xx_hal_gpio.o
                0x000000000800213a                HAL_GPIO_TogglePin
 .text.HAL_PCD_Init
                0x0000000008002146       0xea Drivers/STM32F1xx_HAL_Driver/Src/stm32f1xx_hal_pcd.o
                0x0000000008002146                HAL_PCD_Init
 .text.HAL_RCC_OscConfig
                0x0000000008002230      0x33c Drivers/STM32F1xx_HAL_Driver/Src/stm32f1xx_hal_rcc.o
                0x0000000008002230                HAL_RCC_OscConfig
 .text.HAL_RCC_GetSysClockFreq
                0x000000000800256c       0x74 Drivers/STM32F1xx_HAL_Driver/Src/stm32f1xx_hal_rcc.o
                0x000000000800256c                HAL_RCC_GetSysClockFreq
 .text.HAL_RCC_ClockConfig
                0x00000000080025e0      0x138 Drivers/STM32F1xx_HAL_Driver/Src/stm32f1xx_hal_rcc.o
                0x00000000080025e0                HAL_RCC_ClockConfig
 .text.HAL_RCC_GetPCLK1Freq
                0x0000000008002718       0x20 Drivers/STM32F1xx_HAL_Driver/Src/stm32f1xx_hal_rcc.o
                0x0000000008002718                HAL_RCC_GetPCLK1Freq
 .text.HAL_RCC_GetPCLK2Freq
                0x0000000008002738       0x20 Drivers/STM32F1xx_HAL_Driver/Src/stm32f1xx_hal_rcc.o
                0x0000000008002738                HAL_RCC_GetPCLK2Freq
 .text.HAL_RCCEx_PeriphCLKConfig
                0x0000000008002758       0xf0 Drivers/STM32F1xx_HAL_Driver/Src/stm32f1xx_hal_rcc_ex.o
                0x0000000008002758                HAL_RCCEx_PeriphCLKConfig
 .text.HAL_TIM_Base_Start_IT
                0x0000000008002848       0x20 Drivers/STM32F1xx_HAL_Driver/Src/stm32f1xx_hal_tim.o
                0x0000000008002848                HAL_TIM_Base_Start_IT
 .text.HAL_TIM_Base_Stop_IT
                0x0000000008002868       0x2a Drivers/STM32F1xx_HAL_Driver/Src/stm32f1xx_hal_tim.o
                0x0000000008002868                HAL_TIM_Base_Stop_IT
 .text.HAL_TIM_OC_DelayElapsedCallback
                0x0000000008002892        0x2 Drivers/STM32F1xx_HAL_Driver/Src/stm32f1xx_hal_tim.o
                0x0000000008002892                HAL_TIM_OC_DelayElapsedCallback
 .text.HAL_TIM_IC_CaptureCallback
                0x0000000008002894        0x2 Drivers/STM32F1xx_HAL_Driver/Src/stm32f1xx_hal_tim.o
                0x0000000008002894                HAL_TIM_IC_CaptureCallback
 .text.HAL_TIM_PWM_PulseFinishedCallback
                0x0000000008002896        0x2 Drivers/STM32F1xx_HAL_Driver/Src/stm32f1xx_hal_tim.o
                0x0000000008002896                HAL_TIM_PWM_PulseFinishedCallback
 .text.HAL_TIM_TriggerCallback
                0x0000000008002898        0x2 Drivers/STM32F1xx_HAL_Driver/Src/stm32f1xx_hal_tim.o
                0x0000000008002898                HAL_TIM_TriggerCallback
 .text.HAL_TIM_IRQHandler
                0x000000000800289a      0x144 Drivers/STM32F1xx_HAL_Driver/Src/stm32f1xx_hal_tim.o
                0x000000000800289a                HAL_TIM_IRQHandler
 *fill*         0x00000000080029de        0x2 
 .text.TIM_Base_SetConfig
                0x00000000080029e0       0x98 Drivers/STM32F1xx_HAL_Driver/Src/stm32f1xx_hal_tim.o
                0x00000000080029e0                TIM_Base_SetConfig
 .text.HAL_TIM_Base_Init
                0x0000000008002a78       0x34 Drivers/STM32F1xx_HAL_Driver/Src/stm32f1xx_hal_tim.o
                0x0000000008002a78                HAL_TIM_Base_Init
 .text.TIM_ETR_SetConfig
                0x0000000008002aac       0x14 Drivers/STM32F1xx_HAL_Driver/Src/stm32f1xx_hal_tim.o
                0x0000000008002aac                TIM_ETR_SetConfig
 .text.HAL_TIM_ConfigClockSource
                0x0000000008002ac0      0x128 Drivers/STM32F1xx_HAL_Driver/Src/stm32f1xx_hal_tim.o
                0x0000000008002ac0                HAL_TIM_ConfigClockSource
 .text.HAL_TIMEx_MasterConfigSynchronization
                0x0000000008002be8       0x3c Drivers/STM32F1xx_HAL_Driver/Src/stm32f1xx_hal_tim_ex.o
                0x0000000008002be8                HAL_TIMEx_MasterConfigSynchronization
 .text.HAL_TIMEx_CommutCallback
                0x0000000008002c24        0x2 Drivers/STM32F1xx_HAL_Driver/Src/stm32f1xx_hal_tim_ex.o
                0x0000000008002c24                HAL_TIMEx_CommutCallback
 .text.HAL_TIMEx_BreakCallback
                0x0000000008002c26        0x2 Drivers/STM32F1xx_HAL_Driver/Src/stm32f1xx_hal_tim_ex.o
                0x0000000008002c26                HAL_TIMEx_BreakCallback
 .text.UART_EndRxTransfer
                0x0000000008002c28       0x1a Drivers/STM32F1xx_HAL_Driver/Src/stm32f1xx_hal_uart.o
 *fill*         0x0000000008002c42        0x2 
 .text.UART_SetConfig
                0x0000000008002c44       0x74 Drivers/STM32F1xx_HAL_Driver/Src/stm32f1xx_hal_uart.o
 .text.HAL_UART_Init
                0x0000000008002cb8       0x5c Drivers/STM32F1xx_HAL_Driver/Src/stm32f1xx_hal_uart.o
                0x0000000008002cb8                HAL_UART_Init
 .text.HAL_UART_Receive_IT
                0x0000000008002d14       0x4e Drivers/STM32F1xx_HAL_Driver/Src/stm32f1xx_hal_uart.o
                0x0000000008002d14                HAL_UART_Receive_IT
 .text.HAL_UART_TxCpltCallback
                0x0000000008002d62        0x2 Drivers/STM32F1xx_HAL_Driver/Src/stm32f1xx_hal_uart.o
                0x0000000008002d62                HAL_UART_TxCpltCallback
 .text.UART_Receive_IT
                0x0000000008002d64       0x76 Drivers/STM32F1xx_HAL_Driver/Src/stm32f1xx_hal_uart.o
 .text.HAL_UART_ErrorCallback
                0x0000000008002dda        0x2 Drivers/STM32F1xx_HAL_Driver/Src/stm32f1xx_hal_uart.o
                0x0000000008002dda                HAL_UART_ErrorCallback
 .text.HAL_UART_IRQHandler
                0x0000000008002ddc      0x140 Drivers/STM32F1xx_HAL_Driver/Src/stm32f1xx_hal_uart.o
                0x0000000008002ddc                HAL_UART_IRQHandler
 .text.UART_DMAAbortOnError
                0x0000000008002f1c       0x10 Drivers/STM32F1xx_HAL_Driver/Src/stm32f1xx_hal_uart.o
 .text.USB_CoreInit
                0x0000000008002f2c        0xe Drivers/STM32F1xx_HAL_Driver/Src/stm32f1xx_ll_usb.o
                0x0000000008002f2c                USB_CoreInit
 .text.USB_DisableGlobalInt
                0x0000000008002f3a       0x14 Drivers/STM32F1xx_HAL_Driver/Src/stm32f1xx_ll_usb.o
                0x0000000008002f3a                USB_DisableGlobalInt
 .text.USB_SetCurrentMode
                0x0000000008002f4e        0x4 Drivers/STM32F1xx_HAL_Driver/Src/stm32f1xx_ll_usb.o
                0x0000000008002f4e                USB_SetCurrentMode
 .text.USB_DevInit
                0x0000000008002f52       0x34 Drivers/STM32F1xx_HAL_Driver/Src/stm32f1xx_ll_usb.o
                0x0000000008002f52                USB_DevInit
 .text.USB_DevDisconnect
                0x0000000008002f86        0x4 Drivers/STM32F1xx_HAL_Driver/Src/stm32f1xx_ll_usb.o
                0x0000000008002f86                USB_DevDisconnect
 *fill*         0x0000000008002f8a        0x2 
 .text.__libc_init_array
                0x0000000008002f8c       0x48 e:/st/stm32cubeide_1.3.0/stm32cubeide/plugins/com.st.stm32cube.ide.mcu.externaltools.gnu-tools-for-stm32.7-2018-q2-update.win32_1.0.0.201904181610/tools/bin/../lib/gcc/arm-none-eabi/7.3.1/../../../../arm-none-eabi/lib/thumb/v7-m\libc_nano.a(lib_a-init.o)
                0x0000000008002f8c                __libc_init_array
 .text.memset   0x0000000008002fd4       0x10 e:/st/stm32cubeide_1.3.0/stm32cubeide/plugins/com.st.stm32cube.ide.mcu.externaltools.gnu-tools-for-stm32.7-2018-q2-update.win32_1.0.0.201904181610/tools/bin/../lib/gcc/arm-none-eabi/7.3.1/../../../../arm-none-eabi/lib/thumb/v7-m\libc_nano.a(lib_a-memset.o)
                0x0000000008002fd4                memset
 *(.glue_7)
 .glue_7        0x0000000008002fe4        0x0 linker stubs
 *(.glue_7t)
 .glue_7t       0x0000000008002fe4        0x0 linker stubs
 *(.eh_frame)
 .eh_frame      0x0000000008002fe4        0x0 e:/st/stm32cubeide_1.3.0/stm32cubeide/plugins/com.st.stm32cube.ide.mcu.externaltools.gnu-tools-for-stm32.7-2018-q2-update.win32_1.0.0.201904181610/tools/bin/../lib/gcc/arm-none-eabi/7.3.1/thumb/v7-m/crtbegin.o
 *(.init)
 .init          0x0000000008002fe4        0x4 e:/st/stm32cubeide_1.3.0/stm32cubeide/plugins/com.st.stm32cube.ide.mcu.externaltools.gnu-tools-for-stm32.7-2018-q2-update.win32_1.0.0.201904181610/tools/bin/../lib/gcc/arm-none-eabi/7.3.1/thumb/v7-m/crti.o
                0x0000000008002fe4                _init
 .init          0x0000000008002fe8        0x8 e:/st/stm32cubeide_1.3.0/stm32cubeide/plugins/com.st.stm32cube.ide.mcu.externaltools.gnu-tools-for-stm32.7-2018-q2-update.win32_1.0.0.201904181610/tools/bin/../lib/gcc/arm-none-eabi/7.3.1/thumb/v7-m/crtn.o
 *(.fini)
 .fini          0x0000000008002ff0        0x4 e:/st/stm32cubeide_1.3.0/stm32cubeide/plugins/com.st.stm32cube.ide.mcu.externaltools.gnu-tools-for-stm32.7-2018-q2-update.win32_1.0.0.201904181610/tools/bin/../lib/gcc/arm-none-eabi/7.3.1/thumb/v7-m/crti.o
                0x0000000008002ff0                _fini
 .fini          0x0000000008002ff4        0x8 e:/st/stm32cubeide_1.3.0/stm32cubeide/plugins/com.st.stm32cube.ide.mcu.externaltools.gnu-tools-for-stm32.7-2018-q2-update.win32_1.0.0.201904181610/tools/bin/../lib/gcc/arm-none-eabi/7.3.1/thumb/v7-m/crtn.o
                0x0000000008002ffc                . = ALIGN (0x4)
                0x0000000008002ffc                _etext = .

.vfp11_veneer   0x0000000008002ffc        0x0
 .vfp11_veneer  0x0000000008002ffc        0x0 linker stubs

.v4_bx          0x0000000008002ffc        0x0
 .v4_bx         0x0000000008002ffc        0x0 linker stubs

.iplt           0x0000000008002ffc        0x0
 .iplt          0x0000000008002ffc        0x0 e:/st/stm32cubeide_1.3.0/stm32cubeide/plugins/com.st.stm32cube.ide.mcu.externaltools.gnu-tools-for-stm32.7-2018-q2-update.win32_1.0.0.201904181610/tools/bin/../lib/gcc/arm-none-eabi/7.3.1/thumb/v7-m/crtbegin.o

.rodata         0x0000000008002ffc     0xa120
                0x0000000008002ffc                . = ALIGN (0x4)
 *(.rodata)
 .rodata        0x0000000008002ffc       0x10 Drivers/STM32F1xx_HAL_Driver/Src/stm32f1xx_hal_rcc.o
 *(.rodata*)
 .rodata.CC2520_PackHead
                0x000000000800300c       0x18 Core/Src/CC2520.o
                0x000000000800300c                CC2520_PackHead
 .rodata.gImage_3
                0x0000000008003024       0xd8 Core/Src/LCD_TFT.o
                0x0000000008003024                gImage_3
 .rodata.gImage_Peaks_logo
                0x00000000080030fc     0xa008 Core/Src/LCD_TFT.o
                0x00000000080030fc                gImage_Peaks_logo
 .rodata.AHBPrescTable
                0x000000000800d104       0x10 Core/Src/system_stm32f1xx.o
                0x000000000800d104                AHBPrescTable
 .rodata.APBPrescTable
                0x000000000800d114        0x8 Core/Src/system_stm32f1xx.o
                0x000000000800d114                APBPrescTable
                0x000000000800d11c                . = ALIGN (0x4)

.rel.dyn        0x000000000800d11c        0x0
 .rel.iplt      0x000000000800d11c        0x0 e:/st/stm32cubeide_1.3.0/stm32cubeide/plugins/com.st.stm32cube.ide.mcu.externaltools.gnu-tools-for-stm32.7-2018-q2-update.win32_1.0.0.201904181610/tools/bin/../lib/gcc/arm-none-eabi/7.3.1/thumb/v7-m/crtbegin.o

.ARM.extab      0x000000000800d11c        0x0
                0x000000000800d11c                . = ALIGN (0x4)
 *(.ARM.extab* .gnu.linkonce.armextab.*)
                0x000000000800d11c                . = ALIGN (0x4)

.ARM            0x000000000800d11c        0x0
                0x000000000800d11c                . = ALIGN (0x4)
                0x000000000800d11c                __exidx_start = .
 *(.ARM.exidx*)
                0x000000000800d11c                __exidx_end = .
                0x000000000800d11c                . = ALIGN (0x4)

.preinit_array  0x000000000800d11c        0x0
                0x000000000800d11c                . = ALIGN (0x4)
                0x000000000800d11c                PROVIDE (__preinit_array_start = .)
 *(.preinit_array*)
                0x000000000800d11c                PROVIDE (__preinit_array_end = .)
                0x000000000800d11c                . = ALIGN (0x4)

.init_array     0x000000000800d11c        0x4
                0x000000000800d11c                . = ALIGN (0x4)
                0x000000000800d11c                PROVIDE (__init_array_start = .)
 *(SORT_BY_NAME(.init_array.*))
 *(.init_array*)
 .init_array    0x000000000800d11c        0x4 e:/st/stm32cubeide_1.3.0/stm32cubeide/plugins/com.st.stm32cube.ide.mcu.externaltools.gnu-tools-for-stm32.7-2018-q2-update.win32_1.0.0.201904181610/tools/bin/../lib/gcc/arm-none-eabi/7.3.1/thumb/v7-m/crtbegin.o
                0x000000000800d120                PROVIDE (__init_array_end = .)
                0x000000000800d120                . = ALIGN (0x4)

.fini_array     0x000000000800d120        0x4
                0x000000000800d120                . = ALIGN (0x4)
                [!provide]                        PROVIDE (__fini_array_start = .)
 *(SORT_BY_NAME(.fini_array.*))
 *(.fini_array*)
 .fini_array    0x000000000800d120        0x4 e:/st/stm32cubeide_1.3.0/stm32cubeide/plugins/com.st.stm32cube.ide.mcu.externaltools.gnu-tools-for-stm32.7-2018-q2-update.win32_1.0.0.201904181610/tools/bin/../lib/gcc/arm-none-eabi/7.3.1/thumb/v7-m/crtbegin.o
                [!provide]                        PROVIDE (__fini_array_end = .)
                0x000000000800d124                . = ALIGN (0x4)
                0x000000000800d124                _sidata = LOADADDR (.data)

.data           0x0000000020000000       0x20 load address 0x000000000800d124
                0x0000000020000000                . = ALIGN (0x4)
                0x0000000020000000                _sdata = .
 *(.data)
 *(.data*)
 .data.CC2520_Source_IEEEAddr
                0x0000000020000000        0x8 Core/Src/CC2520.o
                0x0000000020000000                CC2520_Source_IEEEAddr
 .data.CC2520_Source_PANID
                0x0000000020000008        0x2 Core/Src/CC2520.o
                0x0000000020000008                CC2520_Source_PANID
 .data.TX_BUFF_WENXIN
                0x000000002000000a        0x7 Core/Src/main.o
                0x000000002000000a                TX_BUFF_WENXIN
 *fill*         0x0000000020000011        0x3 
 .data.SystemCoreClock
                0x0000000020000014        0x4 Core/Src/system_stm32f1xx.o
                0x0000000020000014                SystemCoreClock
 .data.uwTickFreq
                0x0000000020000018        0x1 Drivers/STM32F1xx_HAL_Driver/Src/stm32f1xx_hal.o
                0x0000000020000018                uwTickFreq
 *fill*         0x0000000020000019        0x3 
 .data.uwTickPrio
                0x000000002000001c        0x4 Drivers/STM32F1xx_HAL_Driver/Src/stm32f1xx_hal.o
                0x000000002000001c                uwTickPrio
                0x0000000020000020                . = ALIGN (0x4)
                0x0000000020000020                _edata = .

.igot.plt       0x0000000020000020        0x0 load address 0x000000000800d144
 .igot.plt      0x0000000020000020        0x0 e:/st/stm32cubeide_1.3.0/stm32cubeide/plugins/com.st.stm32cube.ide.mcu.externaltools.gnu-tools-for-stm32.7-2018-q2-update.win32_1.0.0.201904181610/tools/bin/../lib/gcc/arm-none-eabi/7.3.1/thumb/v7-m/crtbegin.o
                0x0000000020000020                . = ALIGN (0x4)

.bss            0x0000000020000020      0xd98 load address 0x000000000800d144
                0x0000000020000020                _sbss = .
                0x0000000020000020                __bss_start__ = _sbss
 *(.bss)
 .bss           0x0000000020000020       0x1c e:/st/stm32cubeide_1.3.0/stm32cubeide/plugins/com.st.stm32cube.ide.mcu.externaltools.gnu-tools-for-stm32.7-2018-q2-update.win32_1.0.0.201904181610/tools/bin/../lib/gcc/arm-none-eabi/7.3.1/thumb/v7-m/crtbegin.o
 *(.bss*)
 .bss.time3_20ms
                0x000000002000003c        0x2 Core/Src/main.o
                0x000000002000003c                time3_20ms
 *(COMMON)
 *fill*         0x000000002000003e        0x2 
 COMMON         0x0000000020000040      0x57c Core/Src/CC2520.o
                0x0000000020000040                cc2520_senser_count
                0x0000000020000041                rx2_byte_count
                0x0000000020000042                g_u8Flag0
                0x0000000020000043                g_u8Flag3
                0x0000000020000044                rx2_byte_limit
                0x0000000020000045                g_u8Flag1
                0x0000000020000046                g_u8Flag6
                0x0000000020000047                RF_BadCycCnt
                0x0000000020000048                ADDR
                0x0000000020000049                rx2_buff
                0x000000002000014c                time_cc2520_no_rx
                0x0000000020000150                g_u8Flag_qian
                0x0000000020000151                g_u8Flag2
                0x0000000020000154                ptr
                0x0000000020000158                fre_set_temp
                0x0000000020000159                tx2_buff
                0x0000000020000259                fre_set_change
                0x000000002000025a                rx1_byte_count
                0x000000002000025b                g_u8Flag_hou
                0x000000002000025c                g_u8Flag4
                0x000000002000025d                tx1_byte_limit
                0x000000002000025e                CRC_HIG
                0x000000002000025f                tx2_byte_limit
                0x0000000020000260                rx1_byte_limit
                0x0000000020000261                rx1_buff
                0x0000000020000364                time_delay
                0x0000000020000368                tx1_byte_count
                0x0000000020000369                tx1_buff
                0x0000000020000469                g_u8Flag_no_fault
                0x000000002000046a                fre_set
                0x000000002000046b                cc2520_rx
                0x000000002000052b                g_u8Flag5
                0x000000002000052c                cc2520_rx_cycle
                0x0000000020000530                CRC_LOW
                0x0000000020000531                CC2520_WorkFreqIndex
                0x0000000020000534                time_display
                0x0000000020000538                CC2520_PSDU
                0x00000000200005b8                tx2_byte_count
                0x00000000200005b9                rc1timer
                0x00000000200005ba                cc2520_rx_count
                0x00000000200005bb                rc2timer
 COMMON         0x00000000200005bc      0x57e Core/Src/main.o
                0x00000000200005bc                delta_RG
                0x00000000200005c0                htim4
                0x0000000020000600                Rx_LEN
                0x0000000020000604                huart3
                0x0000000020000644                tim2_counter
                0x0000000020000645                Rxbuff1
                0x0000000020000665                bRxBuffer
                0x000000002000072d                R_BIT
                0x000000002000072e                G_BIT
                0x000000002000072f                Rx_Num_UART1
                0x0000000020000730                dRxBuffer
                0x000000002000073d                B_DATA
                0x0000000020000740                Rx_count_UART3
                0x0000000020000744                htim5
                0x0000000020000784                g_u8Time20ms_4
                0x0000000020000788                htim3
                0x00000000200007c8                fac_us
                0x00000000200007c9                i
                0x00000000200007ca                Rx_Num_UART3
                0x00000000200007cb                R_DATA
                0x00000000200007d0                huart1
                0x0000000020000810                delta_BX
                0x0000000020000811                g_u8Time20ms_7
                0x0000000020000812                cRxBuffer
                0x00000000200008da                delta_GB
                0x00000000200008db                g_u8Time20ms_2
                0x00000000200008dc                Rx_count_UART4
                0x00000000200008e0                htim6
                0x0000000020000920                htim1
                0x0000000020000960                G_DATA
                0x0000000020000963                Rx_count_UART1
                0x0000000020000964                g_u8Time20ms_5
                0x0000000020000965                Rx_count_UART2
                0x0000000020000966                TX_LEN
                0x0000000020000967                aRxBuffer
                0x0000000020000988                huart4
                0x00000000200009c8                Rxbuff2
                0x00000000200009e8                htim2
                0x0000000020000a28                Rx_Num_UART4
                0x0000000020000a29                B_BIT
                0x0000000020000a2c                huart2
                0x0000000020000a6c                Rxbuff3
                0x0000000020000b34                time_1ms
                0x0000000020000b36                g_u8Time20ms_1
                0x0000000020000b37                Rx_Num_UART2
                0x0000000020000b38                g_u8Time20ms_3
                0x0000000020000b39                g_u8Time20ms_6
 *fill*         0x0000000020000b3a        0x2 
 COMMON         0x0000000020000b3c      0x26c Core/Src/usb.o
                0x0000000020000b3c                hpcd_USB_FS
 COMMON         0x0000000020000da8        0xa Core/Src/ws2812.o
                0x0000000020000da8                GG
                0x0000000020000da9                RR2
                0x0000000020000daa                LED_DAT
                0x0000000020000dab                GG2
                0x0000000020000dac                BB2
                0x0000000020000dad                GG1
                0x0000000020000dae                RR
                0x0000000020000daf                BB1
                0x0000000020000db0                BB
                0x0000000020000db1                RR1
 *fill*         0x0000000020000db2        0x2 
 COMMON         0x0000000020000db4        0x4 Drivers/STM32F1xx_HAL_Driver/Src/stm32f1xx_hal.o
                0x0000000020000db4                uwTick
                0x0000000020000db8                . = ALIGN (0x4)
                0x0000000020000db8                _ebss = .
                0x0000000020000db8                __bss_end__ = _ebss

._user_heap_stack
                0x0000000020000db8      0x600 load address 0x000000000800d144
                0x0000000020000db8                . = ALIGN (0x8)
                0x0000000020000db8                PROVIDE (end = .)
                [!provide]                        PROVIDE (_end = .)
                0x0000000020000fb8                . = (. + _Min_Heap_Size)
 *fill*         0x0000000020000db8      0x200 
                0x00000000200013b8                . = (. + _Min_Stack_Size)
 *fill*         0x0000000020000fb8      0x400 
                0x00000000200013b8                . = ALIGN (0x8)

/DISCARD/
 libc.a(*)
 libm.a(*)
 libgcc.a(*)

.ARM.attributes
                0x0000000000000000       0x29
 *(.ARM.attributes)
 .ARM.attributes
                0x0000000000000000       0x1d e:/st/stm32cubeide_1.3.0/stm32cubeide/plugins/com.st.stm32cube.ide.mcu.externaltools.gnu-tools-for-stm32.7-2018-q2-update.win32_1.0.0.201904181610/tools/bin/../lib/gcc/arm-none-eabi/7.3.1/thumb/v7-m/crti.o
 .ARM.attributes
                0x000000000000001d       0x2d e:/st/stm32cubeide_1.3.0/stm32cubeide/plugins/com.st.stm32cube.ide.mcu.externaltools.gnu-tools-for-stm32.7-2018-q2-update.win32_1.0.0.201904181610/tools/bin/../lib/gcc/arm-none-eabi/7.3.1/thumb/v7-m/crtbegin.o
 .ARM.attributes
                0x000000000000004a       0x33 Core/Src/CC2520.o
 .ARM.attributes
                0x000000000000007d       0x33 Core/Src/LCD_TFT.o
 .ARM.attributes
                0x00000000000000b0       0x33 Core/Src/gpio.o
 .ARM.attributes
                0x00000000000000e3       0x33 Core/Src/main.o
 .ARM.attributes
                0x0000000000000116       0x33 Core/Src/stm32f1xx_hal_msp.o
 .ARM.attributes
                0x0000000000000149       0x33 Core/Src/stm32f1xx_it.o
 .ARM.attributes
                0x000000000000017c       0x33 Core/Src/system_stm32f1xx.o
 .ARM.attributes
                0x00000000000001af       0x33 Core/Src/tim.o
 .ARM.attributes
                0x00000000000001e2       0x33 Core/Src/usart.o
 .ARM.attributes
                0x0000000000000215       0x33 Core/Src/usb.o
 .ARM.attributes
                0x0000000000000248       0x33 Core/Src/ws2812.o
 .ARM.attributes
                0x000000000000027b       0x21 Core/Startup/startup_stm32f103rdtx.o
 .ARM.attributes
                0x000000000000029c       0x33 Drivers/STM32F1xx_HAL_Driver/Src/stm32f1xx_hal.o
 .ARM.attributes
                0x00000000000002cf       0x33 Drivers/STM32F1xx_HAL_Driver/Src/stm32f1xx_hal_cortex.o
 .ARM.attributes
                0x0000000000000302       0x33 Drivers/STM32F1xx_HAL_Driver/Src/stm32f1xx_hal_dma.o
 .ARM.attributes
                0x0000000000000335       0x33 Drivers/STM32F1xx_HAL_Driver/Src/stm32f1xx_hal_gpio.o
 .ARM.attributes
                0x0000000000000368       0x33 Drivers/STM32F1xx_HAL_Driver/Src/stm32f1xx_hal_pcd.o
 .ARM.attributes
                0x000000000000039b       0x33 Drivers/STM32F1xx_HAL_Driver/Src/stm32f1xx_hal_rcc.o
 .ARM.attributes
                0x00000000000003ce       0x33 Drivers/STM32F1xx_HAL_Driver/Src/stm32f1xx_hal_rcc_ex.o
 .ARM.attributes
                0x0000000000000401       0x33 Drivers/STM32F1xx_HAL_Driver/Src/stm32f1xx_hal_tim.o
 .ARM.attributes
                0x0000000000000434       0x33 Drivers/STM32F1xx_HAL_Driver/Src/stm32f1xx_hal_tim_ex.o
 .ARM.attributes
                0x0000000000000467       0x33 Drivers/STM32F1xx_HAL_Driver/Src/stm32f1xx_hal_uart.o
 .ARM.attributes
                0x000000000000049a       0x33 Drivers/STM32F1xx_HAL_Driver/Src/stm32f1xx_ll_usb.o
 .ARM.attributes
                0x00000000000004cd       0x2d e:/st/stm32cubeide_1.3.0/stm32cubeide/plugins/com.st.stm32cube.ide.mcu.externaltools.gnu-tools-for-stm32.7-2018-q2-update.win32_1.0.0.201904181610/tools/bin/../lib/gcc/arm-none-eabi/7.3.1/../../../../arm-none-eabi/lib/thumb/v7-m\libc_nano.a(lib_a-init.o)
 .ARM.attributes
                0x00000000000004fa       0x2d e:/st/stm32cubeide_1.3.0/stm32cubeide/plugins/com.st.stm32cube.ide.mcu.externaltools.gnu-tools-for-stm32.7-2018-q2-update.win32_1.0.0.201904181610/tools/bin/../lib/gcc/arm-none-eabi/7.3.1/../../../../arm-none-eabi/lib/thumb/v7-m\libc_nano.a(lib_a-memset.o)
 .ARM.attributes
                0x0000000000000527       0x1d e:/st/stm32cubeide_1.3.0/stm32cubeide/plugins/com.st.stm32cube.ide.mcu.externaltools.gnu-tools-for-stm32.7-2018-q2-update.win32_1.0.0.201904181610/tools/bin/../lib/gcc/arm-none-eabi/7.3.1/thumb/v7-m/crtn.o
OUTPUT(RGB_TEST_slave.elf elf32-littlearm)

.comment        0x0000000000000000       0x7b
 .comment       0x0000000000000000       0x7b Core/Src/CC2520.o
                                         0x7c (size before relaxing)
 .comment       0x000000000000007b       0x7c Core/Src/LCD_TFT.o
 .comment       0x000000000000007b       0x7c Core/Src/gpio.o
 .comment       0x000000000000007b       0x7c Core/Src/main.o
 .comment       0x000000000000007b       0x7c Core/Src/stm32f1xx_hal_msp.o
 .comment       0x000000000000007b       0x7c Core/Src/stm32f1xx_it.o
 .comment       0x000000000000007b       0x7c Core/Src/system_stm32f1xx.o
 .comment       0x000000000000007b       0x7c Core/Src/tim.o
 .comment       0x000000000000007b       0x7c Core/Src/usart.o
 .comment       0x000000000000007b       0x7c Core/Src/usb.o
 .comment       0x000000000000007b       0x7c Core/Src/ws2812.o
 .comment       0x000000000000007b       0x7c Drivers/STM32F1xx_HAL_Driver/Src/stm32f1xx_hal.o
 .comment       0x000000000000007b       0x7c Drivers/STM32F1xx_HAL_Driver/Src/stm32f1xx_hal_cortex.o
 .comment       0x000000000000007b       0x7c Drivers/STM32F1xx_HAL_Driver/Src/stm32f1xx_hal_dma.o
 .comment       0x000000000000007b       0x7c Drivers/STM32F1xx_HAL_Driver/Src/stm32f1xx_hal_gpio.o
 .comment       0x000000000000007b       0x7c Drivers/STM32F1xx_HAL_Driver/Src/stm32f1xx_hal_pcd.o
 .comment       0x000000000000007b       0x7c Drivers/STM32F1xx_HAL_Driver/Src/stm32f1xx_hal_rcc.o
 .comment       0x000000000000007b       0x7c Drivers/STM32F1xx_HAL_Driver/Src/stm32f1xx_hal_rcc_ex.o
 .comment       0x000000000000007b       0x7c Drivers/STM32F1xx_HAL_Driver/Src/stm32f1xx_hal_tim.o
 .comment       0x000000000000007b       0x7c Drivers/STM32F1xx_HAL_Driver/Src/stm32f1xx_hal_tim_ex.o
 .comment       0x000000000000007b       0x7c Drivers/STM32F1xx_HAL_Driver/Src/stm32f1xx_hal_uart.o
 .comment       0x000000000000007b       0x7c Drivers/STM32F1xx_HAL_Driver/Src/stm32f1xx_ll_usb.o

.debug_frame    0x0000000000000000       0x4c
 .debug_frame   0x0000000000000000       0x2c e:/st/stm32cubeide_1.3.0/stm32cubeide/plugins/com.st.stm32cube.ide.mcu.externaltools.gnu-tools-for-stm32.7-2018-q2-update.win32_1.0.0.201904181610/tools/bin/../lib/gcc/arm-none-eabi/7.3.1/../../../../arm-none-eabi/lib/thumb/v7-m\libc_nano.a(lib_a-init.o)
 .debug_frame   0x000000000000002c       0x20 e:/st/stm32cubeide_1.3.0/stm32cubeide/plugins/com.st.stm32cube.ide.mcu.externaltools.gnu-tools-for-stm32.7-2018-q2-update.win32_1.0.0.201904181610/tools/bin/../lib/gcc/arm-none-eabi/7.3.1/../../../../arm-none-eabi/lib/thumb/v7-m\libc_nano.a(lib_a-memset.o)
