Archive member included to satisfy reference by file (symbol)

e:/st/stm32cubeide_1.3.0/stm32cubeide/plugins/com.st.stm32cube.ide.mcu.externaltools.gnu-tools-for-stm32.7-2018-q2-update.win32_1.0.0.201904181610/tools/bin/../lib/gcc/arm-none-eabi/7.3.1/../../../../arm-none-eabi/lib/thumb/v7-m\libc_nano.a(lib_a-errno.o)
                              Core/Src/syscalls.o (__errno)
e:/st/stm32cubeide_1.3.0/stm32cubeide/plugins/com.st.stm32cube.ide.mcu.externaltools.gnu-tools-for-stm32.7-2018-q2-update.win32_1.0.0.201904181610/tools/bin/../lib/gcc/arm-none-eabi/7.3.1/../../../../arm-none-eabi/lib/thumb/v7-m\libc_nano.a(lib_a-exit.o)
                              e:/st/stm32cubeide_1.3.0/stm32cubeide/plugins/com.st.stm32cube.ide.mcu.externaltools.gnu-tools-for-stm32.7-2018-q2-update.win32_1.0.0.201904181610/tools/bin/../lib/gcc/arm-none-eabi/7.3.1/../../../../arm-none-eabi/lib/thumb/v7-m/crt0.o (exit)
e:/st/stm32cubeide_1.3.0/stm32cubeide/plugins/com.st.stm32cube.ide.mcu.externaltools.gnu-tools-for-stm32.7-2018-q2-update.win32_1.0.0.201904181610/tools/bin/../lib/gcc/arm-none-eabi/7.3.1/../../../../arm-none-eabi/lib/thumb/v7-m\libc_nano.a(lib_a-impure.o)
                              e:/st/stm32cubeide_1.3.0/stm32cubeide/plugins/com.st.stm32cube.ide.mcu.externaltools.gnu-tools-for-stm32.7-2018-q2-update.win32_1.0.0.201904181610/tools/bin/../lib/gcc/arm-none-eabi/7.3.1/../../../../arm-none-eabi/lib/thumb/v7-m\libc_nano.a(lib_a-exit.o) (_global_impure_ptr)
e:/st/stm32cubeide_1.3.0/stm32cubeide/plugins/com.st.stm32cube.ide.mcu.externaltools.gnu-tools-for-stm32.7-2018-q2-update.win32_1.0.0.201904181610/tools/bin/../lib/gcc/arm-none-eabi/7.3.1/../../../../arm-none-eabi/lib/thumb/v7-m\libc_nano.a(lib_a-init.o)
                              e:/st/stm32cubeide_1.3.0/stm32cubeide/plugins/com.st.stm32cube.ide.mcu.externaltools.gnu-tools-for-stm32.7-2018-q2-update.win32_1.0.0.201904181610/tools/bin/../lib/gcc/arm-none-eabi/7.3.1/../../../../arm-none-eabi/lib/thumb/v7-m/crt0.o (__libc_init_array)
e:/st/stm32cubeide_1.3.0/stm32cubeide/plugins/com.st.stm32cube.ide.mcu.externaltools.gnu-tools-for-stm32.7-2018-q2-update.win32_1.0.0.201904181610/tools/bin/../lib/gcc/arm-none-eabi/7.3.1/../../../../arm-none-eabi/lib/thumb/v7-m\libc_nano.a(lib_a-memset.o)
                              e:/st/stm32cubeide_1.3.0/stm32cubeide/plugins/com.st.stm32cube.ide.mcu.externaltools.gnu-tools-for-stm32.7-2018-q2-update.win32_1.0.0.201904181610/tools/bin/../lib/gcc/arm-none-eabi/7.3.1/../../../../arm-none-eabi/lib/thumb/v7-m/crt0.o (memset)

Allocating common symbols
Common symbol       size              file

GG                  0x1               Core/Src/ws2812.o
RR2                 0x1               Core/Src/ws2812.o
cc2520_senser_count
                    0x1               Core/Src/CC2520.o
rx2_byte_count      0x1               Core/Src/CC2520.o
g_u8Flag0           0x1               Core/Src/CC2520.o
g_u8Flag3           0x1               Core/Src/CC2520.o
rx2_byte_limit      0x1               Core/Src/CC2520.o
delta_RG            0x1               Core/Src/main.o
htim4               0x40              Core/Src/main.o
g_u8Flag1           0x1               Core/Src/CC2520.o
Rx_LEN              0x1               Core/Src/main.o
huart3              0x40              Core/Src/main.o
g_u8Flag6           0x1               Core/Src/CC2520.o
tim2_counter        0x1               Core/Src/main.o
RF_BadCycCnt        0x1               Core/Src/CC2520.o
ADDR                0x1               Core/Src/CC2520.o
Rxbuff1             0x20              Core/Src/main.o
rx2_buff            0x100             Core/Src/CC2520.o
time_cc2520_no_rx   0x4               Core/Src/CC2520.o
g_u8Flag_qian       0x1               Core/Src/CC2520.o
bRxBuffer           0xc8              Core/Src/main.o
g_u8Flag2           0x1               Core/Src/CC2520.o
R_BIT               0x1               Core/Src/main.o
G_BIT               0x1               Core/Src/main.o
Rx_Num_UART1        0x1               Core/Src/main.o
dRxBuffer           0xd               Core/Src/main.o
ptr                 0x4               Core/Src/CC2520.o
LED_DAT             0x1               Core/Src/ws2812.o
uwTick              0x4               Drivers/STM32F1xx_HAL_Driver/Src/stm32f1xx_hal.o
B_DATA              0x3               Core/Src/main.o
pFlash              0x20              Drivers/STM32F1xx_HAL_Driver/Src/stm32f1xx_hal_flash.o
Rx_count_UART3      0x1               Core/Src/main.o
htim5               0x40              Core/Src/main.o
g_u8Time20ms_4      0x1               Core/Src/main.o
htim3               0x40              Core/Src/main.o
fre_set_temp        0x1               Core/Src/CC2520.o
tx2_buff            0x100             Core/Src/CC2520.o
GG2                 0x1               Core/Src/ws2812.o
fre_set_change      0x1               Core/Src/CC2520.o
rx1_byte_count      0x1               Core/Src/CC2520.o
BB2                 0x1               Core/Src/ws2812.o
[...]
Memory Configuration

Name             Origin             Length             Attributes
RAM              0x0000000020000000 0x0000000000010000 xrw
FLASH            0x0000000008000000 0x0000000000060000 xr
*default*        0x0000000000000000 0xffffffffffffffff

Linker script and memory map

LOAD e:/st/stm32cubeide_1.3.0/stm32cubeide/plugins/com.st.stm32cube.ide.mcu.externaltools.gnu-tools-for-stm32.7-2018-q2-update.win32_1.0.0.201904181610/tools/bin/../lib/gcc/arm-none-eabi/7.3.1/thumb/v7-m/crti.o
LOAD e:/st/stm32cubeide_1.3.0/stm32cubeide/plugins/com.st.stm32cube.ide.mcu.externaltools.gnu-tools-for-stm32.7-2018-q2-update.win32_1.0.0.201904181610/tools/bin/../lib/gcc/arm-none-eabi/7.3.1/thumb/v7-m/crtbegin.o
LOAD e:/st/stm32cubeide_1.3.0/stm32cubeide/plugins/com.st.stm32cube.ide.mcu.externaltools.gnu-tools-for-stm32.7-2018-q2-update.win32_1.0.0.201904181610/tools/bin/../lib/gcc/arm-none-eabi/7.3.1/../../../../arm-none-eabi/lib/thumb/v7-m/crt0.o
LOAD Core/Src/CC2520.o
LOAD Core/Src/CRC16.o
LOAD Core/Src/LCD_TFT.o
LOAD Core/Src/gpio.o
LOAD Core/Src/main.o
LOAD Core/Src/stm32f1xx_hal_msp.o
LOAD Core/Src/stm32f1xx_it.o
LOAD Core/Src/syscalls.o
LOAD Core/Src/sysmem.o
LOAD Core/Src/system_stm32f1xx.o
LOAD Core/Src/tim.o
LOAD Core/Src/usart.o
LOAD Core/Src/usb.o
LOAD Core/Src/ws2812.o
LOAD Core/Startup/startup_stm32f103rdtx.o
LOAD Drivers/STM32F1xx_HAL_Driver/Src/stm32f1xx_hal.o
LOAD Drivers/STM32F1xx_HAL_Driver/Src/stm32f1xx_hal_cortex.o
LOAD Drivers/STM32F1xx_HAL_Driver/Src/stm32f1xx_hal_dma.o
LOAD Drivers/STM32F1xx_HAL_Driver/Src/stm32f1xx_hal_exti.o
LOAD Drivers/STM32F1xx_HAL_Driver/Src/stm32f1xx_hal_flash.o
LOAD Drivers/STM32F1xx_HAL_Driver/Src/stm32f1xx_hal_flash_ex.o
LOAD Drivers/STM32F1xx_HAL_Driver/Src/stm32f1xx_hal_gpio.o
LOAD Drivers/STM32F1xx_HAL_Driver/Src/stm32f1xx_hal_gpio_ex.o
LOAD Drivers/STM32F1xx_HAL_Driver/Src/stm32f1xx_hal_pcd.o
LOAD Drivers/STM32F1xx_HAL_Driver/Src/stm32f1xx_hal_pcd_ex.o
LOAD Drivers/STM32F1xx_HAL_Driver/Src/stm32f1xx_hal_pwr.o
LOAD Drivers/STM32F1xx_HAL_Driver/Src/stm32f1xx_hal_rcc.o
LOAD Drivers/STM32F1xx_HAL_Driver/Src/stm32f1xx_hal_rcc_ex.o
LOAD Drivers/STM32F1xx_HAL_Driver/Src/stm32f1xx_hal_tim.o
LOAD Drivers/STM32F1xx_HAL_Driver/Src/stm32f1xx_hal_tim_ex.o
LOAD Drivers/STM32F1xx_HAL_Driver/Src/stm32f1xx_hal_uart.o
LOAD Drivers/STM32F1xx_HAL_Driver/Src/stm32f1xx_ll_usb.o
START GROUP
LOAD e:/st/stm32cubeide_1.3.0/stm32cubeide/plugins/com.st.stm32cube.ide.mcu.externaltools.gnu-tools-for-stm32.7-2018-q2-update.win32_1.0.0.201904181610/tools/bin/../lib/gcc/arm-none-eabi/7.3.1/../../../../arm-none-eabi/lib/thumb/v7-m\libc_nano.a
LOAD e:/st/stm32cubeide_1.3.0/stm32cubeide/plugins/com.st.stm32cube.ide.mcu.externaltools.gnu-tools-for-stm32.7-2018-q2-update.win32_1.0.0.201904181610/tools/bin/../lib/gcc/arm-none-eabi/7.3.1/../../../../arm-none-eabi/lib/thumb/v7-m\libm.a
END GROUP
START GROUP
LOAD e:/st/stm32cubeide_1.3.0/stm32cubeide/plugins/com.st.stm32cube.ide.mcu.externaltools.gnu-tools-for-stm32.7-2018-q2-update.win32_1.0.0.201904181610/tools/bin/../lib/gcc/arm-none-eabi/7.3.1/thumb/v7-m\libgcc.a
LOAD e:/st/stm32cubeide_1.3.0/stm32cubeide/plugins/com.st.stm32cube.ide.mcu.externaltools.gnu-tools-for-stm32.7-2018-q2-update.win32_1.0.0.201904181610/tools/bin/../lib/gcc/arm-none-eabi/7.3.1/../../../../arm-none-eabi/lib/thumb/v7-m\libc_nano.a
END GROUP
START GROUP
LOAD e:/st/stm32cubeide_1.3.0/stm32cubeide/plugins/com.st.stm32cube.ide.mcu.externaltools.gnu-tools-for-stm32.7-2018-q2-update.win32_1.0.0.201904181610/tools/bin/../lib/gcc/arm-none-eabi/7.3.1/thumb/v7-m\libgcc.a
LOAD e:/st/stm32cubeide_1.3.0/stm32cubeide/plugins/com.st.stm32cube.ide.mcu.externaltools.gnu-tools-for-stm32.7-2018-q2-update.win32_1.0.0.201904181610/tools/bin/../lib/gcc/arm-none-eabi/7.3.1/../../../../arm-none-eabi/lib/thumb/v7-m\libc_nano.a
LOAD e:/st/stm32cubeide_1.3.0/stm32cubeide/plugins/com.st.stm32cube.ide.mcu.externaltools.gnu-tools-for-stm32.7-2018-q2-update.win32_1.0.0.201904181610/tools/bin/../lib/gcc/arm-none-eabi/7.3.1/../../../../arm-none-eabi/lib/thumb/v7-m\libnosys.a
END GROUP
START GROUP
LOAD e:/st/stm32cubeide_1.3.0/stm32cubeide/plugins/com.st.stm32cube.ide.mcu.externaltools.gnu-tools-for-stm32.7-2018-q2-update.win32_1.0.0.201904181610/tools/bin/../lib/gcc/arm-none-eabi/7.3.1/thumb/v7-m\libgcc.a
LOAD e:/st/stm32cubeide_1.3.0/stm32cubeide/plugins/com.st.stm32cube.ide.mcu.externaltools.gnu-tools-for-stm32.7-2018-q2-update.win32_1.0.0.201904181610/tools/bin/../lib/gcc/arm-none-eabi/7.3.1/../../../../arm-none-eabi/lib/thumb/v7-m\libc_nano.a
LOAD e:/st/stm32cubeide_1.3.0/stm32cubeide/plugins/com.st.stm32cube.ide.mcu.externaltools.gnu-tools-for-stm32.7-2018-q2-update.win32_1.0.0.201904181610/tools/bin/../lib/gcc/arm-none-eabi/7.3.1/../../../../arm-none-eabi/lib/thumb/v7-m\libnosys.a
END GROUP
LOAD e:/st/stm32cubeide_1.3.0/stm32cubeide/plugins/com.st.stm32cube.ide.mcu.externaltools.gnu-tools-for-stm32.7-2018-q2-update.win32_1.0.0.201904181610/tools/bin/../lib/gcc/arm-none-eabi/7.3.1/thumb/v7-m/crtend.o
LOAD e:/st/stm32cubeide_1.3.0/stm32cubeide/plugins/com.st.stm32cube.ide.mcu.externaltools.gnu-tools-for-stm32.7-2018-q2-update.win32_1.0.0.201904181610/tools/bin/../lib/gcc/arm-none-eabi/7.3.1/thumb/v7-m/crtn.o
                0x0000000020010000                _estack = (ORIGIN (RAM) + LENGTH (RAM))
                0x0000000000000200                _Min_Heap_Size = 0x200
                0x0000000000000400                _Min_Stack_Size = 0x400

.isr_vector     0x0000000008000000      0x1e4
                0x0000000008000000                . = ALIGN (0x4)
 *(.isr_vector)
 .isr_vector    0x0000000008000000      0x1e4 Core/Startup/startup_stm32f103rdtx.o
                0x0000000008000000                g_pfnVectors
                0x00000000080001e4                . = ALIGN (0x4)

.text           0x00000000080001e4     0x4d84
                0x00000000080001e4                . = ALIGN (0x4)
 *(.text)
 .text          0x00000000080001e4       0x40 e:/st/stm32cubeide_1.3.0/stm32cubeide/plugins/com.st.stm32cube.ide.mcu.externaltools.gnu-tools-for-stm32.7-2018-q2-update.win32_1.0.0.201904181610/tools/bin/../lib/gcc/arm-none-eabi/7.3.1/thumb/v7-m/crtbegin.o
 *(.text*)
 .text.crc_check
                0x0000000008000224       0x8c Core/Src/CC2520.o
                0x0000000008000224                crc_check
 .text.CC2520_GPIO_Config
                0x00000000080002b0       0x1c Core/Src/CC2520.o
                0x00000000080002b0                CC2520_GPIO_Config
 .text.CC2520_IntoActMode_Init
                0x00000000080002cc       0xc0 Core/Src/CC2520.o
                0x00000000080002cc                CC2520_IntoActMode_Init
 .text.CC2520_Init
                0x000000000800038c      0x154 Core/Src/CC2520.o
                0x000000000800038c                CC2520_Init
 .text.CC2520_WriteReg
                0x00000000080004e0       0x4c Core/Src/CC2520.o
                0x00000000080004e0                CC2520_WriteReg
 .text.CC2520_ReadRAM
                0x000000000800052c       0x54 Core/Src/CC2520.o
                0x000000000800052c                CC2520_ReadRAM
 .text.CC2520_WriteRAM
                0x0000000008000580       0x54 Core/Src/CC2520.o
                0x0000000008000580                CC2520_WriteRAM
 .text.CC2520_WriteTXFIFO
                0x00000000080005d4       0xa0 Core/Src/CC2520.o
                0x00000000080005d4                CC2520_WriteTXFIFO
 .text.CC2520_Command
                0x0000000008000674       0x38 Core/Src/CC2520.o
                0x0000000008000674                CC2520_Command
 .text.CC2520_SetRxMode
                0x00000000080006ac        0xe Core/Src/CC2520.o
                0x00000000080006ac                CC2520_SetRxMode
 *fill*         0x00000000080006ba        0x2 
 .text.CC2520_RxPacket
                0x00000000080006bc       0x94 Core/Src/CC2520.o
                0x00000000080006bc                CC2520_RxPacket
 .text.CC2520_TxPacket
                0x0000000008000750       0x9c Core/Src/CC2520.o
                0x0000000008000750                CC2520_TxPacket
 .text.CC2520_SPI_Init
                0x00000000080007ec       0x2c Core/Src/CC2520.o
                0x00000000080007ec                CC2520_SPI_Init
 .text.SPI_Read
                0x0000000008000818       0xac Core/Src/CC2520.o
                0x0000000008000818                SPI_Read
 .text.SPI_Write
                0x00000000080008c4       0x98 Core/Src/CC2520.o
                0x00000000080008c4                SPI_Write
 .text.CC2520_ReadRXFIFO
                0x000000000800095c       0x7c Core/Src/CC2520.o
                0x000000000800095c                CC2520_ReadRXFIFO
 .text.temp_send
                0x00000000080009d8      0x494 Core/Src/CC2520.o
                0x00000000080009d8                temp_send
 .text.LCD_DA   0x0000000008000e6c      0x13c Core/Src/LCD_TFT.o
                0x0000000008000e6c                LCD_DA
 .text.delay1   0x0000000008000fa8        0xe Core/Src/LCD_TFT.o
                0x0000000008000fa8                delay1
 *fill*         0x0000000008000fb6        0x2 
 .text.vSdCmd   0x0000000008000fb8       0x64 Core/Src/LCD_TFT.o
                0x0000000008000fb8                vSdCmd
 .text.vSdData  0x000000000800101c       0x64 Core/Src/LCD_TFT.o
                0x000000000800101c                vSdData
 .text.data_out_16
                0x0000000008001080       0x2a Core/Src/LCD_TFT.o
                0x0000000008001080                data_out_16
 *fill*         0x00000000080010aa        0x2 
 .text.lcd_init
                0x00000000080010ac       0x94 Core/Src/LCD_TFT.o
                0x00000000080010ac                lcd_init
 .text.lcd_address
                0x0000000008001140       0x58 Core/Src/LCD_TFT.o
                0x0000000008001140                lcd_address
 .text.TFT_Disp128160
                0x0000000008001198       0x5c Core/Src/LCD_TFT.o
                0x0000000008001198                TFT_Disp128160
 .text.display_color
                0x00000000080011f4       0x46 Core/Src/LCD_TFT.o
                0x00000000080011f4                display_color
 *fill*         0x000000000800123a        0x2 
 .text.MX_GPIO_Init
                0x000000000800123c      0x1cc Core/Src/gpio.o
                0x000000000800123c                MX_GPIO_Init
 .text.delay_init
                0x0000000008001408       0x24 Core/Src/main.o
                0x0000000008001408                delay_init
 .text.delay_us1
                0x000000000800142c       0x7c Core/Src/main.o
                0x000000000800142c                delay_us1
 .text.main     0x00000000080014a8      0x144 Core/Src/main.o
                0x00000000080014a8                main
 .text.SystemClock_Config
                0x00000000080015ec       0xb8 Core/Src/main.o
                0x00000000080015ec                SystemClock_Config
 .text.HAL_TIM_PeriodElapsedCallback
                0x00000000080016a4      0x438 Core/Src/main.o
                0x00000000080016a4                HAL_TIM_PeriodElapsedCallback
 .text.HAL_UART_RxCpltCallback
                0x0000000008001adc       0x8c Core/Src/main.o
                0x0000000008001adc                HAL_UART_RxCpltCallback
 .text.IOT_PROCESS
                0x0000000008001b68      0x330 Core/Src/main.o
                0x0000000008001b68                IOT_PROCESS
 .text.Error_Handler
                0x0000000008001e98        0xc Core/Src/main.o
                0x0000000008001e98                Error_Handler
 .text.HAL_MspInit
                0x0000000008001ea4       0x64 Core/Src/stm32f1xx_hal_msp.o
                0x0000000008001ea4                HAL_MspInit
 .text.NMI_Handler
                0x0000000008001f08        0xc Core/Src/stm32f1xx_it.o
                0x0000000008001f08                NMI_Handler
 .text.HardFault_Handler
                0x0000000008001f14        0x6 Core/Src/stm32f1xx_it.o
                0x0000000008001f14                HardFault_Handler
 .text.MemManage_Handler
                0x0000000008001f1a        0x6 Core/Src/stm32f1xx_it.o
                0x0000000008001f1a                MemManage_Handler
 .text.BusFault_Handler
                0x0000000008001f20        0x6 Core/Src/stm32f1xx_it.o
                0x0000000008001f20                BusFault_Handler
 .text.UsageFault_Handler
                0x0000000008001f26        0x6 Core/Src/stm32f1xx_it.o
                0x0000000008001f26                UsageFault_Handler
 .text.SVC_Handler
                0x0000000008001f2c        0xc Core/Src/stm32f1xx_it.o
                0x0000000008001f2c                SVC_Handler
 .text.DebugMon_Handler
                0x0000000008001f38        0xc Core/Src/stm32f1xx_it.o
                0x0000000008001f38                DebugMon_Handler
 .text.PendSV_Handler
                0x0000000008001f44        0xc Core/Src/stm32f1xx_it.o
                0x0000000008001f44                PendSV_Handler
 .text.SysTick_Handler
                0x0000000008001f50        0xc Core/Src/stm32f1xx_it.o
                0x0000000008001f50                SysTick_Handler
 .text.TIM2_IRQHandler
                0x0000000008001f5c       0x14 Core/Src/stm32f1xx_it.o
                0x0000000008001f5c                TIM2_IRQHandler
 .text.TIM3_IRQHandler
                0x0000000008001f70       0x14 Core/Src/stm32f1xx_it.o
                0x0000000008001f70                TIM3_IRQHandler
 .text.TIM4_IRQHandler
                0x0000000008001f84       0x14 Core/Src/stm32f1xx_it.o
                0x0000000008001f84                TIM4_IRQHandler
 .text.USART3_IRQHandler
                0x0000000008001f98       0x14 Core/Src/stm32f1xx_it.o
                0x0000000008001f98                USART3_IRQHandler
 .text.SystemInit
                0x0000000008001fac       0x68 Core/Src/system_stm32f1xx.o
                0x0000000008001fac                SystemInit
 .text.MX_TIM2_Init
                0x0000000008002014       0x98 Core/Src/tim.o
                0x0000000008002014                MX_TIM2_Init
 .text.MX_TIM3_Init
                0x00000000080020ac       0x9c Core/Src/tim.o
                0x00000000080020ac                MX_TIM3_Init
 .text.MX_TIM4_Init
                0x0000000008002148       0x9c Core/Src/tim.o
                0x0000000008002148                MX_TIM4_Init
 .text.MX_TIM5_Init
                0x00000000080021e4       0x9c Core/Src/tim.o
                0x00000000080021e4                MX_TIM5_Init
 .text.HAL_TIM_Base_MspInit
                0x0000000008002280       0xe0 Core/Src/tim.o
                0x0000000008002280                HAL_TIM_Base_MspInit
 .text.MX_USART2_UART_Init
                0x0000000008002360       0x54 Core/Src/usart.o
                0x0000000008002360                MX_USART2_UART_Init
 .text.MX_USART3_UART_Init
                0x00000000080023b4       0x54 Core/Src/usart.o
                0x00000000080023b4                MX_USART3_UART_Init
 .text.HAL_UART_MspInit
                0x0000000008002408      0x11c Core/Src/usart.o
                0x0000000008002408                HAL_UART_MspInit
 .text.MX_USB_PCD_Init
                0x0000000008002524       0x44 Core/Src/usb.o
                0x0000000008002524                MX_USB_PCD_Init
 .text.HAL_PCD_MspInit
                0x0000000008002568       0x3c Core/Src/usb.o
                0x0000000008002568                HAL_PCD_MspInit
 .text.reset_ws2812
                0x00000000080025a4       0x20 Core/Src/ws2812.o
                0x00000000080025a4                reset_ws2812
 .text.reset_ws2812_1
                0x00000000080025c4       0x20 Core/Src/ws2812.o
                0x00000000080025c4                reset_ws2812_1
 .text.WS2812_BYTE_1
                0x00000000080025e4      0x1a0 Core/Src/ws2812.o
                0x00000000080025e4                WS2812_BYTE_1
 .text.WS2812_BYTE
                0x0000000008002784      0x1a0 Core/Src/ws2812.o
                0x0000000008002784                WS2812_BYTE
 .text.send_single_data
                0x0000000008002924       0x50 Core/Src/ws2812.o
                0x0000000008002924                send_single_data
 .text.send_string_data
                0x0000000008002974       0x28 Core/Src/ws2812.o
                0x0000000008002974                send_string_data
 .text.send_single_data1
                0x000000000800299c       0x50 Core/Src/ws2812.o
                0x000000000800299c                send_single_data1
 .text.send_string_data1
                0x00000000080029ec       0x28 Core/Src/ws2812.o
                0x00000000080029ec                send_string_data1
 .text.RGB_close
                0x0000000008002a14       0x48 Core/Src/ws2812.o
                0x0000000008002a14                RGB_close
 .text.RGB_close1
                0x0000000008002a5c       0x48 Core/Src/ws2812.o
                0x0000000008002a5c                RGB_close1
 .text.Reset_Handler
                0x0000000008002aa4       0x48 Core/Startup/startup_stm32f103rdtx.o
                0x0000000008002aa4                Reset_Handler
 .text.Default_Handler
                0x0000000008002aec        0x2 Core/Startup/startup_stm32f103rdtx.o
                0x0000000008002aec                RTC_Alarm_IRQHandler
                0x0000000008002aec                EXTI2_IRQHandler
                0x0000000008002aec                TIM8_TRG_COM_IRQHandler
                0x0000000008002aec                TIM8_CC_IRQHandler
                0x0000000008002aec                TIM1_CC_IRQHandler
                0x0000000008002aec                TIM6_IRQHandler
                0x0000000008002aec                PVD_IRQHandler
                0x0000000008002aec                SDIO_IRQHandler
                0x0000000008002aec                EXTI3_IRQHandler
                0x0000000008002aec                EXTI0_IRQHandler
                0x0000000008002aec                I2C2_EV_IRQHandler
                0x0000000008002aec                ADC1_2_IRQHandler
                0x0000000008002aec                SPI1_IRQHandler
                0x0000000008002aec                TAMPER_IRQHandler
                0x0000000008002aec                TIM8_UP_IRQHandler
                0x0000000008002aec                DMA2_Channel2_IRQHandler
                0x0000000008002aec                DMA1_Channel4_IRQHandler
                0x0000000008002aec                RTC_IRQHandler
                0x0000000008002aec                DMA1_Channel7_IRQHandler
                0x0000000008002aec                CAN1_RX1_IRQHandler
                0x0000000008002aec                UART5_IRQHandler
                0x0000000008002aec                ADC3_IRQHandler
                0x0000000008002aec                DMA2_Channel1_IRQHandler
                0x0000000008002aec                I2C1_EV_IRQHandler
                0x0000000008002aec                DMA1_Channel6_IRQHandler
                0x0000000008002aec                UART4_IRQHandler
                0x0000000008002aec                RCC_IRQHandler
                0x0000000008002aec                TIM1_TRG_COM_IRQHandler
                0x0000000008002aec                DMA1_Channel1_IRQHandler
                0x0000000008002aec                Default_Handler
                0x0000000008002aec                EXTI15_10_IRQHandler
                0x0000000008002aec                TIM7_IRQHandler
                0x0000000008002aec                TIM5_IRQHandler
                0x0000000008002aec                EXTI9_5_IRQHandler
                0x0000000008002aec                SPI2_IRQHandler
                0x0000000008002aec                DMA1_Channel5_IRQHandler
                0x0000000008002aec                EXTI4_IRQHandler
                0x0000000008002aec                USB_LP_CAN1_RX0_IRQHandler
                0x0000000008002aec                USB_HP_CAN1_TX_IRQHandler
                0x0000000008002aec                DMA1_Channel3_IRQHandler
                0x0000000008002aec                FSMC_IRQHandler
                0x0000000008002aec                TIM1_UP_IRQHandler
                0x0000000008002aec                WWDG_IRQHandler
                0x0000000008002aec                TIM1_BRK_IRQHandler
                0x0000000008002aec                EXTI1_IRQHandler
                0x0000000008002aec                DMA2_Channel4_5_IRQHandler
                0x0000000008002aec                USART2_IRQHandler
                0x0000000008002aec                I2C2_ER_IRQHandler
                0x0000000008002aec                DMA1_Channel2_IRQHandler
                0x0000000008002aec                TIM8_BRK_IRQHandler
                0x0000000008002aec                CAN1_SCE_IRQHandler
                0x0000000008002aec                FLASH_IRQHandler
                0x0000000008002aec                USART1_IRQHandler
                0x0000000008002aec                SPI3_IRQHandler
                0x0000000008002aec                I2C1_ER_IRQHandler
                0x0000000008002aec                USBWakeUp_IRQHandler
                0x0000000008002aec                DMA2_Channel3_IRQHandler
 *fill*         0x0000000008002aee        0x2 
 .text.HAL_Init
                0x0000000008002af0       0x2c Drivers/STM32F1xx_HAL_Driver/Src/stm32f1xx_hal.o
                0x0000000008002af0                HAL_Init
 .text.HAL_InitTick
                0x0000000008002b1c       0x60 Drivers/STM32F1xx_HAL_Driver/Src/stm32f1xx_hal.o
                0x0000000008002b1c                HAL_InitTick
 .text.HAL_IncTick
                0x0000000008002b7c       0x24 Drivers/STM32F1xx_HAL_Driver/Src/stm32f1xx_hal.o
                0x0000000008002b7c                HAL_IncTick
 .text.HAL_GetTick
                0x0000000008002ba0       0x14 Drivers/STM32F1xx_HAL_Driver/Src/stm32f1xx_hal.o
                0x0000000008002ba0                HAL_GetTick
 .text.HAL_Delay
                0x0000000008002bb4       0x44 Drivers/STM32F1xx_HAL_Driver/Src/stm32f1xx_hal.o
                0x0000000008002bb4                HAL_Delay
 .text.__NVIC_SetPriorityGrouping
                0x0000000008002bf8       0x48 Drivers/STM32F1xx_HAL_Driver/Src/stm32f1xx_hal_cortex.o
 .text.__NVIC_GetPriorityGrouping
                0x0000000008002c40       0x1c Drivers/STM32F1xx_HAL_Driver/Src/stm32f1xx_hal_cortex.o
 .text.__NVIC_EnableIRQ
                0x0000000008002c5c       0x38 Drivers/STM32F1xx_HAL_Driver/Src/stm32f1xx_hal_cortex.o
 .text.__NVIC_SetPriority
                0x0000000008002c94       0x54 Drivers/STM32F1xx_HAL_Driver/Src/stm32f1xx_hal_cortex.o
 .text.NVIC_EncodePriority
                0x0000000008002ce8       0x64 Drivers/STM32F1xx_HAL_Driver/Src/stm32f1xx_hal_cortex.o
 .text.SysTick_Config
                0x0000000008002d4c       0x44 Drivers/STM32F1xx_HAL_Driver/Src/stm32f1xx_hal_cortex.o
 .text.HAL_NVIC_SetPriorityGrouping
                0x0000000008002d90       0x16 Drivers/STM32F1xx_HAL_Driver/Src/stm32f1xx_hal_cortex.o
                0x0000000008002d90                HAL_NVIC_SetPriorityGrouping
 .text.HAL_NVIC_SetPriority
                0x0000000008002da6       0x38 Drivers/STM32F1xx_HAL_Driver/Src/stm32f1xx_hal_cortex.o
                0x0000000008002da6                HAL_NVIC_SetPriority
 .text.HAL_NVIC_EnableIRQ
                0x0000000008002dde       0x1c Drivers/STM32F1xx_HAL_Driver/Src/stm32f1xx_hal_cortex.o
                0x0000000008002dde                HAL_NVIC_EnableIRQ
 .text.HAL_SYSTICK_Config
                0x0000000008002dfa       0x18 Drivers/STM32F1xx_HAL_Driver/Src/stm32f1xx_hal_cortex.o
                0x0000000008002dfa                HAL_SYSTICK_Config
 *fill*         0x0000000008002e12        0x2 
 .text.HAL_SYSTICK_CLKSourceConfig
                0x0000000008002e14       0x38 Drivers/STM32F1xx_HAL_Driver/Src/stm32f1xx_hal_cortex.o
                0x0000000008002e14                HAL_SYSTICK_CLKSourceConfig
 .text.HAL_DMA_Abort_IT
                0x0000000008002e4c      0x210 Drivers/STM32F1xx_HAL_Driver/Src/stm32f1xx_hal_dma.o
                0x0000000008002e4c                HAL_DMA_Abort_IT
 .text.HAL_GPIO_Init
                0x000000000800305c      0x2d4 Drivers/STM32F1xx_HAL_Driver/Src/stm32f1xx_hal_gpio.o
                0x000000000800305c                HAL_GPIO_Init
 .text.HAL_GPIO_ReadPin
                0x0000000008003330       0x2e Drivers/STM32F1xx_HAL_Driver/Src/stm32f1xx_hal_gpio.o
                0x0000000008003330                HAL_GPIO_ReadPin
 .text.HAL_GPIO_WritePin
                0x000000000800335e       0x30 Drivers/STM32F1xx_HAL_Driver/Src/stm32f1xx_hal_gpio.o
                0x000000000800335e                HAL_GPIO_WritePin
 .text.HAL_GPIO_TogglePin
                0x000000000800338e       0x30 Drivers/STM32F1xx_HAL_Driver/Src/stm32f1xx_hal_gpio.o
                0x000000000800338e                HAL_GPIO_TogglePin
 .text.HAL_PCD_Init
                0x00000000080033be      0x1c2 Drivers/STM32F1xx_HAL_Driver/Src/stm32f1xx_hal_pcd.o
                0x00000000080033be                HAL_PCD_Init
 .text.HAL_RCC_OscConfig
                0x0000000008003580      0x500 Drivers/STM32F1xx_HAL_Driver/Src/stm32f1xx_hal_rcc.o
                0x0000000008003580                HAL_RCC_OscConfig
 .text.HAL_RCC_ClockConfig
                0x0000000008003a80      0x1d4 Drivers/STM32F1xx_HAL_Driver/Src/stm32f1xx_hal_rcc.o
                0x0000000008003a80                HAL_RCC_ClockConfig
 .text.HAL_RCC_GetSysClockFreq
                0x0000000008003c54       0xc4 Drivers/STM32F1xx_HAL_Driver/Src/stm32f1xx_hal_rcc.o
                0x0000000008003c54                HAL_RCC_GetSysClockFreq
 .text.HAL_RCC_GetHCLKFreq
                0x0000000008003d18       0x14 Drivers/STM32F1xx_HAL_Driver/Src/stm32f1xx_hal_rcc.o
                0x0000000008003d18                HAL_RCC_GetHCLKFreq
 .text.HAL_RCC_GetPCLK1Freq
                0x0000000008003d2c       0x28 Drivers/STM32F1xx_HAL_Driver/Src/stm32f1xx_hal_rcc.o
                0x0000000008003d2c                HAL_RCC_GetPCLK1Freq
 .text.HAL_RCC_GetPCLK2Freq
                0x0000000008003d54       0x28 Drivers/STM32F1xx_HAL_Driver/Src/stm32f1xx_hal_rcc.o
                0x0000000008003d54                HAL_RCC_GetPCLK2Freq
 .text.RCC_Delay
                0x0000000008003d7c       0x3c Drivers/STM32F1xx_HAL_Driver/Src/stm32f1xx_hal_rcc.o
 .text.HAL_RCCEx_PeriphCLKConfig
                0x0000000008003db8      0x16c Drivers/STM32F1xx_HAL_Driver/Src/stm32f1xx_hal_rcc_ex.o
                0x0000000008003db8                HAL_RCCEx_PeriphCLKConfig
 .text.HAL_TIM_Base_Init
                0x0000000008003f24       0x56 Drivers/STM32F1xx_HAL_Driver/Src/stm32f1xx_hal_tim.o
                0x0000000008003f24                HAL_TIM_Base_Init
 .text.HAL_TIM_Base_Start_IT
                0x0000000008003f7a       0x46 Drivers/STM32F1xx_HAL_Driver/Src/stm32f1xx_hal_tim.o
                0x0000000008003f7a                HAL_TIM_Base_Start_IT
 .text.HAL_TIM_Base_Stop_IT
                0x0000000008003fc0       0x54 Drivers/STM32F1xx_HAL_Driver/Src/stm32f1xx_hal_tim.o
                0x0000000008003fc0                HAL_TIM_Base_Stop_IT
 .text.HAL_TIM_IRQHandler
                0x0000000008004014      0x210 Drivers/STM32F1xx_HAL_Driver/Src/stm32f1xx_hal_tim.o
                0x0000000008004014                HAL_TIM_IRQHandler
 .text.HAL_TIM_ConfigClockSource
                0x0000000008004224      0x16e Drivers/STM32F1xx_HAL_Driver/Src/stm32f1xx_hal_tim.o
                0x0000000008004224                HAL_TIM_ConfigClockSource
 .text.HAL_TIM_OC_DelayElapsedCallback
                0x0000000008004392       0x12 Drivers/STM32F1xx_HAL_Driver/Src/stm32f1xx_hal_tim.o
                0x0000000008004392                HAL_TIM_OC_DelayElapsedCallback
 .text.HAL_TIM_IC_CaptureCallback
                0x00000000080043a4       0x12 Drivers/STM32F1xx_HAL_Driver/Src/stm32f1xx_hal_tim.o
                0x00000000080043a4                HAL_TIM_IC_CaptureCallback
 .text.HAL_TIM_PWM_PulseFinishedCallback
                0x00000000080043b6       0x12 Drivers/STM32F1xx_HAL_Driver/Src/stm32f1xx_hal_tim.o
                0x00000000080043b6                HAL_TIM_PWM_PulseFinishedCallback
 .text.HAL_TIM_TriggerCallback
                0x00000000080043c8       0x12 Drivers/STM32F1xx_HAL_Driver/Src/stm32f1xx_hal_tim.o
                0x00000000080043c8                HAL_TIM_TriggerCallback
 *fill*         0x00000000080043da        0x2 
 .text.TIM_Base_SetConfig
                0x00000000080043dc       0xf4 Drivers/STM32F1xx_HAL_Driver/Src/stm32f1xx_hal_tim.o
                0x00000000080043dc                TIM_Base_SetConfig
 .text.TIM_TI1_ConfigInputStage
                0x00000000080044d0       0x5c Drivers/STM32F1xx_HAL_Driver/Src/stm32f1xx_hal_tim.o
 .text.TIM_TI2_ConfigInputStage
                0x000000000800452c       0x5e Drivers/STM32F1xx_HAL_Driver/Src/stm32f1xx_hal_tim.o
 .text.TIM_ITRx_SetConfig
                0x000000000800458a       0x34 Drivers/STM32F1xx_HAL_Driver/Src/stm32f1xx_hal_tim.o
 .text.TIM_ETR_SetConfig
                0x00000000080045be       0x3e Drivers/STM32F1xx_HAL_Driver/Src/stm32f1xx_hal_tim.o
                0x00000000080045be                TIM_ETR_SetConfig
 .text.HAL_TIMEx_MasterConfigSynchronization
                0x00000000080045fc       0x88 Drivers/STM32F1xx_HAL_Driver/Src/stm32f1xx_hal_tim_ex.o
                0x00000000080045fc                HAL_TIMEx_MasterConfigSynchronization
 .text.HAL_TIMEx_CommutCallback
                0x0000000008004684       0x12 Drivers/STM32F1xx_HAL_Driver/Src/stm32f1xx_hal_tim_ex.o
                0x0000000008004684                HAL_TIMEx_CommutCallback
 .text.HAL_TIMEx_BreakCallback
                0x0000000008004696       0x12 Drivers/STM32F1xx_HAL_Driver/Src/stm32f1xx_hal_tim_ex.o
                0x0000000008004696                HAL_TIMEx_BreakCallback
 .text.HAL_UART_Init
                0x00000000080046a8       0x9a Drivers/STM32F1xx_HAL_Driver/Src/stm32f1xx_hal_uart.o
                0x00000000080046a8                HAL_UART_Init
 .text.HAL_UART_Receive_IT
                0x0000000008004742       0xa8 Drivers/STM32F1xx_HAL_Driver/Src/stm32f1xx_hal_uart.o
                0x0000000008004742                HAL_UART_Receive_IT
 *fill*         0x00000000080047ea        0x2 
 .text.HAL_UART_IRQHandler
                0x00000000080047ec      0x1f8 Drivers/STM32F1xx_HAL_Driver/Src/stm32f1xx_hal_uart.o
                0x00000000080047ec                HAL_UART_IRQHandler
 .text.HAL_UART_TxCpltCallback
                0x00000000080049e4       0x12 Drivers/STM32F1xx_HAL_Driver/Src/stm32f1xx_hal_uart.o
                0x00000000080049e4                HAL_UART_TxCpltCallback
 .text.HAL_UART_ErrorCallback
                0x00000000080049f6       0x12 Drivers/STM32F1xx_HAL_Driver/Src/stm32f1xx_hal_uart.o
                0x00000000080049f6                HAL_UART_ErrorCallback
 .text.UART_EndRxTransfer
                0x0000000008004a08       0x3a Drivers/STM32F1xx_HAL_Driver/Src/stm32f1xx_hal_uart.o
 .text.UART_DMAAbortOnError
                0x0000000008004a42       0x28 Drivers/STM32F1xx_HAL_Driver/Src/stm32f1xx_hal_uart.o
 .text.UART_Transmit_IT
                0x0000000008004a6a       0xaa Drivers/STM32F1xx_HAL_Driver/Src/stm32f1xx_hal_uart.o
 .text.UART_EndTransmit_IT
                0x0000000008004b14       0x30 Drivers/STM32F1xx_HAL_Driver/Src/stm32f1xx_hal_uart.o
 .text.UART_Receive_IT
                0x0000000008004b44      0x102 Drivers/STM32F1xx_HAL_Driver/Src/stm32f1xx_hal_uart.o
 *fill*         0x0000000008004c46        0x2 
 .text.UART_SetConfig
                0x0000000008004c48      0x1b4 Drivers/STM32F1xx_HAL_Driver/Src/stm32f1xx_hal_uart.o
 .text.USB_CoreInit
                0x0000000008004dfc       0x20 Drivers/STM32F1xx_HAL_Driver/Src/stm32f1xx_ll_usb.o
                0x0000000008004dfc                USB_CoreInit
 .text.USB_EnableGlobalInt
                0x0000000008004e1c       0x2e Drivers/STM32F1xx_HAL_Driver/Src/stm32f1xx_ll_usb.o
                0x0000000008004e1c                USB_EnableGlobalInt
 .text.USB_DisableGlobalInt
                0x0000000008004e4a       0x38 Drivers/STM32F1xx_HAL_Driver/Src/stm32f1xx_ll_usb.o
                0x0000000008004e4a                USB_DisableGlobalInt
 .text.USB_SetCurrentMode
                0x0000000008004e82       0x18 Drivers/STM32F1xx_HAL_Driver/Src/stm32f1xx_ll_usb.o
                0x0000000008004e82                USB_SetCurrentMode
 .text.USB_DevInit
                0x0000000008004e9a       0x48 Drivers/STM32F1xx_HAL_Driver/Src/stm32f1xx_ll_usb.o
                0x0000000008004e9a                USB_DevInit
 .text.USB_DevDisconnect
                0x0000000008004ee2       0x14 Drivers/STM32F1xx_HAL_Driver/Src/stm32f1xx_ll_usb.o
                0x0000000008004ee2                USB_DevDisconnect
 *fill*         0x0000000008004ef6        0x2 
 .text.__libc_init_array
                0x0000000008004ef8       0x48 e:/st/stm32cubeide_1.3.0/stm32cubeide/plugins/com.st.stm32cube.ide.mcu.externaltools.gnu-tools-for-stm32.7-2018-q2-update.win32_1.0.0.201904181610/tools/bin/../lib/gcc/arm-none-eabi/7.3.1/../../../../arm-none-eabi/lib/thumb/v7-m\libc_nano.a(lib_a-init.o)
                0x0000000008004ef8                __libc_init_array
 .text.memset   0x0000000008004f40       0x10 e:/st/stm32cubeide_1.3.0/stm32cubeide/plugins/com.st.stm32cube.ide.mcu.externaltools.gnu-tools-for-stm32.7-2018-q2-update.win32_1.0.0.201904181610/tools/bin/../lib/gcc/arm-none-eabi/7.3.1/../../../../arm-none-eabi/lib/thumb/v7-m\libc_nano.a(lib_a-memset.o)
                0x0000000008004f40                memset
 *(.glue_7)
 .glue_7        0x0000000008004f50        0x0 linker stubs
 *(.glue_7t)
 .glue_7t       0x0000000008004f50        0x0 linker stubs
 *(.eh_frame)
 .eh_frame      0x0000000008004f50        0x0 e:/st/stm32cubeide_1.3.0/stm32cubeide/plugins/com.st.stm32cube.ide.mcu.externaltools.gnu-tools-for-stm32.7-2018-q2-update.win32_1.0.0.201904181610/tools/bin/../lib/gcc/arm-none-eabi/7.3.1/thumb/v7-m/crtbegin.o
 *(.init)
 .init          0x0000000008004f50        0x4 e:/st/stm32cubeide_1.3.0/stm32cubeide/plugins/com.st.stm32cube.ide.mcu.externaltools.gnu-tools-for-stm32.7-2018-q2-update.win32_1.0.0.201904181610/tools/bin/../lib/gcc/arm-none-eabi/7.3.1/thumb/v7-m/crti.o
                0x0000000008004f50                _init
 .init          0x0000000008004f54        0x8 e:/st/stm32cubeide_1.3.0/stm32cubeide/plugins/com.st.stm32cube.ide.mcu.externaltools.gnu-tools-for-stm32.7-2018-q2-update.win32_1.0.0.201904181610/tools/bin/../lib/gcc/arm-none-eabi/7.3.1/thumb/v7-m/crtn.o
 *(.fini)
 .fini          0x0000000008004f5c        0x4 e:/st/stm32cubeide_1.3.0/stm32cubeide/plugins/com.st.stm32cube.ide.mcu.externaltools.gnu-tools-for-stm32.7-2018-q2-update.win32_1.0.0.201904181610/tools/bin/../lib/gcc/arm-none-eabi/7.3.1/thumb/v7-m/crti.o
                0x0000000008004f5c                _fini
 .fini          0x0000000008004f60        0x8 e:/st/stm32cubeide_1.3.0/stm32cubeide/plugins/com.st.stm32cube.ide.mcu.externaltools.gnu-tools-for-stm32.7-2018-q2-update.win32_1.0.0.201904181610/tools/bin/../lib/gcc/arm-none-eabi/7.3.1/thumb/v7-m/crtn.o
                0x0000000008004f68                . = ALIGN (0x4)
                0x0000000008004f68                _etext = .

.vfp11_veneer   0x0000000008004f68        0x0
 .vfp11_veneer  0x0000000008004f68        0x0 linker stubs

.v4_bx          0x0000000008004f68        0x0
 .v4_bx         0x0000000008004f68        0x0 linker stubs

.iplt           0x0000000008004f68        0x0
 .iplt          0x0000000008004f68        0x0 e:/st/stm32cubeide_1.3.0/stm32cubeide/plugins/com.st.stm32cube.ide.mcu.externaltools.gnu-tools-for-stm32.7-2018-q2-update.win32_1.0.0.201904181610/tools/bin/../lib/gcc/arm-none-eabi/7.3.1/thumb/v7-m/crtbegin.o

.rodata         0x0000000008004f68     0xa04c
                0x0000000008004f68                . = ALIGN (0x4)
 *(.rodata)
 .rodata        0x0000000008004f68       0x12 Drivers/STM32F1xx_HAL_Driver/Src/stm32f1xx_hal_rcc.o
 *(.rodata*)
 *fill*         0x0000000008004f7a        0x2 
 .rodata.CC2520_PackHead
                0x0000000008004f7c       0x18 Core/Src/CC2520.o
                0x0000000008004f7c                CC2520_PackHead
 .rodata.gImage_Peaks_logo
                0x0000000008004f94     0xa008 Core/Src/LCD_TFT.o
                0x0000000008004f94                gImage_Peaks_logo
 .rodata.AHBPrescTable
                0x000000000800ef9c       0x10 Core/Src/system_stm32f1xx.o
                0x000000000800ef9c                AHBPrescTable
 .rodata.APBPrescTable
                0x000000000800efac        0x8 Core/Src/system_stm32f1xx.o
                0x000000000800efac                APBPrescTable
                0x000000000800efb4                . = ALIGN (0x4)

.rel.dyn        0x000000000800efb4        0x0
 .rel.iplt      0x000000000800efb4        0x0 e:/st/stm32cubeide_1.3.0/stm32cubeide/plugins/com.st.stm32cube.ide.mcu.externaltools.gnu-tools-for-stm32.7-2018-q2-update.win32_1.0.0.201904181610/tools/bin/../lib/gcc/arm-none-eabi/7.3.1/thumb/v7-m/crtbegin.o

.ARM.extab      0x000000000800efb4        0x0
                0x000000000800efb4                . = ALIGN (0x4)
 *(.ARM.extab* .gnu.linkonce.armextab.*)
                0x000000000800efb4                . = ALIGN (0x4)

.ARM            0x000000000800efb4        0x0
                0x000000000800efb4                . = ALIGN (0x4)
                0x000000000800efb4                __exidx_start = .
 *(.ARM.exidx*)
                0x000000000800efb4                __exidx_end = .
                0x000000000800efb4                . = ALIGN (0x4)

.preinit_array  0x000000000800efb4        0x0
                0x000000000800efb4                . = ALIGN (0x4)
                0x000000000800efb4                PROVIDE (__preinit_array_start = .)
 *(.preinit_array*)
                0x000000000800efb4                PROVIDE (__preinit_array_end = .)
                0x000000000800efb4                . = ALIGN (0x4)

.init_array     0x000000000800efb4        0x4
                0x000000000800efb4                . = ALIGN (0x4)
                0x000000000800efb4                PROVIDE (__init_array_start = .)
 *(SORT_BY_NAME(.init_array.*))
 *(.init_array*)
 .init_array    0x000000000800efb4        0x4 e:/st/stm32cubeide_1.3.0/stm32cubeide/plugins/com.st.stm32cube.ide.mcu.externaltools.gnu-tools-for-stm32.7-2018-q2-update.win32_1.0.0.201904181610/tools/bin/../lib/gcc/arm-none-eabi/7.3.1/thumb/v7-m/crtbegin.o
                0x000000000800efb8                PROVIDE (__init_array_end = .)
                0x000000000800efb8                . = ALIGN (0x4)

.fini_array     0x000000000800efb8        0x4
                0x000000000800efb8                . = ALIGN (0x4)
                [!provide]                        PROVIDE (__fini_array_start = .)
 *(SORT_BY_NAME(.fini_array.*))
 *(.fini_array*)
 .fini_array    0x000000000800efb8        0x4 e:/st/stm32cubeide_1.3.0/stm32cubeide/plugins/com.st.stm32cube.ide.mcu.externaltools.gnu-tools-for-stm32.7-2018-q2-update.win32_1.0.0.201904181610/tools/bin/../lib/gcc/arm-none-eabi/7.3.1/thumb/v7-m/crtbegin.o
                [!provide]                        PROVIDE (__fini_array_end = .)
                0x000000000800efbc                . = ALIGN (0x4)
                0x000000000800efbc                _sidata = LOADADDR (.data)

.data           0x0000000020000000       0x20 load address 0x000000000800efbc
                0x0000000020000000                . = ALIGN (0x4)
                0x0000000020000000                _sdata = .
 *(.data)
 *(.data*)
 .data.CC2520_Source_PANID
                0x0000000020000000        0x2 Core/Src/CC2520.o
                0x0000000020000000                CC2520_Source_PANID
 *fill*         0x0000000020000002        0x2 
 .data.CC2520_Source_IEEEAddr
                0x0000000020000004        0x8 Core/Src/CC2520.o
                0x0000000020000004                CC2520_Source_IEEEAddr
 .data.TX_BUFF_WENXIN
                0x000000002000000c        0x7 Core/Src/main.o
                0x000000002000000c                TX_BUFF_WENXIN
 *fill*         0x0000000020000013        0x1 
 .data.SystemCoreClock
                0x0000000020000014        0x4 Core/Src/system_stm32f1xx.o
                0x0000000020000014                SystemCoreClock
 .data.uwTickPrio
                0x0000000020000018        0x4 Drivers/STM32F1xx_HAL_Driver/Src/stm32f1xx_hal.o
                0x0000000020000018                uwTickPrio
 .data.uwTickFreq
                0x000000002000001c        0x1 Drivers/STM32F1xx_HAL_Driver/Src/stm32f1xx_hal.o
                0x000000002000001c                uwTickFreq
                0x0000000020000020                . = ALIGN (0x4)
 *fill*         0x000000002000001d        0x3 
                0x0000000020000020                _edata = .

.igot.plt       0x0000000020000020        0x0 load address 0x000000000800efdc
 .igot.plt      0x0000000020000020        0x0 e:/st/stm32cubeide_1.3.0/stm32cubeide/plugins/com.st.stm32cube.ide.mcu.externaltools.gnu-tools-for-stm32.7-2018-q2-update.win32_1.0.0.201904181610/tools/bin/../lib/gcc/arm-none-eabi/7.3.1/thumb/v7-m/crtbegin.o
                0x0000000020000020                . = ALIGN (0x4)

.bss            0x0000000020000020      0xdb8 load address 0x000000000800efdc
                0x0000000020000020                _sbss = .
                0x0000000020000020                __bss_start__ = _sbss
 *(.bss)
 .bss           0x0000000020000020       0x1c e:/st/stm32cubeide_1.3.0/stm32cubeide/plugins/com.st.stm32cube.ide.mcu.externaltools.gnu-tools-for-stm32.7-2018-q2-update.win32_1.0.0.201904181610/tools/bin/../lib/gcc/arm-none-eabi/7.3.1/thumb/v7-m/crtbegin.o
 *(.bss*)
 .bss.time3_20ms
                0x000000002000003c        0x2 Core/Src/main.o
                0x000000002000003c                time3_20ms
 *(COMMON)
 *fill*         0x000000002000003e        0x2 
 COMMON         0x0000000020000040      0x598 Core/Src/CC2520.o
                0x0000000020000040                cc2520_senser_count
                0x0000000020000041                rx2_byte_count
                0x0000000020000044                g_u8Flag0
                0x0000000020000048                g_u8Flag3
                0x0000000020000049                rx2_byte_limit
                0x000000002000004c                g_u8Flag1
                0x0000000020000050                g_u8Flag6
                0x0000000020000051                RF_BadCycCnt
                0x0000000020000052                ADDR
                0x0000000020000054                rx2_buff
                0x0000000020000154                time_cc2520_no_rx
                0x0000000020000158                g_u8Flag_qian
                0x000000002000015c                g_u8Flag2
                0x0000000020000160                ptr
                0x0000000020000164                fre_set_temp
                0x0000000020000168                tx2_buff
                0x0000000020000268                fre_set_change
                0x0000000020000269                rx1_byte_count
                0x000000002000026c                g_u8Flag_hou
                0x0000000020000270                g_u8Flag4
                0x0000000020000271                tx1_byte_limit
                0x0000000020000272                CRC_HIG
                0x0000000020000273                tx2_byte_limit
                0x0000000020000274                rx1_byte_limit
                0x0000000020000278                rx1_buff
                0x0000000020000378                time_delay
                0x000000002000037c                tx1_byte_count
                0x0000000020000380                tx1_buff
                0x0000000020000480                g_u8Flag_no_fault
                0x0000000020000481                fre_set
                0x0000000020000484                cc2520_rx
                0x0000000020000544                g_u8Flag5
                0x0000000020000548                cc2520_rx_cycle
                0x000000002000054c                CRC_LOW
                0x000000002000054d                CC2520_WorkFreqIndex
                0x0000000020000550                time_display
                0x0000000020000554                CC2520_PSDU
                0x00000000200005d4                tx2_byte_count
                0x00000000200005d5                rc1timer
                0x00000000200005d6                cc2520_rx_count
                0x00000000200005d7                rc2timer
 COMMON         0x00000000200005d8      0x582 Core/Src/main.o
                0x00000000200005d8                delta_RG
                0x00000000200005dc                htim4
                0x000000002000061c                Rx_LEN
                0x0000000020000620                huart3
                0x0000000020000660                tim2_counter
                0x0000000020000664                Rxbuff1
                0x0000000020000684                bRxBuffer
                0x000000002000074c                R_BIT
                0x000000002000074d                G_BIT
                0x000000002000074e                Rx_Num_UART1
                0x0000000020000750                dRxBuffer
                0x0000000020000760                B_DATA
                0x0000000020000763                Rx_count_UART3
                0x0000000020000764                htim5
                0x00000000200007a4                g_u8Time20ms_4
                0x00000000200007a8                htim3
                0x00000000200007e8                fac_us
                0x00000000200007e9                i
                0x00000000200007ea                Rx_Num_UART3
                0x00000000200007ec                R_DATA
                0x00000000200007f0                huart1
                0x0000000020000830                delta_BX
                0x0000000020000831                g_u8Time20ms_7
                0x0000000020000834                cRxBuffer
                0x00000000200008fc                delta_GB
                0x00000000200008fd                g_u8Time20ms_2
                0x00000000200008fe                Rx_count_UART4
                0x0000000020000900                htim6
                0x0000000020000940                htim1
                0x0000000020000980                G_DATA
                0x0000000020000983                Rx_count_UART1
                0x0000000020000984                g_u8Time20ms_5
                0x0000000020000985                Rx_count_UART2
                0x0000000020000986                TX_LEN
                0x0000000020000988                aRxBuffer
                0x00000000200009a8                huart4
                0x00000000200009e8                Rxbuff2
                0x0000000020000a08                htim2
                0x0000000020000a48                Rx_Num_UART4
                0x0000000020000a49                B_BIT
                0x0000000020000a4c                huart2
                0x0000000020000a8c                Rxbuff3
                0x0000000020000b54                time_1ms
                0x0000000020000b56                g_u8Time20ms_1
                0x0000000020000b57                Rx_Num_UART2
                0x0000000020000b58                g_u8Time20ms_3
                0x0000000020000b59                g_u8Time20ms_6
 *fill*         0x0000000020000b5a        0x2 
 COMMON         0x0000000020000b5c      0x26c Core/Src/usb.o
                0x0000000020000b5c                hpcd_USB_FS
 COMMON         0x0000000020000dc8        0xa Core/Src/ws2812.o
                0x0000000020000dc8                GG
                0x0000000020000dc9                RR2
                0x0000000020000dca                LED_DAT
                0x0000000020000dcb                GG2
                0x0000000020000dcc                BB2
                0x0000000020000dcd                GG1
                0x0000000020000dce                RR
                0x0000000020000dcf                BB1
                0x0000000020000dd0                BB
                0x0000000020000dd1                RR1
 *fill*         0x0000000020000dd2        0x2 
 COMMON         0x0000000020000dd4        0x4 Drivers/STM32F1xx_HAL_Driver/Src/stm32f1xx_hal.o
                0x0000000020000dd4                uwTick
                0x0000000020000dd8                . = ALIGN (0x4)
                0x0000000020000dd8                _ebss = .
                0x0000000020000dd8                __bss_end__ = _ebss

._user_heap_stack
                0x0000000020000dd8      0x600 load address 0x000000000800efdc
                0x0000000020000dd8                . = ALIGN (0x8)
                0x0000000020000dd8                PROVIDE (end = .)
                [!provide]                        PROVIDE (_end = .)
                0x0000000020000fd8                . = (. + _Min_Heap_Size)
 *fill*         0x0000000020000dd8      0x200 
                0x00000000200013d8                . = (. + _Min_Stack_Size)
 *fill*         0x0000000020000fd8      0x400 
                0x00000000200013d8                . = ALIGN (0x8)

/DISCARD/
 libc.a(*)
 libm.a(*)
 libgcc.a(*)

.ARM.attributes
                0x0000000000000000       0x29
 *(.ARM.attributes)
 .ARM.attributes
                0x0000000000000000       0x1d e:/st/stm32cubeide_1.3.0/stm32cubeide/plugins/com.st.stm32cube.ide.mcu.externaltools.gnu-tools-for-stm32.7-2018-q2-update.win32_1.0.0.201904181610/tools/bin/../lib/gcc/arm-none-eabi/7.3.1/thumb/v7-m/crti.o
 .ARM.attributes
                0x000000000000001d       0x2d e:/st/stm32cubeide_1.3.0/stm32cubeide/plugins/com.st.stm32cube.ide.mcu.externaltools.gnu-tools-for-stm32.7-2018-q2-update.win32_1.0.0.201904181610/tools/bin/../lib/gcc/arm-none-eabi/7.3.1/thumb/v7-m/crtbegin.o
 .ARM.attributes
                0x000000000000004a       0x33 Core/Src/CC2520.o
 .ARM.attributes
                0x000000000000007d       0x33 Core/Src/LCD_TFT.o
 .ARM.attributes
                0x00000000000000b0       0x33 Core/Src/gpio.o
 .ARM.attributes
                0x00000000000000e3       0x33 Core/Src/main.o
 .ARM.attributes
                0x0000000000000116       0x33 Core/Src/stm32f1xx_hal_msp.o
 .ARM.attributes
                0x0000000000000149       0x33 Core/Src/stm32f1xx_it.o
 .ARM.attributes
                0x000000000000017c       0x33 Core/Src/system_stm32f1xx.o
 .ARM.attributes
                0x00000000000001af       0x33 Core/Src/tim.o
 .ARM.attributes
                0x00000000000001e2       0x33 Core/Src/usart.o
 .ARM.attributes
                0x0000000000000215       0x33 Core/Src/usb.o
 .ARM.attributes
                0x0000000000000248       0x33 Core/Src/ws2812.o
 .ARM.attributes
                0x000000000000027b       0x21 Core/Startup/startup_stm32f103rdtx.o
 .ARM.attributes
                0x000000000000029c       0x33 Drivers/STM32F1xx_HAL_Driver/Src/stm32f1xx_hal.o
 .ARM.attributes
                0x00000000000002cf       0x33 Drivers/STM32F1xx_HAL_Driver/Src/stm32f1xx_hal_cortex.o
 .ARM.attributes
                0x0000000000000302       0x33 Drivers/STM32F1xx_HAL_Driver/Src/stm32f1xx_hal_dma.o
 .ARM.attributes
                0x0000000000000335       0x33 Drivers/STM32F1xx_HAL_Driver/Src/stm32f1xx_hal_gpio.o
 .ARM.attributes
                0x0000000000000368       0x33 Drivers/STM32F1xx_HAL_Driver/Src/stm32f1xx_hal_pcd.o
 .ARM.attributes
                0x000000000000039b       0x33 Drivers/STM32F1xx_HAL_Driver/Src/stm32f1xx_hal_rcc.o
 .ARM.attributes
                0x00000000000003ce       0x33 Drivers/STM32F1xx_HAL_Driver/Src/stm32f1xx_hal_rcc_ex.o
 .ARM.attributes
                0x0000000000000401       0x33 Drivers/STM32F1xx_HAL_Driver/Src/stm32f1xx_hal_tim.o
 .ARM.attributes
                0x0000000000000434       0x33 Drivers/STM32F1xx_HAL_Driver/Src/stm32f1xx_hal_tim_ex.o
 .ARM.attributes
                0x0000000000000467       0x33 Drivers/STM32F1xx_HAL_Driver/Src/stm32f1xx_hal_uart.o
 .ARM.attributes
                0x000000000000049a       0x33 Drivers/STM32F1xx_HAL_Driver/Src/stm32f1xx_ll_usb.o
 .ARM.attributes
                0x00000000000004cd       0x2d e:/st/stm32cubeide_1.3.0/stm32cubeide/plugins/com.st.stm32cube.ide.mcu.externaltools.gnu-tools-for-stm32.7-2018-q2-update.win32_1.0.0.201904181610/tools/bin/../lib/gcc/arm-none-eabi/7.3.1/../../../../arm-none-eabi/lib/thumb/v7-m\libc_nano.a(lib_a-init.o)
 .ARM.attributes
                0x00000000000004fa       0x2d e:/st/stm32cubeide_1.3.0/stm32cubeide/plugins/com.st.stm32cube.ide.mcu.externaltools.gnu-tools-for-stm32.7-2018-q2-update.win32_1.0.0.201904181610/tools/bin/../lib/gcc/arm-none-eabi/7.3.1/../../../../arm-none-eabi/lib/thumb/v7-m\libc_nano.a(lib_a-memset.o)
 .ARM.attributes
                0x0000000000000527       0x1d e:/st/stm32cubeide_1.3.0/stm32cubeide/plugins/com.st.stm32cube.ide.mcu.externaltools.gnu-tools-for-stm32.7-2018-q2-update.win32_1.0.0.201904181610/tools/bin/../lib/gcc/arm-none-eabi/7.3.1/thumb/v7-m/crtn.o
OUTPUT(RGB_TEST_slave2.elf elf32-littlearm)

.debug_info     0x0000000000000000    0x1122f
 .debug_info    0x0000000000000000      0xd17 Core/Src/CC2520.o
 .debug_info    0x0000000000000d17      0x915 Core/Src/LCD_TFT.o
 .debug_info    0x000000000000162c      0x63c Core/Src/gpio.o
 .debug_info    0x0000000000001c68     0x177c Core/Src/main.o
 .debug_info    0x00000000000033e4      0x5af Core/Src/stm32f1xx_hal_msp.o
 .debug_info    0x0000000000003993      0xbc6 Core/Src/stm32f1xx_it.o
 .debug_info    0x0000000000004559      0x433 Core/Src/system_stm32f1xx.o
 .debug_info    0x000000000000498c      0xd7e Core/Src/tim.o
 .debug_info    0x000000000000570a      0xc83 Core/Src/usart.o
 .debug_info    0x000000000000638d      0xa00 Core/Src/usb.o
 .debug_info    0x0000000000006d8d      0xc84 Core/Src/ws2812.o
 .debug_info    0x0000000000007a11       0x22 Core/Startup/startup_stm32f103rdtx.o
 .debug_info    0x0000000000007a33      0x764 Drivers/STM32F1xx_HAL_Driver/Src/stm32f1xx_hal.o
 .debug_info    0x0000000000008197      0xbac Drivers/STM32F1xx_HAL_Driver/Src/stm32f1xx_hal_cortex.o
 .debug_info    0x0000000000008d43      0x7a6 Drivers/STM32F1xx_HAL_Driver/Src/stm32f1xx_hal_dma.o
 .debug_info    0x00000000000094e9      0x681 Drivers/STM32F1xx_HAL_Driver/Src/stm32f1xx_hal_gpio.o
 .debug_info    0x0000000000009b6a      0xe38 Drivers/STM32F1xx_HAL_Driver/Src/stm32f1xx_hal_pcd.o
 .debug_info    0x000000000000a9a2      0x804 Drivers/STM32F1xx_HAL_Driver/Src/stm32f1xx_hal_rcc.o
 .debug_info    0x000000000000b1a6      0x453 Drivers/STM32F1xx_HAL_Driver/Src/stm32f1xx_hal_rcc_ex.o
 .debug_info    0x000000000000b5f9     0x2456 Drivers/STM32F1xx_HAL_Driver/Src/stm32f1xx_hal_tim.o
 .debug_info    0x000000000000da4f     0x1104 Drivers/STM32F1xx_HAL_Driver/Src/stm32f1xx_hal_tim_ex.o
 .debug_info    0x000000000000eb53     0x11e3 Drivers/STM32F1xx_HAL_Driver/Src/stm32f1xx_hal_uart.o
 .debug_info    0x000000000000fd36     0x14f9 Drivers/STM32F1xx_HAL_Driver/Src/stm32f1xx_ll_usb.o

.debug_abbrev   0x0000000000000000     0x2c9e
 .debug_abbrev  0x0000000000000000      0x2dd Core/Src/CC2520.o
 .debug_abbrev  0x00000000000002dd      0x232 Core/Src/LCD_TFT.o
 .debug_abbrev  0x000000000000050f      0x185 Core/Src/gpio.o
 .debug_abbrev  0x0000000000000694      0x2a3 Core/Src/main.o
 .debug_abbrev  0x0000000000000937      0x167 Core/Src/stm32f1xx_hal_msp.o
 .debug_abbrev  0x0000000000000a9e      0x1ab Core/Src/stm32f1xx_it.o
 .debug_abbrev  0x0000000000000c49      0x134 Core/Src/system_stm32f1xx.o
 .debug_abbrev  0x0000000000000d7d      0x1f5 Core/Src/tim.o
 .debug_abbrev  0x0000000000000f72      0x1f3 Core/Src/usart.o
 .debug_abbrev  0x0000000000001165      0x1dc Core/Src/usb.o
 .debug_abbrev  0x0000000000001341      0x270 Core/Src/ws2812.o
 .debug_abbrev  0x00000000000015b1       0x12 Core/Startup/startup_stm32f103rdtx.o
 .debug_abbrev  0x00000000000015c3      0x1d8 Drivers/STM32F1xx_HAL_Driver/Src/stm32f1xx_hal.o
 .debug_abbrev  0x000000000000179b      0x2d5 Drivers/STM32F1xx_HAL_Driver/Src/stm32f1xx_hal_cortex.o
 .debug_abbrev  0x0000000000001a70      0x1fe Drivers/STM32F1xx_HAL_Driver/Src/stm32f1xx_hal_dma.o
 .debug_abbrev  0x0000000000001c6e      0x1c0 Drivers/STM32F1xx_HAL_Driver/Src/stm32f1xx_hal_gpio.o
 .debug_abbrev  0x0000000000001e2e      0x263 Drivers/STM32F1xx_HAL_Driver/Src/stm32f1xx_hal_pcd.o
 .debug_abbrev  0x0000000000002091      0x243 Drivers/STM32F1xx_HAL_Driver/Src/stm32f1xx_hal_rcc.o
 .debug_abbrev  0x00000000000022d4      0x175 Drivers/STM32F1xx_HAL_Driver/Src/stm32f1xx_hal_rcc_ex.o
 .debug_abbrev  0x0000000000002449      0x230 Drivers/STM32F1xx_HAL_Driver/Src/stm32f1xx_hal_tim.o
 .debug_abbrev  0x0000000000002679      0x21e Drivers/STM32F1xx_HAL_Driver/Src/stm32f1xx_hal_tim_ex.o
 .debug_abbrev  0x0000000000002897      0x242 Drivers/STM32F1xx_HAL_Driver/Src/stm32f1xx_hal_uart.o
 .debug_abbrev  0x0000000000002ad9      0x1c5 Drivers/STM32F1xx_HAL_Driver/Src/stm32f1xx_ll_usb.o

.debug_aranges  0x0000000000000000     0x10a8
 .debug_aranges
                0x0000000000000000       0xe8 Core/Src/CC2520.o
 .debug_aranges
                0x00000000000000e8       0x88 Core/Src/LCD_TFT.o
 .debug_aranges
                0x0000000000000170       0x20 Core/Src/gpio.o
 .debug_aranges
                0x0000000000000190       0x58 Core/Src/main.o
 .debug_aranges
                0x00000000000001e8       0x20 Core/Src/stm32f1xx_hal_msp.o
 .debug_aranges
                0x0000000000000208       0x80 Core/Src/stm32f1xx_it.o
 .debug_aranges
                0x0000000000000288       0x28 Core/Src/system_stm32f1xx.o
 .debug_aranges
                0x00000000000002b0       0x48 Core/Src/tim.o
 .debug_aranges
                0x00000000000002f8       0x38 Core/Src/usart.o
 .debug_aranges
                0x0000000000000330       0x30 Core/Src/usb.o
 .debug_aranges
                0x0000000000000360       0xb8 Core/Src/ws2812.o
 .debug_aranges
                0x0000000000000418       0x28 Core/Startup/startup_stm32f103rdtx.o
 .debug_aranges
                0x0000000000000440       0xe0 Drivers/STM32F1xx_HAL_Driver/Src/stm32f1xx_hal.o
 .debug_aranges
                0x0000000000000520      0x100 Drivers/STM32F1xx_HAL_Driver/Src/stm32f1xx_hal_cortex.o
 .debug_aranges
                0x0000000000000620       0x80 Drivers/STM32F1xx_HAL_Driver/Src/stm32f1xx_hal_dma.o
 .debug_aranges
                0x00000000000006a0       0x58 Drivers/STM32F1xx_HAL_Driver/Src/stm32f1xx_hal_gpio.o
 .debug_aranges
                0x00000000000006f8      0x120 Drivers/STM32F1xx_HAL_Driver/Src/stm32f1xx_hal_pcd.o
 .debug_aranges
                0x0000000000000818       0x90 Drivers/STM32F1xx_HAL_Driver/Src/stm32f1xx_hal_rcc.o
 .debug_aranges
                0x00000000000008a8       0x30 Drivers/STM32F1xx_HAL_Driver/Src/stm32f1xx_hal_rcc_ex.o
 .debug_aranges
                0x00000000000008d8      0x3a8 Drivers/STM32F1xx_HAL_Driver/Src/stm32f1xx_hal_tim.o
 .debug_aranges
                0x0000000000000c80      0x150 Drivers/STM32F1xx_HAL_Driver/Src/stm32f1xx_hal_tim_ex.o
 .debug_aranges
                0x0000000000000dd0      0x1d0 Drivers/STM32F1xx_HAL_Driver/Src/stm32f1xx_hal_uart.o
 .debug_aranges
                0x0000000000000fa0      0x108 Drivers/STM32F1xx_HAL_Driver/Src/stm32f1xx_ll_usb.o

.debug_ranges   0x0000000000000000      0xf40
 .debug_ranges  0x0000000000000000       0xd8 Core/Src/CC2520.o
 .debug_ranges  0x00000000000000d8       0x78 Core/Src/LCD_TFT.o
 .debug_ranges  0x0000000000000150       0x10 Core/Src/gpio.o
 .debug_ranges  0x0000000000000160       0x48 Core/Src/main.o
 .debug_ranges  0x00000000000001a8       0x10 Core/Src/stm32f1xx_hal_msp.o
 .debug_ranges  0x00000000000001b8       0x70 Core/Src/stm32f1xx_it.o
 .debug_ranges  0x0000000000000228       0x18 Core/Src/system_stm32f1xx.o
 .debug_ranges  0x0000000000000240       0x38 Core/Src/tim.o
 .debug_ranges  0x0000000000000278       0x28 Core/Src/usart.o
 .debug_ranges  0x00000000000002a0       0x20 Core/Src/usb.o
 .debug_ranges  0x00000000000002c0       0xa8 Core/Src/ws2812.o
 .debug_ranges  0x0000000000000368       0x20 Core/Startup/startup_stm32f103rdtx.o
 .debug_ranges  0x0000000000000388       0xd0 Drivers/STM32F1xx_HAL_Driver/Src/stm32f1xx_hal.o
 .debug_ranges  0x0000000000000458       0xf0 Drivers/STM32F1xx_HAL_Driver/Src/stm32f1xx_hal_cortex.o
 .debug_ranges  0x0000000000000548       0x70 Drivers/STM32F1xx_HAL_Driver/Src/stm32f1xx_hal_dma.o
 .debug_ranges  0x00000000000005b8       0x48 Drivers/STM32F1xx_HAL_Driver/Src/stm32f1xx_hal_gpio.o
 .debug_ranges  0x0000000000000600      0x110 Drivers/STM32F1xx_HAL_Driver/Src/stm32f1xx_hal_pcd.o
 .debug_ranges  0x0000000000000710       0x80 Drivers/STM32F1xx_HAL_Driver/Src/stm32f1xx_hal_rcc.o
 .debug_ranges  0x0000000000000790       0x20 Drivers/STM32F1xx_HAL_Driver/Src/stm32f1xx_hal_rcc_ex.o
 .debug_ranges  0x00000000000007b0      0x398 Drivers/STM32F1xx_HAL_Driver/Src/stm32f1xx_hal_tim.o
 .debug_ranges  0x0000000000000b48      0x140 Drivers/STM32F1xx_HAL_Driver/Src/stm32f1xx_hal_tim_ex.o
 .debug_ranges  0x0000000000000c88      0x1c0 Drivers/STM32F1xx_HAL_Driver/Src/stm32f1xx_hal_uart.o
 .debug_ranges  0x0000000000000e48       0xf8 Drivers/STM32F1xx_HAL_Driver/Src/stm32f1xx_ll_usb.o

.debug_macro    0x0000000000000000    0x1761a
 .debug_macro   0x0000000000000000      0x215 Core/Src/CC2520.o
 .debug_macro   0x0000000000000215      0xa5a Core/Src/CC2520.o
 .debug_macro   0x0000000000000c6f      0x221 Core/Src/CC2520.o
 .debug_macro   0x0000000000000e90       0x2e Core/Src/CC2520.o
 .debug_macro   0x0000000000000ebe       0x22 Core/Src/CC2520.o
 .debug_macro   0x0000000000000ee0       0x22 Core/Src/CC2520.o
 .debug_macro   0x0000000000000f02       0x8e Core/Src/CC2520.o
 .debug_macro   0x0000000000000f90       0x51 Core/Src/CC2520.o
 .debug_macro   0x0000000000000fe1       0xef Core/Src/CC2520.o
 .debug_macro   0x00000000000010d0       0x6a Core/Src/CC2520.o
 .debug_macro   0x000000000000113a      0x1df Core/Src/CC2520.o
 .debug_macro   0x0000000000001319       0x1c Core/Src/CC2520.o
 .debug_macro   0x0000000000001335       0x22 Core/Src/CC2520.o
 .debug_macro   0x0000000000001357       0xc3 Core/Src/CC2520.o
 .debug_macro   0x000000000000141a      0xd23 Core/Src/CC2520.o
 .debug_macro   0x000000000000213d     0xfd8c Core/Src/CC2520.o
 .debug_macro   0x0000000000011ec9       0x43 Core/Src/CC2520.o
 .debug_macro   0x0000000000011f0c      0x174 Core/Src/CC2520.o
 .debug_macro   0x0000000000012080       0x5a Core/Src/CC2520.o
 .debug_macro   0x00000000000120da      0x5be Core/Src/CC2520.o
 .debug_macro   0x0000000000012698      0x4d5 Core/Src/CC2520.o
 .debug_macro   0x0000000000012b6d      0x1cb Core/Src/CC2520.o
 .debug_macro   0x0000000000012d38      0x114 Core/Src/CC2520.o
 .debug_macro   0x0000000000012e4c      0x1ea Core/Src/CC2520.o
 .debug_macro   0x0000000000013036       0x27 Core/Src/CC2520.o
 .debug_macro   0x000000000001305d      0x144 Core/Src/CC2520.o
 .debug_macro   0x00000000000131a1      0x1bc Core/Src/CC2520.o
 .debug_macro   0x000000000001335d       0x30 Core/Src/CC2520.o
 .debug_macro   0x000000000001338d       0x3c Core/Src/CC2520.o
 .debug_macro   0x00000000000133c9       0x57 Core/Src/CC2520.o
 .debug_macro   0x0000000000013420       0x88 Core/Src/CC2520.o
 .debug_macro   0x00000000000134a8      0x24f Core/Src/CC2520.o
 .debug_macro   0x00000000000136f7      0x141 Core/Src/CC2520.o
 .debug_macro   0x0000000000013838      0x88b Core/Src/CC2520.o
 .debug_macro   0x00000000000140c3      0x26b Core/Src/CC2520.o
 .debug_macro   0x000000000001432e       0x65 Core/Src/CC2520.o
 .debug_macro   0x0000000000014393      0x249 Core/Src/CC2520.o
 .debug_macro   0x00000000000145dc       0xb5 Core/Src/CC2520.o
 .debug_macro   0x0000000000014691       0x22 Core/Src/CC2520.o
 .debug_macro   0x00000000000146b3      0x4ff Core/Src/CC2520.o
 .debug_macro   0x0000000000014bb2      0x326 Core/Src/CC2520.o
 .debug_macro   0x0000000000014ed8      0x23c Core/Src/LCD_TFT.o
 .debug_macro   0x0000000000015114      0x1e0 Core/Src/gpio.o
 .debug_macro   0x00000000000152f4      0x245 Core/Src/main.o
 .debug_macro   0x0000000000015539      0x1d6 Core/Src/stm32f1xx_hal_msp.o
 .debug_macro   0x000000000001570f      0x1e0 Core/Src/stm32f1xx_it.o
 .debug_macro   0x00000000000158ef      0x1c4 Core/Src/system_stm32f1xx.o
 .debug_macro   0x0000000000015ab3      0x1e0 Core/Src/tim.o
 .debug_macro   0x0000000000015c93      0x1e0 Core/Src/usart.o
 .debug_macro   0x0000000000015e73      0x1e0 Core/Src/usb.o
 .debug_macro   0x0000000000016053      0x1ee Core/Src/ws2812.o
 .debug_macro   0x0000000000016241      0x1e2 Drivers/STM32F1xx_HAL_Driver/Src/stm32f1xx_hal.o
 .debug_macro   0x0000000000016423      0x1be Drivers/STM32F1xx_HAL_Driver/Src/stm32f1xx_hal_cortex.o
 .debug_macro   0x00000000000165e1      0x1be Drivers/STM32F1xx_HAL_Driver/Src/stm32f1xx_hal_dma.o
 .debug_macro   0x000000000001679f      0x229 Drivers/STM32F1xx_HAL_Driver/Src/stm32f1xx_hal_gpio.o
 .debug_macro   0x00000000000169c8      0x1ca Drivers/STM32F1xx_HAL_Driver/Src/stm32f1xx_hal_pcd.o
 .debug_macro   0x0000000000016b92      0x1d0 Drivers/STM32F1xx_HAL_Driver/Src/stm32f1xx_hal_rcc.o
 .debug_macro   0x0000000000016d62      0x1be Drivers/STM32F1xx_HAL_Driver/Src/stm32f1xx_hal_rcc_ex.o
 .debug_macro   0x0000000000016f20      0x1bf Drivers/STM32F1xx_HAL_Driver/Src/stm32f1xx_hal_tim.o
 .debug_macro   0x00000000000170df      0x1be Drivers/STM32F1xx_HAL_Driver/Src/stm32f1xx_hal_tim_ex.o
 .debug_macro   0x000000000001729d      0x1bf Drivers/STM32F1xx_HAL_Driver/Src/stm32f1xx_hal_uart.o
 .debug_macro   0x000000000001745c      0x1be Drivers/STM32F1xx_HAL_Driver/Src/stm32f1xx_ll_usb.o

.debug_line     0x0000000000000000     0xde15
 .debug_line    0x0000000000000000      0xb34 Core/Src/CC2520.o
 .debug_line    0x0000000000000b34      0x88c Core/Src/LCD_TFT.o
 .debug_line    0x00000000000013c0      0x6b8 Core/Src/gpio.o
 .debug_line    0x0000000000001a78      0x837 Core/Src/main.o
 .debug_line    0x00000000000022af      0x68a Core/Src/stm32f1xx_hal_msp.o
 .debug_line    0x0000000000002939      0x775 Core/Src/stm32f1xx_it.o
 .debug_line    0x00000000000030ae      0x6ae Core/Src/system_stm32f1xx.o
 .debug_line    0x000000000000375c      0x750 Core/Src/tim.o
 .debug_line    0x0000000000003eac      0x6f5 Core/Src/usart.o
 .debug_line    0x00000000000045a1      0x6ad Core/Src/usb.o
 .debug_line    0x0000000000004c4e      0xc66 Core/Src/ws2812.o
 .debug_line    0x00000000000058b4       0x84 Core/Startup/startup_stm32f103rdtx.o
 .debug_line    0x0000000000005938      0x856 Drivers/STM32F1xx_HAL_Driver/Src/stm32f1xx_hal.o
 .debug_line    0x000000000000618e      0x92f Drivers/STM32F1xx_HAL_Driver/Src/stm32f1xx_hal_cortex.o
 .debug_line    0x0000000000006abd      0xf3f Drivers/STM32F1xx_HAL_Driver/Src/stm32f1xx_hal_dma.o
 .debug_line    0x00000000000079fc      0x87e Drivers/STM32F1xx_HAL_Driver/Src/stm32f1xx_hal_gpio.o
 .debug_line    0x000000000000827a      0xb49 Drivers/STM32F1xx_HAL_Driver/Src/stm32f1xx_hal_pcd.o
 .debug_line    0x0000000000008dc3      0x918 Drivers/STM32F1xx_HAL_Driver/Src/stm32f1xx_hal_rcc.o
 .debug_line    0x00000000000096db      0x73c Drivers/STM32F1xx_HAL_Driver/Src/stm32f1xx_hal_rcc_ex.o
 .debug_line    0x0000000000009e17     0x18d2 Drivers/STM32F1xx_HAL_Driver/Src/stm32f1xx_hal_tim.o
 .debug_line    0x000000000000b6e9      0xc69 Drivers/STM32F1xx_HAL_Driver/Src/stm32f1xx_hal_tim_ex.o
 .debug_line    0x000000000000c352      0xf61 Drivers/STM32F1xx_HAL_Driver/Src/stm32f1xx_hal_uart.o
 .debug_line    0x000000000000d2b3      0xb62 Drivers/STM32F1xx_HAL_Driver/Src/stm32f1xx_ll_usb.o

.debug_str      0x0000000000000000    0x81afa
 .debug_str     0x0000000000000000    0x7d5ce Core/Src/CC2520.o
                                      0x7d97c (size before relaxing)
 .debug_str     0x000000000007d5ce      0x1f6 Core/Src/LCD_TFT.o
                                      0x7cc81 (size before relaxing)
 .debug_str     0x000000000007d7c4       0x8c Core/Src/gpio.o
                                      0x7cb4c (size before relaxing)
 .debug_str     0x000000000007d850      0xd9b Core/Src/main.o
                                      0x7e37d (size before relaxing)
 .debug_str     0x000000000007e5eb       0x50 Core/Src/stm32f1xx_hal_msp.o
                                      0x7cb18 (size before relaxing)
 .debug_str     0x000000000007e63b       0xff Core/Src/stm32f1xx_it.o
                                      0x7d0f2 (size before relaxing)
 .debug_str     0x000000000007e73a       0xc2 Core/Src/system_stm32f1xx.o
                                      0x7b6d1 (size before relaxing)
 .debug_str     0x000000000007e7fc      0x41a Core/Src/tim.o
                                      0x7d39a (size before relaxing)
 .debug_str     0x000000000007ec16       0x6b Core/Src/usart.o
                                      0x7d2eb (size before relaxing)
 .debug_str     0x000000000007ec81       0x4e Core/Src/usb.o
                                      0x7ce88 (size before relaxing)
 .debug_str     0x000000000007eccf      0x12e Core/Src/ws2812.o
                                      0x7cf9f (size before relaxing)
 .debug_str     0x000000000007edfd       0x36 Core/Startup/startup_stm32f103rdtx.o
                                         0x52 (size before relaxing)
 .debug_str     0x000000000007ee33      0x3a8 Drivers/STM32F1xx_HAL_Driver/Src/stm32f1xx_hal.o
                                      0x7bdc6 (size before relaxing)
 .debug_str     0x000000000007f1db      0x29a Drivers/STM32F1xx_HAL_Driver/Src/stm32f1xx_hal_cortex.o
                                      0x7bdd4 (size before relaxing)
 .debug_str     0x000000000007f475      0x23a Drivers/STM32F1xx_HAL_Driver/Src/stm32f1xx_hal_dma.o
                                      0x7ba32 (size before relaxing)
 .debug_str     0x000000000007f6af      0x31f Drivers/STM32F1xx_HAL_Driver/Src/stm32f1xx_hal_gpio.o
                                      0x7ba1b (size before relaxing)
 .debug_str     0x000000000007f9ce      0x38d Drivers/STM32F1xx_HAL_Driver/Src/stm32f1xx_hal_pcd.o
                                      0x7bd02 (size before relaxing)
 .debug_str     0x000000000007fd5b      0x263 Drivers/STM32F1xx_HAL_Driver/Src/stm32f1xx_hal_rcc.o
                                      0x7ba54 (size before relaxing)
 .debug_str     0x000000000007ffbe       0xb9 Drivers/STM32F1xx_HAL_Driver/Src/stm32f1xx_hal_rcc_ex.o
                                      0x7b807 (size before relaxing)
 .debug_str     0x0000000000080077      0xd59 Drivers/STM32F1xx_HAL_Driver/Src/stm32f1xx_hal_tim.o
                                      0x7c81f (size before relaxing)
 .debug_str     0x0000000000080dd0      0x52f Drivers/STM32F1xx_HAL_Driver/Src/stm32f1xx_hal_tim_ex.o
                                      0x7c01f (size before relaxing)
 .debug_str     0x00000000000812ff      0x4fe Drivers/STM32F1xx_HAL_Driver/Src/stm32f1xx_hal_uart.o
                                      0x7bf43 (size before relaxing)
 .debug_str     0x00000000000817fd      0x2fd Drivers/STM32F1xx_HAL_Driver/Src/stm32f1xx_ll_usb.o
                                      0x7bb48 (size before relaxing)

.comment        0x0000000000000000       0x7b
 .comment       0x0000000000000000       0x7b Core/Src/CC2520.o
                                         0x7c (size before relaxing)
 .comment       0x000000000000007b       0x7c Core/Src/LCD_TFT.o
 .comment       0x000000000000007b       0x7c Core/Src/gpio.o
 .comment       0x000000000000007b       0x7c Core/Src/main.o
 .comment       0x000000000000007b       0x7c Core/Src/stm32f1xx_hal_msp.o
 .comment       0x000000000000007b       0x7c Core/Src/stm32f1xx_it.o
 .comment       0x000000000000007b       0x7c Core/Src/system_stm32f1xx.o
 .comment       0x000000000000007b       0x7c Core/Src/tim.o
 .comment       0x000000000000007b       0x7c Core/Src/usart.o
 .comment       0x000000000000007b       0x7c Core/Src/usb.o
 .comment       0x000000000000007b       0x7c Core/Src/ws2812.o
 .comment       0x000000000000007b       0x7c Drivers/STM32F1xx_HAL_Driver/Src/stm32f1xx_hal.o
 .comment       0x000000000000007b       0x7c Drivers/STM32F1xx_HAL_Driver/Src/stm32f1xx_hal_cortex.o
 .comment       0x000000000000007b       0x7c Drivers/STM32F1xx_HAL_Driver/Src/stm32f1xx_hal_dma.o
 .comment       0x000000000000007b       0x7c Drivers/STM32F1xx_HAL_Driver/Src/stm32f1xx_hal_gpio.o
 .comment       0x000000000000007b       0x7c Drivers/STM32F1xx_HAL_Driver/Src/stm32f1xx_hal_pcd.o
 .comment       0x000000000000007b       0x7c Drivers/STM32F1xx_HAL_Driver/Src/stm32f1xx_hal_rcc.o
 .comment       0x000000000000007b       0x7c Drivers/STM32F1xx_HAL_Driver/Src/stm32f1xx_hal_rcc_ex.o
 .comment       0x000000000000007b       0x7c Drivers/STM32F1xx_HAL_Driver/Src/stm32f1xx_hal_tim.o
 .comment       0x000000000000007b       0x7c Drivers/STM32F1xx_HAL_Driver/Src/stm32f1xx_hal_tim_ex.o
 .comment       0x000000000000007b       0x7c Drivers/STM32F1xx_HAL_Driver/Src/stm32f1xx_hal_uart.o
 .comment       0x000000000000007b       0x7c Drivers/STM32F1xx_HAL_Driver/Src/stm32f1xx_ll_usb.o

.debug_frame    0x0000000000000000     0x441c
 .debug_frame   0x0000000000000000      0x3a0 Core/Src/CC2520.o
 .debug_frame   0x00000000000003a0      0x200 Core/Src/LCD_TFT.o
 .debug_frame   0x00000000000005a0       0x34 Core/Src/gpio.o
 .debug_frame   0x00000000000005d4      0x12c Core/Src/main.o
 .debug_frame   0x0000000000000700       0x38 Core/Src/stm32f1xx_hal_msp.o
 .debug_frame   0x0000000000000738      0x17c Core/Src/stm32f1xx_it.o
 .debug_frame   0x00000000000008b4       0x58 Core/Src/system_stm32f1xx.o
 .debug_frame   0x000000000000090c       0xe8 Core/Src/tim.o
 .debug_frame   0x00000000000009f4       0x90 Core/Src/usart.o
 .debug_frame   0x0000000000000a84       0x7c Core/Src/usb.o
 .debug_frame   0x0000000000000b00      0x2c0 Core/Src/ws2812.o
 .debug_frame   0x0000000000000dc0      0x334 Drivers/STM32F1xx_HAL_Driver/Src/stm32f1xx_hal.o
 .debug_frame   0x00000000000010f4      0x428 Drivers/STM32F1xx_HAL_Driver/Src/stm32f1xx_hal_cortex.o
 .debug_frame   0x000000000000151c      0x20c Drivers/STM32F1xx_HAL_Driver/Src/stm32f1xx_hal_dma.o
 .debug_frame   0x0000000000001728      0x14c Drivers/STM32F1xx_HAL_Driver/Src/stm32f1xx_hal_gpio.o
 .debug_frame   0x0000000000001874      0x500 Drivers/STM32F1xx_HAL_Driver/Src/stm32f1xx_hal_pcd.o
 .debug_frame   0x0000000000001d74      0x21c Drivers/STM32F1xx_HAL_Driver/Src/stm32f1xx_hal_rcc.o
 .debug_frame   0x0000000000001f90       0x84 Drivers/STM32F1xx_HAL_Driver/Src/stm32f1xx_hal_rcc_ex.o
 .debug_frame   0x0000000000002014     0x10f0 Drivers/STM32F1xx_HAL_Driver/Src/stm32f1xx_hal_tim.o
 .debug_frame   0x0000000000003104      0x5c0 Drivers/STM32F1xx_HAL_Driver/Src/stm32f1xx_hal_tim_ex.o
 .debug_frame   0x00000000000036c4      0x834 Drivers/STM32F1xx_HAL_Driver/Src/stm32f1xx_hal_uart.o
 .debug_frame   0x0000000000003ef8      0x4d8 Drivers/STM32F1xx_HAL_Driver/Src/stm32f1xx_ll_usb.o
 .debug_frame   0x00000000000043d0       0x2c e:/st/stm32cubeide_1.3.0/stm32cubeide/plugins/com.st.stm32cube.ide.mcu.externaltools.gnu-tools-for-stm32.7-2018-q2-update.win32_1.0.0.201904181610/tools/bin/../lib/gcc/arm-none-eabi/7.3.1/../../../../arm-none-eabi/lib/thumb/v7-m\libc_nano.a(lib_a-init.o)
 .debug_frame   0x00000000000043fc       0x20 e:/st/stm32cubeide_1.3.0/stm32cubeide/plugins/com.st.stm32cube.ide.mcu.externaltools.gnu-tools-for-stm32.7-2018-q2-update.win32_1.0.0.201904181610/tools/bin/../lib/gcc/arm-none-eabi/7.3.1/../../../../arm-none-eabi/lib/thumb/v7-m\libc_nano.a(lib_a-memset.o)
