Archive member included to satisfy reference by file (symbol)

e:/st/stm32cubeide_1.3.0/stm32cubeide/plugins/com.st.stm32cube.ide.mcu.externaltools.gnu-tools-for-stm32.7-2018-q2-update.win32_1.0.0.201904181610/tools/bin/../lib/gcc/arm-none-eabi/7.3.1/../../../../arm-none-eabi/lib/thumb/v7-m\libc_nano.a(lib_a-errno.o)
                              Core/Src/syscalls.o (__errno)
e:/st/stm32cubeide_1.3.0/stm32cubeide/plugins/com.st.stm32cube.ide.mcu.externaltools.gnu-tools-for-stm32.7-2018-q2-update.win32_1.0.0.201904181610/tools/bin/../lib/gcc/arm-none-eabi/7.3.1/../../../../arm-none-eabi/lib/thumb/v7-m\libc_nano.a(lib_a-exit.o)
                              e:/st/stm32cubeide_1.3.0/stm32cubeide/plugins/com.st.stm32cube.ide.mcu.externaltools.gnu-tools-for-stm32.7-2018-q2-update.win32_1.0.0.201904181610/tools/bin/../lib/gcc/arm-none-eabi/7.3.1/../../../../arm-none-eabi/lib/thumb/v7-m/crt0.o (exit)
e:/st/stm32cubeide_1.3.0/stm32cubeide/plugins/com.st.stm32cube.ide.mcu.externaltools.gnu-tools-for-stm32.7-2018-q2-update.win32_1.0.0.201904181610/tools/bin/../lib/gcc/arm-none-eabi/7.3.1/../../../../arm-none-eabi/lib/thumb/v7-m\libc_nano.a(lib_a-impure.o)
                              e:/st/stm32cubeide_1.3.0/stm32cubeide/plugins/com.st.stm32cube.ide.mcu.externaltools.gnu-tools-for-stm32.7-2018-q2-update.win32_1.0.0.201904181610/tools/bin/../lib/gcc/arm-none-eabi/7.3.1/../../../../arm-none-eabi/lib/thumb/v7-m\libc_nano.a(lib_a-exit.o) (_global_impure_ptr)
e:/st/stm32cubeide_1.3.0/stm32cubeide/plugins/com.st.stm32cube.ide.mcu.externaltools.gnu-tools-for-stm32.7-2018-q2-update.win32_1.0.0.201904181610/tools/bin/../lib/gcc/arm-none-eabi/7.3.1/../../../../arm-none-eabi/lib/thumb/v7-m\libc_nano.a(lib_a-init.o)
                              e:/st/stm32cubeide_1.3.0/stm32cubeide/plugins/com.st.stm32cube.ide.mcu.externaltools.gnu-tools-for-stm32.7-2018-q2-update.win32_1.0.0.201904181610/tools/bin/../lib/gcc/arm-none-eabi/7.3.1/../../../../arm-none-eabi/lib/thumb/v7-m/crt0.o (__libc_init_array)
e:/st/stm32cubeide_1.3.0/stm32cubeide/plugins/com.st.stm32cube.ide.mcu.externaltools.gnu-tools-for-stm32.7-2018-q2-update.win32_1.0.0.201904181610/tools/bin/../lib/gcc/arm-none-eabi/7.3.1/../../../../arm-none-eabi/lib/thumb/v7-m\libc_nano.a(lib_a-memset.o)
                              e:/st/stm32cubeide_1.3.0/stm32cubeide/plugins/com.st.stm32cube.ide.mcu.externaltools.gnu-tools-for-stm32.7-2018-q2-update.win32_1.0.0.201904181610/tools/bin/../lib/gcc/arm-none-eabi/7.3.1/../../../../arm-none-eabi/lib/thumb/v7-m/crt0.o (memset)

Allocating common symbols
Common symbol       size              file

GG                  0x1               Core/Src/ws2812.o
RR2                 0x1               Core/Src/ws2812.o
cc2520_senser_count
                    0x1               Core/Src/CC2520.o
rx2_byte_count      0x1               Core/Src/CC2520.o
g_u8Flag0           0x1               Core/Src/CC2520.o
g_u8Flag3           0x1               Core/Src/CC2520.o
rx2_byte_limit      0x1               Core/Src/CC2520.o
delta_RG            0x1               Core/Src/main.o
htim4               0x40              Core/Src/main.o
g_u8Flag1           0x1               Core/Src/CC2520.o
Rx_LEN              0x1               Core/Src/main.o
huart3              0x40              Core/Src/main.o
g_u8Flag6           0x1               Core/Src/CC2520.o
tim2_counter        0x1               Core/Src/main.o
RF_BadCycCnt        0x1               Core/Src/CC2520.o
ADDR                0x1               Core/Src/CC2520.o
Rxbuff1             0x20              Core/Src/main.o
rx2_buff            0x100             Core/Src/CC2520.o
time_cc2520_no_rx   0x4               Core/Src/CC2520.o
g_u8Flag_qian       0x1               Core/Src/CC2520.o
bRxBuffer           0xc8              Core/Src/main.o
g_u8Flag2           0x1               Core/Src/CC2520.o
R_BIT               0x1               Core/Src/main.o
G_BIT               0x1               Core/Src/main.o
Rx_Num_UART1        0x1               Core/Src/main.o
dRxBuffer           0xd               Core/Src/main.o
ptr                 0x4               Core/Src/CC2520.o
LED_DAT             0x1               Core/Src/ws2812.o
uwTick              0x4               Drivers/STM32F1xx_HAL_Driver/Src/stm32f1xx_hal.o
B_DATA              0x3               Core/Src/main.o
pFlash              0x20              Drivers/STM32F1xx_HAL_Driver/Src/stm32f1xx_hal_flash.o
Rx_count_UART3      0x1               Core/Src/main.o
htim5               0x40              Core/Src/main.o
g_u8Time20ms_4      0x1               Core/Src/main.o
htim3               0x40              Core/Src/main.o
fre_set_temp        0x1               Core/Src/CC2520.o
tx2_buff            0x100             Core/Src/CC2520.o
GG2                 0x1               Core/Src/ws2812.o
fre_set_change      0x1               Core/Src/CC2520.o
rx1_byte_count      0x1               Core/Src/CC2520.o
BB2                 0x1               Core/Src/ws2812.o
[...]
Memory Configuration

Name             Origin             Length             Attributes
RAM              0x0000000020000000 0x0000000000010000 xrw
FLASH            0x0000000008000000 0x0000000000060000 xr
*default*        0x0000000000000000 0xffffffffffffffff

Linker script and memory map

LOAD e:/st/stm32cubeide_1.3.0/stm32cubeide/plugins/com.st.stm32cube.ide.mcu.externaltools.gnu-tools-for-stm32.7-2018-q2-update.win32_1.0.0.201904181610/tools/bin/../lib/gcc/arm-none-eabi/7.3.1/thumb/v7-m/crti.o
LOAD e:/st/stm32cubeide_1.3.0/stm32cubeide/plugins/com.st.stm32cube.ide.mcu.externaltools.gnu-tools-for-stm32.7-2018-q2-update.win32_1.0.0.201904181610/tools/bin/../lib/gcc/arm-none-eabi/7.3.1/thumb/v7-m/crtbegin.o
LOAD e:/st/stm32cubeide_1.3.0/stm32cubeide/plugins/com.st.stm32cube.ide.mcu.externaltools.gnu-tools-for-stm32.7-2018-q2-update.win32_1.0.0.201904181610/tools/bin/../lib/gcc/arm-none-eabi/7.3.1/../../../../arm-none-eabi/lib/thumb/v7-m/crt0.o
LOAD Core/Src/CC2520.o
LOAD Core/Src/CRC16.o
LOAD Core/Src/LCD_TFT.o
LOAD Core/Src/gpio.o
LOAD Core/Src/main.o
LOAD Core/Src/stm32f1xx_hal_msp.o
LOAD Core/Src/stm32f1xx_it.o
LOAD Core/Src/syscalls.o
LOAD Core/Src/sysmem.o
LOAD Core/Src/system_stm32f1xx.o
LOAD Core/Src/tim.o
LOAD Core/Src/usart.o
LOAD Core/Src/usb.o
LOAD Core/Src/ws2812.o
LOAD Core/Startup/startup_stm32f103rdtx.o
LOAD Drivers/STM32F1xx_HAL_Driver/Src/stm32f1xx_hal.o
LOAD Drivers/STM32F1xx_HAL_Driver/Src/stm32f1xx_hal_cortex.o
LOAD Drivers/STM32F1xx_HAL_Driver/Src/stm32f1xx_hal_dma.o
LOAD Drivers/STM32F1xx_HAL_Driver/Src/stm32f1xx_hal_exti.o
LOAD Drivers/STM32F1xx_HAL_Driver/Src/stm32f1xx_hal_flash.o
LOAD Drivers/STM32F1xx_HAL_Driver/Src/stm32f1xx_hal_flash_ex.o
LOAD Drivers/STM32F1xx_HAL_Driver/Src/stm32f1xx_hal_gpio.o
LOAD Drivers/STM32F1xx_HAL_Driver/Src/stm32f1xx_hal_gpio_ex.o
LOAD Drivers/STM32F1xx_HAL_Driver/Src/stm32f1xx_hal_pcd.o
LOAD Drivers/STM32F1xx_HAL_Driver/Src/stm32f1xx_hal_pcd_ex.o
LOAD Drivers/STM32F1xx_HAL_Driver/Src/stm32f1xx_hal_pwr.o
LOAD Drivers/STM32F1xx_HAL_Driver/Src/stm32f1xx_hal_rcc.o
LOAD Drivers/STM32F1xx_HAL_Driver/Src/stm32f1xx_hal_rcc_ex.o
LOAD Drivers/STM32F1xx_HAL_Driver/Src/stm32f1xx_hal_tim.o
LOAD Drivers/STM32F1xx_HAL_Driver/Src/stm32f1xx_hal_tim_ex.o
LOAD Drivers/STM32F1xx_HAL_Driver/Src/stm32f1xx_hal_uart.o
LOAD Drivers/STM32F1xx_HAL_Driver/Src/stm32f1xx_ll_usb.o
START GROUP
LOAD e:/st/stm32cubeide_1.3.0/stm32cubeide/plugins/com.st.stm32cube.ide.mcu.externaltools.gnu-tools-for-stm32.7-2018-q2-update.win32_1.0.0.201904181610/tools/bin/../lib/gcc/arm-none-eabi/7.3.1/../../../../arm-none-eabi/lib/thumb/v7-m\libc_nano.a
LOAD e:/st/stm32cubeide_1.3.0/stm32cubeide/plugins/com.st.stm32cube.ide.mcu.externaltools.gnu-tools-for-stm32.7-2018-q2-update.win32_1.0.0.201904181610/tools/bin/../lib/gcc/arm-none-eabi/7.3.1/../../../../arm-none-eabi/lib/thumb/v7-m\libm.a
END GROUP
START GROUP
LOAD e:/st/stm32cubeide_1.3.0/stm32cubeide/plugins/com.st.stm32cube.ide.mcu.externaltools.gnu-tools-for-stm32.7-2018-q2-update.win32_1.0.0.201904181610/tools/bin/../lib/gcc/arm-none-eabi/7.3.1/thumb/v7-m\libgcc.a
LOAD e:/st/stm32cubeide_1.3.0/stm32cubeide/plugins/com.st.stm32cube.ide.mcu.externaltools.gnu-tools-for-stm32.7-2018-q2-update.win32_1.0.0.201904181610/tools/bin/../lib/gcc/arm-none-eabi/7.3.1/../../../../arm-none-eabi/lib/thumb/v7-m\libc_nano.a
END GROUP
START GROUP
LOAD e:/st/stm32cubeide_1.3.0/stm32cubeide/plugins/com.st.stm32cube.ide.mcu.externaltools.gnu-tools-for-stm32.7-2018-q2-update.win32_1.0.0.201904181610/tools/bin/../lib/gcc/arm-none-eabi/7.3.1/thumb/v7-m\libgcc.a
LOAD e:/st/stm32cubeide_1.3.0/stm32cubeide/plugins/com.st.stm32cube.ide.mcu.externaltools.gnu-tools-for-stm32.7-2018-q2-update.win32_1.0.0.201904181610/tools/bin/../lib/gcc/arm-none-eabi/7.3.1/../../../../arm-none-eabi/lib/thumb/v7-m\libc_nano.a
LOAD e:/st/stm32cubeide_1.3.0/stm32cubeide/plugins/com.st.stm32cube.ide.mcu.externaltools.gnu-tools-for-stm32.7-2018-q2-update.win32_1.0.0.201904181610/tools/bin/../lib/gcc/arm-none-eabi/7.3.1/../../../../arm-none-eabi/lib/thumb/v7-m\libnosys.a
END GROUP
START GROUP
LOAD e:/st/stm32cubeide_1.3.0/stm32cubeide/plugins/com.st.stm32cube.ide.mcu.externaltools.gnu-tools-for-stm32.7-2018-q2-update.win32_1.0.0.201904181610/tools/bin/../lib/gcc/arm-none-eabi/7.3.1/thumb/v7-m\libgcc.a
LOAD e:/st/stm32cubeide_1.3.0/stm32cubeide/plugins/com.st.stm32cube.ide.mcu.externaltools.gnu-tools-for-stm32.7-2018-q2-update.win32_1.0.0.201904181610/tools/bin/../lib/gcc/arm-none-eabi/7.3.1/../../../../arm-none-eabi/lib/thumb/v7-m\libc_nano.a
LOAD e:/st/stm32cubeide_1.3.0/stm32cubeide/plugins/com.st.stm32cube.ide.mcu.externaltools.gnu-tools-for-stm32.7-2018-q2-update.win32_1.0.0.201904181610/tools/bin/../lib/gcc/arm-none-eabi/7.3.1/../../../../arm-none-eabi/lib/thumb/v7-m\libnosys.a
END GROUP
LOAD e:/st/stm32cubeide_1.3.0/stm32cubeide/plugins/com.st.stm32cube.ide.mcu.externaltools.gnu-tools-for-stm32.7-2018-q2-update.win32_1.0.0.201904181610/tools/bin/../lib/gcc/arm-none-eabi/7.3.1/thumb/v7-m/crtend.o
LOAD e:/st/stm32cubeide_1.3.0/stm32cubeide/plugins/com.st.stm32cube.ide.mcu.externaltools.gnu-tools-for-stm32.7-2018-q2-update.win32_1.0.0.201904181610/tools/bin/../lib/gcc/arm-none-eabi/7.3.1/thumb/v7-m/crtn.o
                0x0000000020010000                _estack = (ORIGIN (RAM) + LENGTH (RAM))
                0x0000000000000200                _Min_Heap_Size = 0x200
                0x0000000000000400                _Min_Stack_Size = 0x400

.isr_vector     0x0000000008000000      0x1e4
                0x0000000008000000                . = ALIGN (0x4)
 *(.isr_vector)
 .isr_vector    0x0000000008000000      0x1e4 Core/Startup/startup_stm32f103rdtx.o
                0x0000000008000000                g_pfnVectors
                0x00000000080001e4                . = ALIGN (0x4)

.text           0x00000000080001e4     0x2c6c
                0x00000000080001e4                . = ALIGN (0x4)
 *(.text)
 .text          0x00000000080001e4       0x40 e:/st/stm32cubeide_1.3.0/stm32cubeide/plugins/com.st.stm32cube.ide.mcu.externaltools.gnu-tools-for-stm32.7-2018-q2-update.win32_1.0.0.201904181610/tools/bin/../lib/gcc/arm-none-eabi/7.3.1/thumb/v7-m/crtbegin.o
 *(.text*)
 .text.crc_check
                0x0000000008000224       0x44 Core/Src/CC2520.o
                0x0000000008000224                crc_check
 .text.CC2520_GPIO_Config
                0x0000000008000268       0x10 Core/Src/CC2520.o
                0x0000000008000268                CC2520_GPIO_Config
 .text.CC2520_RxPacket
                0x0000000008000278       0x78 Core/Src/CC2520.o
                0x0000000008000278                CC2520_RxPacket
 .text.CC2520_SPI_Init
                0x00000000080002f0       0x1c Core/Src/CC2520.o
                0x00000000080002f0                CC2520_SPI_Init
 .text.SPI_Read
                0x000000000800030c       0x70 Core/Src/CC2520.o
                0x000000000800030c                SPI_Read
 .text.SPI_Write
                0x000000000800037c       0x6c Core/Src/CC2520.o
                0x000000000800037c                SPI_Write
 .text.CC2520_WriteReg
                0x00000000080003e8       0x2c Core/Src/CC2520.o
                0x00000000080003e8                CC2520_WriteReg
 .text.CC2520_ReadRAM
                0x0000000008000414       0x30 Core/Src/CC2520.o
                0x0000000008000414                CC2520_ReadRAM
 .text.CC2520_WriteRAM
                0x0000000008000444       0x34 Core/Src/CC2520.o
                0x0000000008000444                CC2520_WriteRAM
 .text.CC2520_IntoActMode_Init
                0x0000000008000478       0xbe Core/Src/CC2520.o
                0x0000000008000478                CC2520_IntoActMode_Init
 *fill*         0x0000000008000536        0x2 
 .text.CC2520_Command
                0x0000000008000538       0x20 Core/Src/CC2520.o
                0x0000000008000538                CC2520_Command
 .text.CC2520_SetRxMode
                0x0000000008000558        0x6 Core/Src/CC2520.o
                0x0000000008000558                CC2520_SetRxMode
 *fill*         0x000000000800055e        0x2 
 .text.CC2520_Init
                0x0000000008000560      0x120 Core/Src/CC2520.o
                0x0000000008000560                CC2520_Init
 .text.CC2520_TxPacket
                0x0000000008000680       0x5c Core/Src/CC2520.o
                0x0000000008000680                CC2520_TxPacket
 .text.CC2520_WriteTXFIFO
                0x00000000080006dc       0x70 Core/Src/CC2520.o
                0x00000000080006dc                CC2520_WriteTXFIFO
 .text.CC2520_Search
                0x000000000800074c       0x58 Core/Src/CC2520.o
                0x000000000800074c                CC2520_Search
 .text.CC2520_ReadRXFIFO
                0x00000000080007a4       0x5c Core/Src/CC2520.o
                0x00000000080007a4                CC2520_ReadRXFIFO
 .text.host_ack
                0x0000000008000800       0x6c Core/Src/CC2520.o
                0x0000000008000800                host_ack
 .text.cc2520_data_load
                0x000000000800086c       0x64 Core/Src/CC2520.o
                0x000000000800086c                cc2520_data_load
 .text.LCD_DA   0x00000000080008d0       0xa0 Core/Src/LCD_TFT.o
                0x00000000080008d0                LCD_DA
 .text.vSdCmd   0x0000000008000970       0x40 Core/Src/LCD_TFT.o
                0x0000000008000970                vSdCmd
 .text.vSdData  0x00000000080009b0       0x40 Core/Src/LCD_TFT.o
                0x00000000080009b0                vSdData
 .text.data_out_16
                0x00000000080009f0       0x16 Core/Src/LCD_TFT.o
                0x00000000080009f0                data_out_16
 .text.lcd_address
                0x0000000008000a06       0x3c Core/Src/LCD_TFT.o
                0x0000000008000a06                lcd_address
 .text.TFT_Disp128160
                0x0000000008000a42       0x38 Core/Src/LCD_TFT.o
                0x0000000008000a42                TFT_Disp128160
 .text.display_color
                0x0000000008000a7a       0x24 Core/Src/LCD_TFT.o
                0x0000000008000a7a                display_color
 *fill*         0x0000000008000a9e        0x2 
 .text.lcd_init
                0x0000000008000aa0       0x88 Core/Src/LCD_TFT.o
                0x0000000008000aa0                lcd_init
 .text.MX_GPIO_Init
                0x0000000008000b28      0x188 Core/Src/gpio.o
                0x0000000008000b28                MX_GPIO_Init
 .text.delay_init
                0x0000000008000cb0       0x14 Core/Src/main.o
                0x0000000008000cb0                delay_init
 .text.delay_us1
                0x0000000008000cc4       0x30 Core/Src/main.o
                0x0000000008000cc4                delay_us1
 .text.SystemClock_Config
                0x0000000008000cf4       0x6e Core/Src/main.o
                0x0000000008000cf4                SystemClock_Config
 *fill*         0x0000000008000d62        0x2 
 .text.HAL_TIM_PeriodElapsedCallback
                0x0000000008000d64      0x2ac Core/Src/main.o
                0x0000000008000d64                HAL_TIM_PeriodElapsedCallback
 .text.HAL_UART_RxCpltCallback
                0x0000000008001010       0x60 Core/Src/main.o
                0x0000000008001010                HAL_UART_RxCpltCallback
 .text.IOT_PROCESS
                0x0000000008001070      0x228 Core/Src/main.o
                0x0000000008001070                IOT_PROCESS
 .text.startup.main
                0x0000000008001298      0x128 Core/Src/main.o
                0x0000000008001298                main
 .text.Error_Handler
                0x00000000080013c0        0x2 Core/Src/main.o
                0x00000000080013c0                Error_Handler
 *fill*         0x00000000080013c2        0x2 
 .text.HAL_MspInit
                0x00000000080013c4       0x44 Core/Src/stm32f1xx_hal_msp.o
                0x00000000080013c4                HAL_MspInit
 .text.NMI_Handler
                0x0000000008001408        0x2 Core/Src/stm32f1xx_it.o
                0x0000000008001408                NMI_Handler
 .text.HardFault_Handler
                0x000000000800140a        0x2 Core/Src/stm32f1xx_it.o
                0x000000000800140a                HardFault_Handler
 .text.MemManage_Handler
                0x000000000800140c        0x2 Core/Src/stm32f1xx_it.o
                0x000000000800140c                MemManage_Handler
 .text.BusFault_Handler
                0x000000000800140e        0x2 Core/Src/stm32f1xx_it.o
                0x000000000800140e                BusFault_Handler
 .text.UsageFault_Handler
                0x0000000008001410        0x2 Core/Src/stm32f1xx_it.o
                0x0000000008001410                UsageFault_Handler
 .text.SVC_Handler
                0x0000000008001412        0x2 Core/Src/stm32f1xx_it.o
                0x0000000008001412                SVC_Handler
 .text.DebugMon_Handler
                0x0000000008001414        0x2 Core/Src/stm32f1xx_it.o
                0x0000000008001414                DebugMon_Handler
 .text.PendSV_Handler
                0x0000000008001416        0x2 Core/Src/stm32f1xx_it.o
                0x0000000008001416                PendSV_Handler
 .text.SysTick_Handler
                0x0000000008001418        0x4 Core/Src/stm32f1xx_it.o
                0x0000000008001418                SysTick_Handler
 .text.TIM2_IRQHandler
                0x000000000800141c        0xc Core/Src/stm32f1xx_it.o
                0x000000000800141c                TIM2_IRQHandler
 .text.TIM3_IRQHandler
                0x0000000008001428        0xc Core/Src/stm32f1xx_it.o
                0x0000000008001428                TIM3_IRQHandler
 .text.TIM4_IRQHandler
                0x0000000008001434        0xc Core/Src/stm32f1xx_it.o
                0x0000000008001434                TIM4_IRQHandler
 .text.USART3_IRQHandler
                0x0000000008001440        0xc Core/Src/stm32f1xx_it.o
                0x0000000008001440                USART3_IRQHandler
 .text.SystemInit
                0x000000000800144c       0x4c Core/Src/system_stm32f1xx.o
                0x000000000800144c                SystemInit
 .text.MX_TIM2_Init
                0x0000000008001498       0x68 Core/Src/tim.o
                0x0000000008001498                MX_TIM2_Init
 .text.MX_TIM3_Init
                0x0000000008001500       0x68 Core/Src/tim.o
                0x0000000008001500                MX_TIM3_Init
 .text.MX_TIM4_Init
                0x0000000008001568       0x68 Core/Src/tim.o
                0x0000000008001568                MX_TIM4_Init
 .text.MX_TIM5_Init
                0x00000000080015d0       0x68 Core/Src/tim.o
                0x00000000080015d0                MX_TIM5_Init
 .text.HAL_TIM_Base_MspInit
                0x0000000008001638       0xb8 Core/Src/tim.o
                0x0000000008001638                HAL_TIM_Base_MspInit
 .text.MX_USART2_UART_Init
                0x00000000080016f0       0x38 Core/Src/usart.o
                0x00000000080016f0                MX_USART2_UART_Init
 .text.MX_USART3_UART_Init
                0x0000000008001728       0x38 Core/Src/usart.o
                0x0000000008001728                MX_USART3_UART_Init
 .text.HAL_UART_MspInit
                0x0000000008001760       0xe8 Core/Src/usart.o
                0x0000000008001760                HAL_UART_MspInit
 .text.MX_USB_PCD_Init
                0x0000000008001848       0x30 Core/Src/usb.o
                0x0000000008001848                MX_USB_PCD_Init
 .text.HAL_PCD_MspInit
                0x0000000008001878       0x28 Core/Src/usb.o
                0x0000000008001878                HAL_PCD_MspInit
 .text.reset_ws2812
                0x00000000080018a0       0x18 Core/Src/ws2812.o
                0x00000000080018a0                reset_ws2812
 .text.reset_ws2812_1
                0x00000000080018b8       0x18 Core/Src/ws2812.o
                0x00000000080018b8                reset_ws2812_1
 .text.WS2812_BYTE_1
                0x00000000080018d0       0xf4 Core/Src/ws2812.o
                0x00000000080018d0                WS2812_BYTE_1
 .text.send_single_data1
                0x00000000080019c4       0x38 Core/Src/ws2812.o
                0x00000000080019c4                send_single_data1
 .text.send_string_data1
                0x00000000080019fc       0x18 Core/Src/ws2812.o
                0x00000000080019fc                send_string_data1
 .text.send_image
                0x0000000008001a14       0x2e Core/Src/ws2812.o
                0x0000000008001a14                send_image
 *fill*         0x0000000008001a42        0x2 
 .text.RGB_close1
                0x0000000008001a44       0x2c Core/Src/ws2812.o
                0x0000000008001a44                RGB_close1
 .text.Reset_Handler
                0x0000000008001a70       0x48 Core/Startup/startup_stm32f103rdtx.o
                0x0000000008001a70                Reset_Handler
 .text.Default_Handler
                0x0000000008001ab8        0x2 Core/Startup/startup_stm32f103rdtx.o
                0x0000000008001ab8                RTC_Alarm_IRQHandler
                0x0000000008001ab8                EXTI2_IRQHandler
                0x0000000008001ab8                TIM8_TRG_COM_IRQHandler
                0x0000000008001ab8                TIM8_CC_IRQHandler
                0x0000000008001ab8                TIM1_CC_IRQHandler
                0x0000000008001ab8                TIM6_IRQHandler
                0x0000000008001ab8                PVD_IRQHandler
                0x0000000008001ab8                SDIO_IRQHandler
                0x0000000008001ab8                EXTI3_IRQHandler
                0x0000000008001ab8                EXTI0_IRQHandler
                0x0000000008001ab8                I2C2_EV_IRQHandler
                0x0000000008001ab8                ADC1_2_IRQHandler
                0x0000000008001ab8                SPI1_IRQHandler
                0x0000000008001ab8                TAMPER_IRQHandler
                0x0000000008001ab8                TIM8_UP_IRQHandler
                0x0000000008001ab8                DMA2_Channel2_IRQHandler
                0x0000000008001ab8                DMA1_Channel4_IRQHandler
                0x0000000008001ab8                RTC_IRQHandler
                0x0000000008001ab8                DMA1_Channel7_IRQHandler
                0x0000000008001ab8                CAN1_RX1_IRQHandler
                0x0000000008001ab8                UART5_IRQHandler
                0x0000000008001ab8                ADC3_IRQHandler
                0x0000000008001ab8                DMA2_Channel1_IRQHandler
                0x0000000008001ab8                I2C1_EV_IRQHandler
                0x0000000008001ab8                DMA1_Channel6_IRQHandler
                0x0000000008001ab8                UART4_IRQHandler
                0x0000000008001ab8                RCC_IRQHandler
                0x0000000008001ab8                TIM1_TRG_COM_IRQHandler
                0x0000000008001ab8                DMA1_Channel1_IRQHandler
                0x0000000008001ab8                Default_Handler
                0x0000000008001ab8                EXTI15_10_IRQHandler
                0x0000000008001ab8                TIM7_IRQHandler
                0x0000000008001ab8                TIM5_IRQHandler
                0x0000000008001ab8                EXTI9_5_IRQHandler
                0x0000000008001ab8                SPI2_IRQHandler
                0x0000000008001ab8                DMA1_Channel5_IRQHandler
                0x0000000008001ab8                EXTI4_IRQHandler
                0x0000000008001ab8                USB_LP_CAN1_RX0_IRQHandler
                0x0000000008001ab8                USB_HP_CAN1_TX_IRQHandler
                0x0000000008001ab8                DMA1_Channel3_IRQHandler
                0x0000000008001ab8                FSMC_IRQHandler
                0x0000000008001ab8                TIM1_UP_IRQHandler
                0x0000000008001ab8                WWDG_IRQHandler
                0x0000000008001ab8                TIM1_BRK_IRQHandler
                0x0000000008001ab8                EXTI1_IRQHandler
                0x0000000008001ab8                DMA2_Channel4_5_IRQHandler
                0x0000000008001ab8                USART2_IRQHandler
                0x0000000008001ab8                I2C2_ER_IRQHandler
                0x0000000008001ab8                DMA1_Channel2_IRQHandler
                0x0000000008001ab8                TIM8_BRK_IRQHandler
                0x0000000008001ab8                CAN1_SCE_IRQHandler
                0x0000000008001ab8                FLASH_IRQHandler
                0x0000000008001ab8                USART1_IRQHandler
                0x0000000008001ab8                SPI3_IRQHandler
                0x0000000008001ab8                I2C1_ER_IRQHandler
                0x0000000008001ab8                USBWakeUp_IRQHandler
                0x0000000008001ab8                DMA2_Channel3_IRQHandler
 *fill*         0x0000000008001aba        0x2 
 .text.HAL_InitTick
                0x0000000008001abc       0x48 Drivers/STM32F1xx_HAL_Driver/Src/stm32f1xx_hal.o
                0x0000000008001abc                HAL_InitTick
 .text.HAL_Init
                0x0000000008001b04       0x24 Drivers/STM32F1xx_HAL_Driver/Src/stm32f1xx_hal.o
                0x0000000008001b04                HAL_Init
 .text.HAL_IncTick
                0x0000000008001b28       0x18 Drivers/STM32F1xx_HAL_Driver/Src/stm32f1xx_hal.o
                0x0000000008001b28                HAL_IncTick
 .text.HAL_GetTick
                0x0000000008001b40        0xc Drivers/STM32F1xx_HAL_Driver/Src/stm32f1xx_hal.o
                0x0000000008001b40                HAL_GetTick
 .text.HAL_Delay
                0x0000000008001b4c       0x24 Drivers/STM32F1xx_HAL_Driver/Src/stm32f1xx_hal.o
                0x0000000008001b4c                HAL_Delay
 .text.HAL_NVIC_SetPriorityGrouping
                0x0000000008001b70       0x24 Drivers/STM32F1xx_HAL_Driver/Src/stm32f1xx_hal_cortex.o
                0x0000000008001b70                HAL_NVIC_SetPriorityGrouping
 .text.HAL_NVIC_SetPriority
                0x0000000008001b94       0x68 Drivers/STM32F1xx_HAL_Driver/Src/stm32f1xx_hal_cortex.o
                0x0000000008001b94                HAL_NVIC_SetPriority
 .text.HAL_NVIC_EnableIRQ
                0x0000000008001bfc       0x1c Drivers/STM32F1xx_HAL_Driver/Src/stm32f1xx_hal_cortex.o
                0x0000000008001bfc                HAL_NVIC_EnableIRQ
 .text.HAL_SYSTICK_Config
                0x0000000008001c18       0x2c Drivers/STM32F1xx_HAL_Driver/Src/stm32f1xx_hal_cortex.o
                0x0000000008001c18                HAL_SYSTICK_Config
 .text.HAL_SYSTICK_CLKSourceConfig
                0x0000000008001c44       0x18 Drivers/STM32F1xx_HAL_Driver/Src/stm32f1xx_hal_cortex.o
                0x0000000008001c44                HAL_SYSTICK_CLKSourceConfig
 .text.HAL_DMA_Abort_IT
                0x0000000008001c5c      0x144 Drivers/STM32F1xx_HAL_Driver/Src/stm32f1xx_hal_dma.o
                0x0000000008001c5c                HAL_DMA_Abort_IT
 .text.HAL_GPIO_Init
                0x0000000008001da0      0x1d8 Drivers/STM32F1xx_HAL_Driver/Src/stm32f1xx_hal_gpio.o
                0x0000000008001da0                HAL_GPIO_Init
 .text.HAL_GPIO_ReadPin
                0x0000000008001f78        0xc Drivers/STM32F1xx_HAL_Driver/Src/stm32f1xx_hal_gpio.o
                0x0000000008001f78                HAL_GPIO_ReadPin
 .text.HAL_GPIO_WritePin
                0x0000000008001f84        0xa Drivers/STM32F1xx_HAL_Driver/Src/stm32f1xx_hal_gpio.o
                0x0000000008001f84                HAL_GPIO_WritePin
 .text.HAL_GPIO_TogglePin
                0x0000000008001f8e        0xc Drivers/STM32F1xx_HAL_Driver/Src/stm32f1xx_hal_gpio.o
                0x0000000008001f8e                HAL_GPIO_TogglePin
 .text.HAL_PCD_Init
                0x0000000008001f9a       0xea Drivers/STM32F1xx_HAL_Driver/Src/stm32f1xx_hal_pcd.o
                0x0000000008001f9a                HAL_PCD_Init
 .text.HAL_RCC_OscConfig
                0x0000000008002084      0x33c Drivers/STM32F1xx_HAL_Driver/Src/stm32f1xx_hal_rcc.o
                0x0000000008002084                HAL_RCC_OscConfig
 .text.HAL_RCC_GetSysClockFreq
                0x00000000080023c0       0x74 Drivers/STM32F1xx_HAL_Driver/Src/stm32f1xx_hal_rcc.o
                0x00000000080023c0                HAL_RCC_GetSysClockFreq
 .text.HAL_RCC_ClockConfig
                0x0000000008002434      0x138 Drivers/STM32F1xx_HAL_Driver/Src/stm32f1xx_hal_rcc.o
                0x0000000008002434                HAL_RCC_ClockConfig
 .text.HAL_RCC_GetPCLK1Freq
                0x000000000800256c       0x20 Drivers/STM32F1xx_HAL_Driver/Src/stm32f1xx_hal_rcc.o
                0x000000000800256c                HAL_RCC_GetPCLK1Freq
 .text.HAL_RCC_GetPCLK2Freq
                0x000000000800258c       0x20 Drivers/STM32F1xx_HAL_Driver/Src/stm32f1xx_hal_rcc.o
                0x000000000800258c                HAL_RCC_GetPCLK2Freq
 .text.HAL_RCCEx_PeriphCLKConfig
                0x00000000080025ac       0xf0 Drivers/STM32F1xx_HAL_Driver/Src/stm32f1xx_hal_rcc_ex.o
                0x00000000080025ac                HAL_RCCEx_PeriphCLKConfig
 .text.HAL_TIM_Base_Start_IT
                0x000000000800269c       0x20 Drivers/STM32F1xx_HAL_Driver/Src/stm32f1xx_hal_tim.o
                0x000000000800269c                HAL_TIM_Base_Start_IT
 .text.HAL_TIM_Base_Stop_IT
                0x00000000080026bc       0x2a Drivers/STM32F1xx_HAL_Driver/Src/stm32f1xx_hal_tim.o
                0x00000000080026bc                HAL_TIM_Base_Stop_IT
 .text.HAL_TIM_OC_DelayElapsedCallback
                0x00000000080026e6        0x2 Drivers/STM32F1xx_HAL_Driver/Src/stm32f1xx_hal_tim.o
                0x00000000080026e6                HAL_TIM_OC_DelayElapsedCallback
 .text.HAL_TIM_IC_CaptureCallback
                0x00000000080026e8        0x2 Drivers/STM32F1xx_HAL_Driver/Src/stm32f1xx_hal_tim.o
                0x00000000080026e8                HAL_TIM_IC_CaptureCallback
 .text.HAL_TIM_PWM_PulseFinishedCallback
                0x00000000080026ea        0x2 Drivers/STM32F1xx_HAL_Driver/Src/stm32f1xx_hal_tim.o
                0x00000000080026ea                HAL_TIM_PWM_PulseFinishedCallback
 .text.HAL_TIM_TriggerCallback
                0x00000000080026ec        0x2 Drivers/STM32F1xx_HAL_Driver/Src/stm32f1xx_hal_tim.o
                0x00000000080026ec                HAL_TIM_TriggerCallback
 .text.HAL_TIM_IRQHandler
                0x00000000080026ee      0x144 Drivers/STM32F1xx_HAL_Driver/Src/stm32f1xx_hal_tim.o
                0x00000000080026ee                HAL_TIM_IRQHandler
 *fill*         0x0000000008002832        0x2 
 .text.TIM_Base_SetConfig
                0x0000000008002834       0x98 Drivers/STM32F1xx_HAL_Driver/Src/stm32f1xx_hal_tim.o
                0x0000000008002834                TIM_Base_SetConfig
 .text.HAL_TIM_Base_Init
                0x00000000080028cc       0x34 Drivers/STM32F1xx_HAL_Driver/Src/stm32f1xx_hal_tim.o
                0x00000000080028cc                HAL_TIM_Base_Init
 .text.TIM_ETR_SetConfig
                0x0000000008002900       0x14 Drivers/STM32F1xx_HAL_Driver/Src/stm32f1xx_hal_tim.o
                0x0000000008002900                TIM_ETR_SetConfig
 .text.HAL_TIM_ConfigClockSource
                0x0000000008002914      0x128 Drivers/STM32F1xx_HAL_Driver/Src/stm32f1xx_hal_tim.o
                0x0000000008002914                HAL_TIM_ConfigClockSource
 .text.HAL_TIMEx_MasterConfigSynchronization
                0x0000000008002a3c       0x3c Drivers/STM32F1xx_HAL_Driver/Src/stm32f1xx_hal_tim_ex.o
                0x0000000008002a3c                HAL_TIMEx_MasterConfigSynchronization
 .text.HAL_TIMEx_CommutCallback
                0x0000000008002a78        0x2 Drivers/STM32F1xx_HAL_Driver/Src/stm32f1xx_hal_tim_ex.o
                0x0000000008002a78                HAL_TIMEx_CommutCallback
 .text.HAL_TIMEx_BreakCallback
                0x0000000008002a7a        0x2 Drivers/STM32F1xx_HAL_Driver/Src/stm32f1xx_hal_tim_ex.o
                0x0000000008002a7a                HAL_TIMEx_BreakCallback
 .text.UART_EndRxTransfer
                0x0000000008002a7c       0x1a Drivers/STM32F1xx_HAL_Driver/Src/stm32f1xx_hal_uart.o
 *fill*         0x0000000008002a96        0x2 
 .text.UART_SetConfig
                0x0000000008002a98       0x74 Drivers/STM32F1xx_HAL_Driver/Src/stm32f1xx_hal_uart.o
 .text.HAL_UART_Init
                0x0000000008002b0c       0x5c Drivers/STM32F1xx_HAL_Driver/Src/stm32f1xx_hal_uart.o
                0x0000000008002b0c                HAL_UART_Init
 .text.HAL_UART_Receive_IT
                0x0000000008002b68       0x4e Drivers/STM32F1xx_HAL_Driver/Src/stm32f1xx_hal_uart.o
                0x0000000008002b68                HAL_UART_Receive_IT
 .text.HAL_UART_TxCpltCallback
                0x0000000008002bb6        0x2 Drivers/STM32F1xx_HAL_Driver/Src/stm32f1xx_hal_uart.o
                0x0000000008002bb6                HAL_UART_TxCpltCallback
 .text.UART_Receive_IT
                0x0000000008002bb8       0x76 Drivers/STM32F1xx_HAL_Driver/Src/stm32f1xx_hal_uart.o
 .text.HAL_UART_ErrorCallback
                0x0000000008002c2e        0x2 Drivers/STM32F1xx_HAL_Driver/Src/stm32f1xx_hal_uart.o
                0x0000000008002c2e                HAL_UART_ErrorCallback
 .text.HAL_UART_IRQHandler
                0x0000000008002c30      0x140 Drivers/STM32F1xx_HAL_Driver/Src/stm32f1xx_hal_uart.o
                0x0000000008002c30                HAL_UART_IRQHandler
 .text.UART_DMAAbortOnError
                0x0000000008002d70       0x10 Drivers/STM32F1xx_HAL_Driver/Src/stm32f1xx_hal_uart.o
 .text.USB_CoreInit
                0x0000000008002d80        0xe Drivers/STM32F1xx_HAL_Driver/Src/stm32f1xx_ll_usb.o
                0x0000000008002d80                USB_CoreInit
 .text.USB_DisableGlobalInt
                0x0000000008002d8e       0x14 Drivers/STM32F1xx_HAL_Driver/Src/stm32f1xx_ll_usb.o
                0x0000000008002d8e                USB_DisableGlobalInt
 .text.USB_SetCurrentMode
                0x0000000008002da2        0x4 Drivers/STM32F1xx_HAL_Driver/Src/stm32f1xx_ll_usb.o
                0x0000000008002da2                USB_SetCurrentMode
 .text.USB_DevInit
                0x0000000008002da6       0x34 Drivers/STM32F1xx_HAL_Driver/Src/stm32f1xx_ll_usb.o
                0x0000000008002da6                USB_DevInit
 .text.USB_DevDisconnect
                0x0000000008002dda        0x4 Drivers/STM32F1xx_HAL_Driver/Src/stm32f1xx_ll_usb.o
                0x0000000008002dda                USB_DevDisconnect
 *fill*         0x0000000008002dde        0x2 
 .text.__libc_init_array
                0x0000000008002de0       0x48 e:/st/stm32cubeide_1.3.0/stm32cubeide/plugins/com.st.stm32cube.ide.mcu.externaltools.gnu-tools-for-stm32.7-2018-q2-update.win32_1.0.0.201904181610/tools/bin/../lib/gcc/arm-none-eabi/7.3.1/../../../../arm-none-eabi/lib/thumb/v7-m\libc_nano.a(lib_a-init.o)
                0x0000000008002de0                __libc_init_array
 .text.memset   0x0000000008002e28       0x10 e:/st/stm32cubeide_1.3.0/stm32cubeide/plugins/com.st.stm32cube.ide.mcu.externaltools.gnu-tools-for-stm32.7-2018-q2-update.win32_1.0.0.201904181610/tools/bin/../lib/gcc/arm-none-eabi/7.3.1/../../../../arm-none-eabi/lib/thumb/v7-m\libc_nano.a(lib_a-memset.o)
                0x0000000008002e28                memset
 *(.glue_7)
 .glue_7        0x0000000008002e38        0x0 linker stubs
 *(.glue_7t)
 .glue_7t       0x0000000008002e38        0x0 linker stubs
 *(.eh_frame)
 .eh_frame      0x0000000008002e38        0x0 e:/st/stm32cubeide_1.3.0/stm32cubeide/plugins/com.st.stm32cube.ide.mcu.externaltools.gnu-tools-for-stm32.7-2018-q2-update.win32_1.0.0.201904181610/tools/bin/../lib/gcc/arm-none-eabi/7.3.1/thumb/v7-m/crtbegin.o
 *(.init)
 .init          0x0000000008002e38        0x4 e:/st/stm32cubeide_1.3.0/stm32cubeide/plugins/com.st.stm32cube.ide.mcu.externaltools.gnu-tools-for-stm32.7-2018-q2-update.win32_1.0.0.201904181610/tools/bin/../lib/gcc/arm-none-eabi/7.3.1/thumb/v7-m/crti.o
                0x0000000008002e38                _init
 .init          0x0000000008002e3c        0x8 e:/st/stm32cubeide_1.3.0/stm32cubeide/plugins/com.st.stm32cube.ide.mcu.externaltools.gnu-tools-for-stm32.7-2018-q2-update.win32_1.0.0.201904181610/tools/bin/../lib/gcc/arm-none-eabi/7.3.1/thumb/v7-m/crtn.o
 *(.fini)
 .fini          0x0000000008002e44        0x4 e:/st/stm32cubeide_1.3.0/stm32cubeide/plugins/com.st.stm32cube.ide.mcu.externaltools.gnu-tools-for-stm32.7-2018-q2-update.win32_1.0.0.201904181610/tools/bin/../lib/gcc/arm-none-eabi/7.3.1/thumb/v7-m/crti.o
                0x0000000008002e44                _fini
 .fini          0x0000000008002e48        0x8 e:/st/stm32cubeide_1.3.0/stm32cubeide/plugins/com.st.stm32cube.ide.mcu.externaltools.gnu-tools-for-stm32.7-2018-q2-update.win32_1.0.0.201904181610/tools/bin/../lib/gcc/arm-none-eabi/7.3.1/thumb/v7-m/crtn.o
                0x0000000008002e50                . = ALIGN (0x4)
                0x0000000008002e50                _etext = .

.vfp11_veneer   0x0000000008002e50        0x0
 .vfp11_veneer  0x0000000008002e50        0x0 linker stubs

.v4_bx          0x0000000008002e50        0x0
 .v4_bx         0x0000000008002e50        0x0 linker stubs

.iplt           0x0000000008002e50        0x0
 .iplt          0x0000000008002e50        0x0 e:/st/stm32cubeide_1.3.0/stm32cubeide/plugins/com.st.stm32cube.ide.mcu.externaltools.gnu-tools-for-stm32.7-2018-q2-update.win32_1.0.0.201904181610/tools/bin/../lib/gcc/arm-none-eabi/7.3.1/thumb/v7-m/crtbegin.o

.rodata         0x0000000008002e50     0xa120
                0x0000000008002e50                . = ALIGN (0x4)
 *(.rodata)
 .rodata        0x0000000008002e50       0x10 Drivers/STM32F1xx_HAL_Driver/Src/stm32f1xx_hal_rcc.o
 *(.rodata*)
 .rodata.CC2520_PackHead
                0x0000000008002e60       0x18 Core/Src/CC2520.o
                0x0000000008002e60                CC2520_PackHead
 .rodata.gImage_3
                0x0000000008002e78       0xd8 Core/Src/LCD_TFT.o
                0x0000000008002e78                gImage_3
 .rodata.gImage_Peaks_logo
                0x0000000008002f50     0xa008 Core/Src/LCD_TFT.o
                0x0000000008002f50                gImage_Peaks_logo
 .rodata.AHBPrescTable
                0x000000000800cf58       0x10 Core/Src/system_stm32f1xx.o
                0x000000000800cf58                AHBPrescTable
 .rodata.APBPrescTable
                0x000000000800cf68        0x8 Core/Src/system_stm32f1xx.o
                0x000000000800cf68                APBPrescTable
                0x000000000800cf70                . = ALIGN (0x4)

.rel.dyn        0x000000000800cf70        0x0
 .rel.iplt      0x000000000800cf70        0x0 e:/st/stm32cubeide_1.3.0/stm32cubeide/plugins/com.st.stm32cube.ide.mcu.externaltools.gnu-tools-for-stm32.7-2018-q2-update.win32_1.0.0.201904181610/tools/bin/../lib/gcc/arm-none-eabi/7.3.1/thumb/v7-m/crtbegin.o

.ARM.extab      0x000000000800cf70        0x0
                0x000000000800cf70                . = ALIGN (0x4)
 *(.ARM.extab* .gnu.linkonce.armextab.*)
                0x000000000800cf70                . = ALIGN (0x4)

.ARM            0x000000000800cf70        0x0
                0x000000000800cf70                . = ALIGN (0x4)
                0x000000000800cf70                __exidx_start = .
 *(.ARM.exidx*)
                0x000000000800cf70                __exidx_end = .
                0x000000000800cf70                . = ALIGN (0x4)

.preinit_array  0x000000000800cf70        0x0
                0x000000000800cf70                . = ALIGN (0x4)
                0x000000000800cf70                PROVIDE (__preinit_array_start = .)
 *(.preinit_array*)
                0x000000000800cf70                PROVIDE (__preinit_array_end = .)
                0x000000000800cf70                . = ALIGN (0x4)

.init_array     0x000000000800cf70        0x4
                0x000000000800cf70                . = ALIGN (0x4)
                0x000000000800cf70                PROVIDE (__init_array_start = .)
 *(SORT_BY_NAME(.init_array.*))
 *(.init_array*)
 .init_array    0x000000000800cf70        0x4 e:/st/stm32cubeide_1.3.0/stm32cubeide/plugins/com.st.stm32cube.ide.mcu.externaltools.gnu-tools-for-stm32.7-2018-q2-update.win32_1.0.0.201904181610/tools/bin/../lib/gcc/arm-none-eabi/7.3.1/thumb/v7-m/crtbegin.o
                0x000000000800cf74                PROVIDE (__init_array_end = .)
                0x000000000800cf74                . = ALIGN (0x4)

.fini_array     0x000000000800cf74        0x4
                0x000000000800cf74                . = ALIGN (0x4)
                [!provide]                        PROVIDE (__fini_array_start = .)
 *(SORT_BY_NAME(.fini_array.*))
 *(.fini_array*)
 .fini_array    0x000000000800cf74        0x4 e:/st/stm32cubeide_1.3.0/stm32cubeide/plugins/com.st.stm32cube.ide.mcu.externaltools.gnu-tools-for-stm32.7-2018-q2-update.win32_1.0.0.201904181610/tools/bin/../lib/gcc/arm-none-eabi/7.3.1/thumb/v7-m/crtbegin.o
                [!provide]                        PROVIDE (__fini_array_end = .)
                0x000000000800cf78                . = ALIGN (0x4)
                0x000000000800cf78                _sidata = LOADADDR (.data)

.data           0x0000000020000000       0x24 load address 0x000000000800cf78
                0x0000000020000000                . = ALIGN (0x4)
                0x0000000020000000                _sdata = .
 *(.data)
 *(.data*)
 .data.CC2520_Source_IEEEAddr
                0x0000000020000000        0x8 Core/Src/CC2520.o
                0x0000000020000000                CC2520_Source_IEEEAddr
 .data.CC2520_Source_PANID
                0x0000000020000008        0x2 Core/Src/CC2520.o
                0x0000000020000008                CC2520_Source_PANID
 .data.ID_ARM_UP_A
                0x000000002000000a        0x6 Core/Src/CC2520.o
                0x000000002000000a                ID_ARM_UP_A
 .data.TX_BUFF_WENXIN
                0x0000000020000010        0x7 Core/Src/main.o
                0x0000000020000010                TX_BUFF_WENXIN
 *fill*         0x0000000020000017        0x1 
 .data.SystemCoreClock
                0x0000000020000018        0x4 Core/Src/system_stm32f1xx.o
                0x0000000020000018                SystemCoreClock
 .data.uwTickFreq
                0x000000002000001c        0x1 Drivers/STM32F1xx_HAL_Driver/Src/stm32f1xx_hal.o
                0x000000002000001c                uwTickFreq
 *fill*         0x000000002000001d        0x3 
 .data.uwTickPrio
                0x0000000020000020        0x4 Drivers/STM32F1xx_HAL_Driver/Src/stm32f1xx_hal.o
                0x0000000020000020                uwTickPrio
                0x0000000020000024                . = ALIGN (0x4)
                0x0000000020000024                _edata = .

.igot.plt       0x0000000020000024        0x0 load address 0x000000000800cf9c
 .igot.plt      0x0000000020000024        0x0 e:/st/stm32cubeide_1.3.0/stm32cubeide/plugins/com.st.stm32cube.ide.mcu.externaltools.gnu-tools-for-stm32.7-2018-q2-update.win32_1.0.0.201904181610/tools/bin/../lib/gcc/arm-none-eabi/7.3.1/thumb/v7-m/crtbegin.o
                0x0000000020000024                . = ALIGN (0x4)

.bss            0x0000000020000024      0xd98 load address 0x000000000800cf9c
                0x0000000020000024                _sbss = .
                0x0000000020000024                __bss_start__ = _sbss
 *(.bss)
 .bss           0x0000000020000024       0x1c e:/st/stm32cubeide_1.3.0/stm32cubeide/plugins/com.st.stm32cube.ide.mcu.externaltools.gnu-tools-for-stm32.7-2018-q2-update.win32_1.0.0.201904181610/tools/bin/../lib/gcc/arm-none-eabi/7.3.1/thumb/v7-m/crtbegin.o
 *(.bss*)
 .bss.time3_20ms
                0x0000000020000040        0x2 Core/Src/main.o
                0x0000000020000040                time3_20ms
 *(COMMON)
 *fill*         0x0000000020000042        0x2 
 COMMON         0x0000000020000044      0x57c Core/Src/CC2520.o
                0x0000000020000044                cc2520_senser_count
                0x0000000020000045                rx2_byte_count
                0x0000000020000046                g_u8Flag0
                0x0000000020000047                g_u8Flag3
                0x0000000020000048                rx2_byte_limit
                0x0000000020000049                g_u8Flag1
                0x000000002000004a                g_u8Flag6
                0x000000002000004b                RF_BadCycCnt
                0x000000002000004c                ADDR
                0x000000002000004d                rx2_buff
                0x0000000020000150                time_cc2520_no_rx
                0x0000000020000154                g_u8Flag_qian
                0x0000000020000155                g_u8Flag2
                0x0000000020000158                ptr
                0x000000002000015c                fre_set_temp
                0x000000002000015d                tx2_buff
                0x000000002000025d                fre_set_change
                0x000000002000025e                rx1_byte_count
                0x000000002000025f                g_u8Flag_hou
                0x0000000020000260                g_u8Flag4
                0x0000000020000261                tx1_byte_limit
                0x0000000020000262                CRC_HIG
                0x0000000020000263                tx2_byte_limit
                0x0000000020000264                rx1_byte_limit
                0x0000000020000265                rx1_buff
                0x0000000020000368                time_delay
                0x000000002000036c                tx1_byte_count
                0x000000002000036d                tx1_buff
                0x000000002000046d                g_u8Flag_no_fault
                0x000000002000046e                fre_set
                0x000000002000046f                cc2520_rx
                0x000000002000052f                g_u8Flag5
                0x0000000020000530                cc2520_rx_cycle
                0x0000000020000534                CRC_LOW
                0x0000000020000535                CC2520_WorkFreqIndex
                0x0000000020000538                time_display
                0x000000002000053c                CC2520_PSDU
                0x00000000200005bc                tx2_byte_count
                0x00000000200005bd                rc1timer
                0x00000000200005be                cc2520_rx_count
                0x00000000200005bf                rc2timer
 COMMON         0x00000000200005c0      0x57e Core/Src/main.o
                0x00000000200005c0                delta_RG
                0x00000000200005c4                htim4
                0x0000000020000604                Rx_LEN
                0x0000000020000608                huart3
                0x0000000020000648                tim2_counter
                0x0000000020000649                Rxbuff1
                0x0000000020000669                bRxBuffer
                0x0000000020000731                R_BIT
                0x0000000020000732                G_BIT
                0x0000000020000733                Rx_Num_UART1
                0x0000000020000734                dRxBuffer
                0x0000000020000741                B_DATA
                0x0000000020000744                Rx_count_UART3
                0x0000000020000748                htim5
                0x0000000020000788                g_u8Time20ms_4
                0x000000002000078c                htim3
                0x00000000200007cc                fac_us
                0x00000000200007cd                i
                0x00000000200007ce                Rx_Num_UART3
                0x00000000200007cf                R_DATA
                0x00000000200007d4                huart1
                0x0000000020000814                delta_BX
                0x0000000020000815                g_u8Time20ms_7
                0x0000000020000816                cRxBuffer
                0x00000000200008de                delta_GB
                0x00000000200008df                g_u8Time20ms_2
                0x00000000200008e0                Rx_count_UART4
                0x00000000200008e4                htim6
                0x0000000020000924                htim1
                0x0000000020000964                G_DATA
                0x0000000020000967                Rx_count_UART1
                0x0000000020000968                g_u8Time20ms_5
                0x0000000020000969                Rx_count_UART2
                0x000000002000096a                TX_LEN
                0x000000002000096b                aRxBuffer
                0x000000002000098c                huart4
                0x00000000200009cc                Rxbuff2
                0x00000000200009ec                htim2
                0x0000000020000a2c                Rx_Num_UART4
                0x0000000020000a2d                B_BIT
                0x0000000020000a30                huart2
                0x0000000020000a70                Rxbuff3
                0x0000000020000b38                time_1ms
                0x0000000020000b3a                g_u8Time20ms_1
                0x0000000020000b3b                Rx_Num_UART2
                0x0000000020000b3c                g_u8Time20ms_3
                0x0000000020000b3d                g_u8Time20ms_6
 *fill*         0x0000000020000b3e        0x2 
 COMMON         0x0000000020000b40      0x26c Core/Src/usb.o
                0x0000000020000b40                hpcd_USB_FS
 COMMON         0x0000000020000dac        0xa Core/Src/ws2812.o
                0x0000000020000dac                GG
                0x0000000020000dad                RR2
                0x0000000020000dae                LED_DAT
                0x0000000020000daf                GG2
                0x0000000020000db0                BB2
                0x0000000020000db1                GG1
                0x0000000020000db2                RR
                0x0000000020000db3                BB1
                0x0000000020000db4                BB
                0x0000000020000db5                RR1
 *fill*         0x0000000020000db6        0x2 
 COMMON         0x0000000020000db8        0x4 Drivers/STM32F1xx_HAL_Driver/Src/stm32f1xx_hal.o
                0x0000000020000db8                uwTick
                0x0000000020000dbc                . = ALIGN (0x4)
                0x0000000020000dbc                _ebss = .
                0x0000000020000dbc                __bss_end__ = _ebss

._user_heap_stack
                0x0000000020000dbc      0x604 load address 0x000000000800cf9c
                0x0000000020000dc0                . = ALIGN (0x8)
 *fill*         0x0000000020000dbc        0x4 
                0x0000000020000dc0                PROVIDE (end = .)
                [!provide]                        PROVIDE (_end = .)
                0x0000000020000fc0                . = (. + _Min_Heap_Size)
 *fill*         0x0000000020000dc0      0x200 
                0x00000000200013c0                . = (. + _Min_Stack_Size)
 *fill*         0x0000000020000fc0      0x400 
                0x00000000200013c0                . = ALIGN (0x8)

/DISCARD/
 libc.a(*)
 libm.a(*)
 libgcc.a(*)

.ARM.attributes
                0x0000000000000000       0x29
 *(.ARM.attributes)
 .ARM.attributes
                0x0000000000000000       0x1d e:/st/stm32cubeide_1.3.0/stm32cubeide/plugins/com.st.stm32cube.ide.mcu.externaltools.gnu-tools-for-stm32.7-2018-q2-update.win32_1.0.0.201904181610/tools/bin/../lib/gcc/arm-none-eabi/7.3.1/thumb/v7-m/crti.o
 .ARM.attributes
                0x000000000000001d       0x2d e:/st/stm32cubeide_1.3.0/stm32cubeide/plugins/com.st.stm32cube.ide.mcu.externaltools.gnu-tools-for-stm32.7-2018-q2-update.win32_1.0.0.201904181610/tools/bin/../lib/gcc/arm-none-eabi/7.3.1/thumb/v7-m/crtbegin.o
 .ARM.attributes
                0x000000000000004a       0x33 Core/Src/CC2520.o
 .ARM.attributes
                0x000000000000007d       0x33 Core/Src/LCD_TFT.o
 .ARM.attributes
                0x00000000000000b0       0x33 Core/Src/gpio.o
 .ARM.attributes
                0x00000000000000e3       0x33 Core/Src/main.o
 .ARM.attributes
                0x0000000000000116       0x33 Core/Src/stm32f1xx_hal_msp.o
 .ARM.attributes
                0x0000000000000149       0x33 Core/Src/stm32f1xx_it.o
 .ARM.attributes
                0x000000000000017c       0x33 Core/Src/system_stm32f1xx.o
 .ARM.attributes
                0x00000000000001af       0x33 Core/Src/tim.o
 .ARM.attributes
                0x00000000000001e2       0x33 Core/Src/usart.o
 .ARM.attributes
                0x0000000000000215       0x33 Core/Src/usb.o
 .ARM.attributes
                0x0000000000000248       0x33 Core/Src/ws2812.o
 .ARM.attributes
                0x000000000000027b       0x21 Core/Startup/startup_stm32f103rdtx.o
 .ARM.attributes
                0x000000000000029c       0x33 Drivers/STM32F1xx_HAL_Driver/Src/stm32f1xx_hal.o
 .ARM.attributes
                0x00000000000002cf       0x33 Drivers/STM32F1xx_HAL_Driver/Src/stm32f1xx_hal_cortex.o
 .ARM.attributes
                0x0000000000000302       0x33 Drivers/STM32F1xx_HAL_Driver/Src/stm32f1xx_hal_dma.o
 .ARM.attributes
                0x0000000000000335       0x33 Drivers/STM32F1xx_HAL_Driver/Src/stm32f1xx_hal_gpio.o
 .ARM.attributes
                0x0000000000000368       0x33 Drivers/STM32F1xx_HAL_Driver/Src/stm32f1xx_hal_pcd.o
 .ARM.attributes
                0x000000000000039b       0x33 Drivers/STM32F1xx_HAL_Driver/Src/stm32f1xx_hal_rcc.o
 .ARM.attributes
                0x00000000000003ce       0x33 Drivers/STM32F1xx_HAL_Driver/Src/stm32f1xx_hal_rcc_ex.o
 .ARM.attributes
                0x0000000000000401       0x33 Drivers/STM32F1xx_HAL_Driver/Src/stm32f1xx_hal_tim.o
 .ARM.attributes
                0x0000000000000434       0x33 Drivers/STM32F1xx_HAL_Driver/Src/stm32f1xx_hal_tim_ex.o
 .ARM.attributes
                0x0000000000000467       0x33 Drivers/STM32F1xx_HAL_Driver/Src/stm32f1xx_hal_uart.o
 .ARM.attributes
                0x000000000000049a       0x33 Drivers/STM32F1xx_HAL_Driver/Src/stm32f1xx_ll_usb.o
 .ARM.attributes
                0x00000000000004cd       0x2d e:/st/stm32cubeide_1.3.0/stm32cubeide/plugins/com.st.stm32cube.ide.mcu.externaltools.gnu-tools-for-stm32.7-2018-q2-update.win32_1.0.0.201904181610/tools/bin/../lib/gcc/arm-none-eabi/7.3.1/../../../../arm-none-eabi/lib/thumb/v7-m\libc_nano.a(lib_a-init.o)
 .ARM.attributes
                0x00000000000004fa       0x2d e:/st/stm32cubeide_1.3.0/stm32cubeide/plugins/com.st.stm32cube.ide.mcu.externaltools.gnu-tools-for-stm32.7-2018-q2-update.win32_1.0.0.201904181610/tools/bin/../lib/gcc/arm-none-eabi/7.3.1/../../../../arm-none-eabi/lib/thumb/v7-m\libc_nano.a(lib_a-memset.o)
 .ARM.attributes
                0x0000000000000527       0x1d e:/st/stm32cubeide_1.3.0/stm32cubeide/plugins/com.st.stm32cube.ide.mcu.externaltools.gnu-tools-for-stm32.7-2018-q2-update.win32_1.0.0.201904181610/tools/bin/../lib/gcc/arm-none-eabi/7.3.1/thumb/v7-m/crtn.o
OUTPUT(RGB_TEST_master.elf elf32-littlearm)

.comment        0x0000000000000000       0x7b
 .comment       0x0000000000000000       0x7b Core/Src/CC2520.o
                                         0x7c (size before relaxing)
 .comment       0x000000000000007b       0x7c Core/Src/LCD_TFT.o
 .comment       0x000000000000007b       0x7c Core/Src/gpio.o
 .comment       0x000000000000007b       0x7c Core/Src/main.o
 .comment       0x000000000000007b       0x7c Core/Src/stm32f1xx_hal_msp.o
 .comment       0x000000000000007b       0x7c Core/Src/stm32f1xx_it.o
 .comment       0x000000000000007b       0x7c Core/Src/system_stm32f1xx.o
 .comment       0x000000000000007b       0x7c Core/Src/tim.o
 .comment       0x000000000000007b       0x7c Core/Src/usart.o
 .comment       0x000000000000007b       0x7c Core/Src/usb.o
 .comment       0x000000000000007b       0x7c Core/Src/ws2812.o
 .comment       0x000000000000007b       0x7c Drivers/STM32F1xx_HAL_Driver/Src/stm32f1xx_hal.o
 .comment       0x000000000000007b       0x7c Drivers/STM32F1xx_HAL_Driver/Src/stm32f1xx_hal_cortex.o
 .comment       0x000000000000007b       0x7c Drivers/STM32F1xx_HAL_Driver/Src/stm32f1xx_hal_dma.o
 .comment       0x000000000000007b       0x7c Drivers/STM32F1xx_HAL_Driver/Src/stm32f1xx_hal_gpio.o
 .comment       0x000000000000007b       0x7c Drivers/STM32F1xx_HAL_Driver/Src/stm32f1xx_hal_pcd.o
 .comment       0x000000000000007b       0x7c Drivers/STM32F1xx_HAL_Driver/Src/stm32f1xx_hal_rcc.o
 .comment       0x000000000000007b       0x7c Drivers/STM32F1xx_HAL_Driver/Src/stm32f1xx_hal_rcc_ex.o
 .comment       0x000000000000007b       0x7c Drivers/STM32F1xx_HAL_Driver/Src/stm32f1xx_hal_tim.o
 .comment       0x000000000000007b       0x7c Drivers/STM32F1xx_HAL_Driver/Src/stm32f1xx_hal_tim_ex.o
 .comment       0x000000000000007b       0x7c Drivers/STM32F1xx_HAL_Driver/Src/stm32f1xx_hal_uart.o
 .comment       0x000000000000007b       0x7c Drivers/STM32F1xx_HAL_Driver/Src/stm32f1xx_ll_usb.o

.debug_frame    0x0000000000000000       0x4c
 .debug_frame   0x0000000000000000       0x2c e:/st/stm32cubeide_1.3.0/stm32cubeide/plugins/com.st.stm32cube.ide.mcu.externaltools.gnu-tools-for-stm32.7-2018-q2-update.win32_1.0.0.201904181610/tools/bin/../lib/gcc/arm-none-eabi/7.3.1/../../../../arm-none-eabi/lib/thumb/v7-m\libc_nano.a(lib_a-init.o)
 .debug_frame   0x000000000000002c       0x20 e:/st/stm32cubeide_1.3.0/stm32cubeide/plugins/com.st.stm32cube.ide.mcu.externaltools.gnu-tools-for-stm32.7-2018-q2-update.win32_1.0.0.201904181610/tools/bin/../lib/gcc/arm-none-eabi/7.3.1/../../../../arm-none-eabi/lib/thumb/v7-m\libc_nano.a(lib_a-memset.o)
