CC2520.c:84:6:crc_check	16	static
CC2520.c:103:6:CC2520_GPIO_Config	0	static
CC2520.c:112:6:SET_CC2520_GP0_Input	0	static
CC2520.c:117:6:SET_CC2520_GP1_Input	0	static
CC2520.c:295:7:CC2520_RxPacket	8	static
CC2520.c:342:6:CC2520_SPI_Init	0	static
CC2520.c:348:7:SPI_Read	24	static
CC2520.c:381:6:SPI_Write	16	static
CC2520.c:208:7:CC2520_ReadReg	8	static
CC2520.c:218:7:CC2520_WriteReg	16	static
CC2520.c:226:7:CC2520_ReadRAM	16	static
CC2520.c:237:6:CC2520_WriteRAM	16	static
CC2520.c:122:6:CC2520_IntoActMode_Init	8	static
CC2520.c:281:7:CC2520_Command	8	static
CC2520.c:289:6:CC2520_SetRxMode	0	static
CC2520.c:152:6:CC2520_Init	16	static
CC2520.c:317:6:CC2520_TxPacket	16	static
CC2520.c:248:7:CC2520_WriteTXFIFO	24	static
CC2520.c:412:8:SPI_WriteRead	24	static
CC2520.c:446:6:CC2520_Search	16	static
CC2520.c:500:6:CC2520_ReadRXFIFO	24	static
CC2520.c:546:6:cc2520_rx_app	24	static
CC2520.c:577:6:cc2520_rx_timeout_test	0	static
CC2520.c:583:6:host_ack	8	static
CC2520.c:516:6:cc2520_data_load	16	static
CC2520.c:641:6:temp_send	32	static
