CC2520.c:85:6:crc_check	24	static
CC2520.c:104:6:CC2520_GPIO_Config	4	static
CC2520.c:113:6:SET_CC2520_GP0_Input	4	static
CC2520.c:118:6:SET_CC2520_GP1_Input	4	static
CC2520.c:123:6:CC2520_IntoActMode_Init	8	static
CC2520.c:153:6:CC2520_Init	16	static
CC2520.c:209:7:CC2520_ReadReg	24	static
CC2520.c:219:7:CC2520_WriteReg	16	static
CC2520.c:227:7:CC2520_ReadRAM	24	static
CC2520.c:238:6:CC2520_WriteRAM	16	static
CC2520.c:249:7:CC2520_WriteTXFIFO	24	static
CC2520.c:282:7:CC2520_Command	16	static
CC2520.c:290:6:CC2520_SetRxMode	8	static
CC2520.c:296:7:CC2520_RxPacket	16	static
CC2520.c:324:6:CC2520_TxPacket	16	static
CC2520.c:349:6:CC2520_SPI_Init	4	static
CC2520.c:355:7:SPI_Read	16	static
CC2520.c:394:6:SPI_Write	24	static
CC2520.c:425:8:SPI_WriteRead	24	static
CC2520.c:459:6:CC2520_Search	16	static
CC2520.c:513:6:CC2520_ReadRXFIFO	24	static
CC2520.c:529:6:cc2520_data_load	16	static
CC2520.c:564:6:cc2520_rx_app	32	static
CC2520.c:595:6:cc2520_rx_timeout_test	4	static
CC2520.c:601:6:host_ack	16	static
CC2520.c:659:6:temp_send	16	static
