Archive member included to satisfy reference by file (symbol)

e:/st/stm32cubeide_1.3.0/stm32cubeide/plugins/com.st.stm32cube.ide.mcu.externaltools.gnu-tools-for-stm32.7-2018-q2-update.win32_1.0.0.201904181610/tools/bin/../lib/gcc/arm-none-eabi/7.3.1/../../../../arm-none-eabi/lib/thumb/v7-m\libc_nano.a(lib_a-errno.o)
                              Core/Src/syscalls.o (__errno)
e:/st/stm32cubeide_1.3.0/stm32cubeide/plugins/com.st.stm32cube.ide.mcu.externaltools.gnu-tools-for-stm32.7-2018-q2-update.win32_1.0.0.201904181610/tools/bin/../lib/gcc/arm-none-eabi/7.3.1/../../../../arm-none-eabi/lib/thumb/v7-m\libc_nano.a(lib_a-exit.o)
                              e:/st/stm32cubeide_1.3.0/stm32cubeide/plugins/com.st.stm32cube.ide.mcu.externaltools.gnu-tools-for-stm32.7-2018-q2-update.win32_1.0.0.201904181610/tools/bin/../lib/gcc/arm-none-eabi/7.3.1/../../../../arm-none-eabi/lib/thumb/v7-m/crt0.o (exit)
e:/st/stm32cubeide_1.3.0/stm32cubeide/plugins/com.st.stm32cube.ide.mcu.externaltools.gnu-tools-for-stm32.7-2018-q2-update.win32_1.0.0.201904181610/tools/bin/../lib/gcc/arm-none-eabi/7.3.1/../../../../arm-none-eabi/lib/thumb/v7-m\libc_nano.a(lib_a-impure.o)
                              e:/st/stm32cubeide_1.3.0/stm32cubeide/plugins/com.st.stm32cube.ide.mcu.externaltools.gnu-tools-for-stm32.7-2018-q2-update.win32_1.0.0.201904181610/tools/bin/../lib/gcc/arm-none-eabi/7.3.1/../../../../arm-none-eabi/lib/thumb/v7-m\libc_nano.a(lib_a-exit.o) (_global_impure_ptr)
e:/st/stm32cubeide_1.3.0/stm32cubeide/plugins/com.st.stm32cube.ide.mcu.externaltools.gnu-tools-for-stm32.7-2018-q2-update.win32_1.0.0.201904181610/tools/bin/../lib/gcc/arm-none-eabi/7.3.1/../../../../arm-none-eabi/lib/thumb/v7-m\libc_nano.a(lib_a-init.o)
                              e:/st/stm32cubeide_1.3.0/stm32cubeide/plugins/com.st.stm32cube.ide.mcu.externaltools.gnu-tools-for-stm32.7-2018-q2-update.win32_1.0.0.201904181610/tools/bin/../lib/gcc/arm-none-eabi/7.3.1/../../../../arm-none-eabi/lib/thumb/v7-m/crt0.o (__libc_init_array)
e:/st/stm32cubeide_1.3.0/stm32cubeide/plugins/com.st.stm32cube.ide.mcu.externaltools.gnu-tools-for-stm32.7-2018-q2-update.win32_1.0.0.201904181610/tools/bin/../lib/gcc/arm-none-eabi/7.3.1/../../../../arm-none-eabi/lib/thumb/v7-m\libc_nano.a(lib_a-memset.o)
                              e:/st/stm32cubeide_1.3.0/stm32cubeide/plugins/com.st.stm32cube.ide.mcu.externaltools.gnu-tools-for-stm32.7-2018-q2-update.win32_1.0.0.201904181610/tools/bin/../lib/gcc/arm-none-eabi/7.3.1/../../../../arm-none-eabi/lib/thumb/v7-m/crt0.o (memset)

Allocating common symbols
Common symbol       size              file

GG                  0x1               Core/Src/ws2812.o
RR2                 0x1               Core/Src/ws2812.o
cc2520_senser_count
                    0x1               Core/Src/CC2520.o
rx2_byte_count      0x1               Core/Src/CC2520.o
g_u8Flag0           0x1               Core/Src/CC2520.o
g_u8Flag3           0x1               Core/Src/CC2520.o
rx2_byte_limit      0x1               Core/Src/CC2520.o
delta_RG            0x1               Core/Src/main.o
htim4               0x40              Core/Src/main.o
g_u8Flag1           0x1               Core/Src/CC2520.o
Rx_LEN              0x1               Core/Src/main.o
huart3              0x40              Core/Src/main.o
g_u8Flag6           0x1               Core/Src/CC2520.o
tim2_counter        0x1               Core/Src/main.o
RF_BadCycCnt        0x1               Core/Src/CC2520.o
ADDR                0x1               Core/Src/CC2520.o
Rxbuff1             0x20              Core/Src/main.o
rx2_buff            0x100             Core/Src/CC2520.o
time_cc2520_no_rx   0x4               Core/Src/CC2520.o
g_u8Flag_qian       0x1               Core/Src/CC2520.o
bRxBuffer           0xc8              Core/Src/main.o
g_u8Flag2           0x1               Core/Src/CC2520.o
R_BIT               0x1               Core/Src/main.o
G_BIT               0x1               Core/Src/main.o
Rx_Num_UART1        0x1               Core/Src/main.o
dRxBuffer           0xd               Core/Src/main.o
ptr                 0x4               Core/Src/CC2520.o
LED_DAT             0x1               Core/Src/ws2812.o
uwTick              0x4               Drivers/STM32F1xx_HAL_Driver/Src/stm32f1xx_hal.o
B_DATA              0x3               Core/Src/main.o
pFlash              0x20              Drivers/STM32F1xx_HAL_Driver/Src/stm32f1xx_hal_flash.o
Rx_count_UART3      0x1               Core/Src/main.o
htim5               0x40              Core/Src/main.o
g_u8Time20ms_4      0x1               Core/Src/main.o
htim3               0x40              Core/Src/main.o
fre_set_temp        0x1               Core/Src/CC2520.o
tx2_buff            0x100             Core/Src/CC2520.o
GG2                 0x1               Core/Src/ws2812.o
fre_set_change      0x1               Core/Src/CC2520.o
rx1_byte_count      0x1               Core/Src/CC2520.o
BB2                 0x1               Core/Src/ws2812.o
[...]
Memory Configuration

Name             Origin             Length             Attributes
RAM              0x0000000020000000 0x0000000000010000 xrw
FLASH            0x0000000008000000 0x0000000000060000 xr
*default*        0x0000000000000000 0xffffffffffffffff

Linker script and memory map

LOAD e:/st/stm32cubeide_1.3.0/stm32cubeide/plugins/com.st.stm32cube.ide.mcu.externaltools.gnu-tools-for-stm32.7-2018-q2-update.win32_1.0.0.201904181610/tools/bin/../lib/gcc/arm-none-eabi/7.3.1/thumb/v7-m/crti.o
LOAD e:/st/stm32cubeide_1.3.0/stm32cubeide/plugins/com.st.stm32cube.ide.mcu.externaltools.gnu-tools-for-stm32.7-2018-q2-update.win32_1.0.0.201904181610/tools/bin/../lib/gcc/arm-none-eabi/7.3.1/thumb/v7-m/crtbegin.o
LOAD e:/st/stm32cubeide_1.3.0/stm32cubeide/plugins/com.st.stm32cube.ide.mcu.externaltools.gnu-tools-for-stm32.7-2018-q2-update.win32_1.0.0.201904181610/tools/bin/../lib/gcc/arm-none-eabi/7.3.1/../../../../arm-none-eabi/lib/thumb/v7-m/crt0.o
LOAD Core/Src/CC2520.o
LOAD Core/Src/CRC16.o
LOAD Core/Src/LCD_TFT.o
LOAD Core/Src/gpio.o
LOAD Core/Src/main.o
LOAD Core/Src/stm32f1xx_hal_msp.o
LOAD Core/Src/stm32f1xx_it.o
LOAD Core/Src/syscalls.o
LOAD Core/Src/sysmem.o
LOAD Core/Src/system_stm32f1xx.o
LOAD Core/Src/tim.o
LOAD Core/Src/usart.o
LOAD Core/Src/usb.o
LOAD Core/Src/ws2812.o
LOAD Core/Startup/startup_stm32f103rdtx.o
LOAD Drivers/STM32F1xx_HAL_Driver/Src/stm32f1xx_hal.o
LOAD Drivers/STM32F1xx_HAL_Driver/Src/stm32f1xx_hal_cortex.o
LOAD Drivers/STM32F1xx_HAL_Driver/Src/stm32f1xx_hal_dma.o
LOAD Drivers/STM32F1xx_HAL_Driver/Src/stm32f1xx_hal_exti.o
LOAD Drivers/STM32F1xx_HAL_Driver/Src/stm32f1xx_hal_flash.o
LOAD Drivers/STM32F1xx_HAL_Driver/Src/stm32f1xx_hal_flash_ex.o
LOAD Drivers/STM32F1xx_HAL_Driver/Src/stm32f1xx_hal_gpio.o
LOAD Drivers/STM32F1xx_HAL_Driver/Src/stm32f1xx_hal_gpio_ex.o
LOAD Drivers/STM32F1xx_HAL_Driver/Src/stm32f1xx_hal_pcd.o
LOAD Drivers/STM32F1xx_HAL_Driver/Src/stm32f1xx_hal_pcd_ex.o
LOAD Drivers/STM32F1xx_HAL_Driver/Src/stm32f1xx_hal_pwr.o
LOAD Drivers/STM32F1xx_HAL_Driver/Src/stm32f1xx_hal_rcc.o
LOAD Drivers/STM32F1xx_HAL_Driver/Src/stm32f1xx_hal_rcc_ex.o
LOAD Drivers/STM32F1xx_HAL_Driver/Src/stm32f1xx_hal_tim.o
LOAD Drivers/STM32F1xx_HAL_Driver/Src/stm32f1xx_hal_tim_ex.o
LOAD Drivers/STM32F1xx_HAL_Driver/Src/stm32f1xx_hal_uart.o
LOAD Drivers/STM32F1xx_HAL_Driver/Src/stm32f1xx_ll_usb.o
START GROUP
LOAD e:/st/stm32cubeide_1.3.0/stm32cubeide/plugins/com.st.stm32cube.ide.mcu.externaltools.gnu-tools-for-stm32.7-2018-q2-update.win32_1.0.0.201904181610/tools/bin/../lib/gcc/arm-none-eabi/7.3.1/../../../../arm-none-eabi/lib/thumb/v7-m\libc_nano.a
LOAD e:/st/stm32cubeide_1.3.0/stm32cubeide/plugins/com.st.stm32cube.ide.mcu.externaltools.gnu-tools-for-stm32.7-2018-q2-update.win32_1.0.0.201904181610/tools/bin/../lib/gcc/arm-none-eabi/7.3.1/../../../../arm-none-eabi/lib/thumb/v7-m\libm.a
END GROUP
START GROUP
LOAD e:/st/stm32cubeide_1.3.0/stm32cubeide/plugins/com.st.stm32cube.ide.mcu.externaltools.gnu-tools-for-stm32.7-2018-q2-update.win32_1.0.0.201904181610/tools/bin/../lib/gcc/arm-none-eabi/7.3.1/thumb/v7-m\libgcc.a
LOAD e:/st/stm32cubeide_1.3.0/stm32cubeide/plugins/com.st.stm32cube.ide.mcu.externaltools.gnu-tools-for-stm32.7-2018-q2-update.win32_1.0.0.201904181610/tools/bin/../lib/gcc/arm-none-eabi/7.3.1/../../../../arm-none-eabi/lib/thumb/v7-m\libc_nano.a
END GROUP
START GROUP
LOAD e:/st/stm32cubeide_1.3.0/stm32cubeide/plugins/com.st.stm32cube.ide.mcu.externaltools.gnu-tools-for-stm32.7-2018-q2-update.win32_1.0.0.201904181610/tools/bin/../lib/gcc/arm-none-eabi/7.3.1/thumb/v7-m\libgcc.a
LOAD e:/st/stm32cubeide_1.3.0/stm32cubeide/plugins/com.st.stm32cube.ide.mcu.externaltools.gnu-tools-for-stm32.7-2018-q2-update.win32_1.0.0.201904181610/tools/bin/../lib/gcc/arm-none-eabi/7.3.1/../../../../arm-none-eabi/lib/thumb/v7-m\libc_nano.a
LOAD e:/st/stm32cubeide_1.3.0/stm32cubeide/plugins/com.st.stm32cube.ide.mcu.externaltools.gnu-tools-for-stm32.7-2018-q2-update.win32_1.0.0.201904181610/tools/bin/../lib/gcc/arm-none-eabi/7.3.1/../../../../arm-none-eabi/lib/thumb/v7-m\libnosys.a
END GROUP
START GROUP
LOAD e:/st/stm32cubeide_1.3.0/stm32cubeide/plugins/com.st.stm32cube.ide.mcu.externaltools.gnu-tools-for-stm32.7-2018-q2-update.win32_1.0.0.201904181610/tools/bin/../lib/gcc/arm-none-eabi/7.3.1/thumb/v7-m\libgcc.a
LOAD e:/st/stm32cubeide_1.3.0/stm32cubeide/plugins/com.st.stm32cube.ide.mcu.externaltools.gnu-tools-for-stm32.7-2018-q2-update.win32_1.0.0.201904181610/tools/bin/../lib/gcc/arm-none-eabi/7.3.1/../../../../arm-none-eabi/lib/thumb/v7-m\libc_nano.a
LOAD e:/st/stm32cubeide_1.3.0/stm32cubeide/plugins/com.st.stm32cube.ide.mcu.externaltools.gnu-tools-for-stm32.7-2018-q2-update.win32_1.0.0.201904181610/tools/bin/../lib/gcc/arm-none-eabi/7.3.1/../../../../arm-none-eabi/lib/thumb/v7-m\libnosys.a
END GROUP
LOAD e:/st/stm32cubeide_1.3.0/stm32cubeide/plugins/com.st.stm32cube.ide.mcu.externaltools.gnu-tools-for-stm32.7-2018-q2-update.win32_1.0.0.201904181610/tools/bin/../lib/gcc/arm-none-eabi/7.3.1/thumb/v7-m/crtend.o
LOAD e:/st/stm32cubeide_1.3.0/stm32cubeide/plugins/com.st.stm32cube.ide.mcu.externaltools.gnu-tools-for-stm32.7-2018-q2-update.win32_1.0.0.201904181610/tools/bin/../lib/gcc/arm-none-eabi/7.3.1/thumb/v7-m/crtn.o
                0x0000000020010000                _estack = (ORIGIN (RAM) + LENGTH (RAM))
                0x0000000000000200                _Min_Heap_Size = 0x200
                0x0000000000000400                _Min_Stack_Size = 0x400

.isr_vector     0x0000000008000000      0x1e4
                0x0000000008000000                . = ALIGN (0x4)
 *(.isr_vector)
 .isr_vector    0x0000000008000000      0x1e4 Core/Startup/startup_stm32f103rdtx.o
                0x0000000008000000                g_pfnVectors
                0x00000000080001e4                . = ALIGN (0x4)

.text           0x00000000080001e4     0x4be4
                0x00000000080001e4                . = ALIGN (0x4)
 *(.text)
 .text          0x00000000080001e4       0x40 e:/st/stm32cubeide_1.3.0/stm32cubeide/plugins/com.st.stm32cube.ide.mcu.externaltools.gnu-tools-for-stm32.7-2018-q2-update.win32_1.0.0.201904181610/tools/bin/../lib/gcc/arm-none-eabi/7.3.1/thumb/v7-m/crtbegin.o
 *(.text*)
 .text.crc_check
                0x0000000008000224       0x8c Core/Src/CC2520.o
                0x0000000008000224                crc_check
 .text.CC2520_GPIO_Config
                0x00000000080002b0       0x1c Core/Src/CC2520.o
                0x00000000080002b0                CC2520_GPIO_Config
 .text.CC2520_IntoActMode_Init
                0x00000000080002cc       0xc0 Core/Src/CC2520.o
                0x00000000080002cc                CC2520_IntoActMode_Init
 .text.CC2520_Init
                0x000000000800038c      0x15c Core/Src/CC2520.o
                0x000000000800038c                CC2520_Init
 .text.CC2520_WriteReg
                0x00000000080004e8       0x4c Core/Src/CC2520.o
                0x00000000080004e8                CC2520_WriteReg
 .text.CC2520_ReadRAM
                0x0000000008000534       0x54 Core/Src/CC2520.o
                0x0000000008000534                CC2520_ReadRAM
 .text.CC2520_WriteRAM
                0x0000000008000588       0x54 Core/Src/CC2520.o
                0x0000000008000588                CC2520_WriteRAM
 .text.CC2520_WriteTXFIFO
                0x00000000080005dc       0xa0 Core/Src/CC2520.o
                0x00000000080005dc                CC2520_WriteTXFIFO
 .text.CC2520_Command
                0x000000000800067c       0x38 Core/Src/CC2520.o
                0x000000000800067c                CC2520_Command
 .text.CC2520_SetRxMode
                0x00000000080006b4        0xe Core/Src/CC2520.o
                0x00000000080006b4                CC2520_SetRxMode
 *fill*         0x00000000080006c2        0x2 
 .text.CC2520_RxPacket
                0x00000000080006c4       0xa4 Core/Src/CC2520.o
                0x00000000080006c4                CC2520_RxPacket
 .text.CC2520_TxPacket
                0x0000000008000768       0x9c Core/Src/CC2520.o
                0x0000000008000768                CC2520_TxPacket
 .text.CC2520_SPI_Init
                0x0000000008000804       0x2c Core/Src/CC2520.o
                0x0000000008000804                CC2520_SPI_Init
 .text.SPI_Read
                0x0000000008000830       0xd0 Core/Src/CC2520.o
                0x0000000008000830                SPI_Read
 .text.SPI_Write
                0x0000000008000900       0x98 Core/Src/CC2520.o
                0x0000000008000900                SPI_Write
 .text.CC2520_Search
                0x0000000008000998       0x88 Core/Src/CC2520.o
                0x0000000008000998                CC2520_Search
 .text.CC2520_ReadRXFIFO
                0x0000000008000a20       0x7c Core/Src/CC2520.o
                0x0000000008000a20                CC2520_ReadRXFIFO
 .text.cc2520_data_load
                0x0000000008000a9c       0xb4 Core/Src/CC2520.o
                0x0000000008000a9c                cc2520_data_load
 .text.host_ack
                0x0000000008000b50       0xac Core/Src/CC2520.o
                0x0000000008000b50                host_ack
 .text.LCD_DA   0x0000000008000bfc      0x13c Core/Src/LCD_TFT.o
                0x0000000008000bfc                LCD_DA
 .text.delay1   0x0000000008000d38        0xe Core/Src/LCD_TFT.o
                0x0000000008000d38                delay1
 *fill*         0x0000000008000d46        0x2 
 .text.vSdCmd   0x0000000008000d48       0x64 Core/Src/LCD_TFT.o
                0x0000000008000d48                vSdCmd
 .text.vSdData  0x0000000008000dac       0x64 Core/Src/LCD_TFT.o
                0x0000000008000dac                vSdData
 .text.data_out_16
                0x0000000008000e10       0x2a Core/Src/LCD_TFT.o
                0x0000000008000e10                data_out_16
 *fill*         0x0000000008000e3a        0x2 
 .text.lcd_init
                0x0000000008000e3c       0x94 Core/Src/LCD_TFT.o
                0x0000000008000e3c                lcd_init
 .text.lcd_address
                0x0000000008000ed0       0x58 Core/Src/LCD_TFT.o
                0x0000000008000ed0                lcd_address
 .text.TFT_Disp128160
                0x0000000008000f28       0x5c Core/Src/LCD_TFT.o
                0x0000000008000f28                TFT_Disp128160
 .text.display_color
                0x0000000008000f84       0x46 Core/Src/LCD_TFT.o
                0x0000000008000f84                display_color
 *fill*         0x0000000008000fca        0x2 
 .text.MX_GPIO_Init
                0x0000000008000fcc      0x1cc Core/Src/gpio.o
                0x0000000008000fcc                MX_GPIO_Init
 .text.delay_init
                0x0000000008001198       0x24 Core/Src/main.o
                0x0000000008001198                delay_init
 .text.delay_us1
                0x00000000080011bc       0x7c Core/Src/main.o
                0x00000000080011bc                delay_us1
 .text.main     0x0000000008001238      0x150 Core/Src/main.o
                0x0000000008001238                main
 .text.SystemClock_Config
                0x0000000008001388       0xb8 Core/Src/main.o
                0x0000000008001388                SystemClock_Config
 .text.HAL_TIM_PeriodElapsedCallback
                0x0000000008001440      0x52c Core/Src/main.o
                0x0000000008001440                HAL_TIM_PeriodElapsedCallback
 .text.HAL_UART_RxCpltCallback
                0x000000000800196c       0x8c Core/Src/main.o
                0x000000000800196c                HAL_UART_RxCpltCallback
 .text.IOT_PROCESS
                0x00000000080019f8      0x330 Core/Src/main.o
                0x00000000080019f8                IOT_PROCESS
 .text.Error_Handler
                0x0000000008001d28        0xc Core/Src/main.o
                0x0000000008001d28                Error_Handler
 .text.HAL_MspInit
                0x0000000008001d34       0x64 Core/Src/stm32f1xx_hal_msp.o
                0x0000000008001d34                HAL_MspInit
 .text.NMI_Handler
                0x0000000008001d98        0xc Core/Src/stm32f1xx_it.o
                0x0000000008001d98                NMI_Handler
 .text.HardFault_Handler
                0x0000000008001da4        0x6 Core/Src/stm32f1xx_it.o
                0x0000000008001da4                HardFault_Handler
 .text.MemManage_Handler
                0x0000000008001daa        0x6 Core/Src/stm32f1xx_it.o
                0x0000000008001daa                MemManage_Handler
 .text.BusFault_Handler
                0x0000000008001db0        0x6 Core/Src/stm32f1xx_it.o
                0x0000000008001db0                BusFault_Handler
 .text.UsageFault_Handler
                0x0000000008001db6        0x6 Core/Src/stm32f1xx_it.o
                0x0000000008001db6                UsageFault_Handler
 .text.SVC_Handler
                0x0000000008001dbc        0xc Core/Src/stm32f1xx_it.o
                0x0000000008001dbc                SVC_Handler
 .text.DebugMon_Handler
                0x0000000008001dc8        0xc Core/Src/stm32f1xx_it.o
                0x0000000008001dc8                DebugMon_Handler
 .text.PendSV_Handler
                0x0000000008001dd4        0xc Core/Src/stm32f1xx_it.o
                0x0000000008001dd4                PendSV_Handler
 .text.SysTick_Handler
                0x0000000008001de0        0xc Core/Src/stm32f1xx_it.o
                0x0000000008001de0                SysTick_Handler
 .text.TIM2_IRQHandler
                0x0000000008001dec       0x14 Core/Src/stm32f1xx_it.o
                0x0000000008001dec                TIM2_IRQHandler
 .text.TIM3_IRQHandler
                0x0000000008001e00       0x14 Core/Src/stm32f1xx_it.o
                0x0000000008001e00                TIM3_IRQHandler
 .text.TIM4_IRQHandler
                0x0000000008001e14       0x14 Core/Src/stm32f1xx_it.o
                0x0000000008001e14                TIM4_IRQHandler
 .text.USART3_IRQHandler
                0x0000000008001e28       0x14 Core/Src/stm32f1xx_it.o
                0x0000000008001e28                USART3_IRQHandler
 .text.SystemInit
                0x0000000008001e3c       0x68 Core/Src/system_stm32f1xx.o
                0x0000000008001e3c                SystemInit
 .text.MX_TIM2_Init
                0x0000000008001ea4       0x98 Core/Src/tim.o
                0x0000000008001ea4                MX_TIM2_Init
 .text.MX_TIM3_Init
                0x0000000008001f3c       0x9c Core/Src/tim.o
                0x0000000008001f3c                MX_TIM3_Init
 .text.MX_TIM4_Init
                0x0000000008001fd8       0x9c Core/Src/tim.o
                0x0000000008001fd8                MX_TIM4_Init
 .text.MX_TIM5_Init
                0x0000000008002074       0x9c Core/Src/tim.o
                0x0000000008002074                MX_TIM5_Init
 .text.HAL_TIM_Base_MspInit
                0x0000000008002110       0xe0 Core/Src/tim.o
                0x0000000008002110                HAL_TIM_Base_MspInit
 .text.MX_USART2_UART_Init
                0x00000000080021f0       0x54 Core/Src/usart.o
                0x00000000080021f0                MX_USART2_UART_Init
 .text.MX_USART3_UART_Init
                0x0000000008002244       0x54 Core/Src/usart.o
                0x0000000008002244                MX_USART3_UART_Init
 .text.HAL_UART_MspInit
                0x0000000008002298      0x11c Core/Src/usart.o
                0x0000000008002298                HAL_UART_MspInit
 .text.MX_USB_PCD_Init
                0x00000000080023b4       0x44 Core/Src/usb.o
                0x00000000080023b4                MX_USB_PCD_Init
 .text.HAL_PCD_MspInit
                0x00000000080023f8       0x3c Core/Src/usb.o
                0x00000000080023f8                HAL_PCD_MspInit
 .text.reset_ws2812
                0x0000000008002434       0x20 Core/Src/ws2812.o
                0x0000000008002434                reset_ws2812
 .text.reset_ws2812_1
                0x0000000008002454       0x20 Core/Src/ws2812.o
                0x0000000008002454                reset_ws2812_1
 .text.WS2812_BYTE_1
                0x0000000008002474      0x1a0 Core/Src/ws2812.o
                0x0000000008002474                WS2812_BYTE_1
 .text.WS2812_BYTE
                0x0000000008002614      0x1a0 Core/Src/ws2812.o
                0x0000000008002614                WS2812_BYTE
 .text.send_single_data
                0x00000000080027b4       0x50 Core/Src/ws2812.o
                0x00000000080027b4                send_single_data
 .text.send_string_data
                0x0000000008002804       0x28 Core/Src/ws2812.o
                0x0000000008002804                send_string_data
 .text.send_single_data1
                0x000000000800282c       0x50 Core/Src/ws2812.o
                0x000000000800282c                send_single_data1
 .text.send_string_data1
                0x000000000800287c       0x28 Core/Src/ws2812.o
                0x000000000800287c                send_string_data1
 .text.RGB_close
                0x00000000080028a4       0x48 Core/Src/ws2812.o
                0x00000000080028a4                RGB_close
 .text.RGB_close1
                0x00000000080028ec       0x48 Core/Src/ws2812.o
                0x00000000080028ec                RGB_close1
 .text.Reset_Handler
                0x0000000008002934       0x48 Core/Startup/startup_stm32f103rdtx.o
                0x0000000008002934                Reset_Handler
 .text.Default_Handler
                0x000000000800297c        0x2 Core/Startup/startup_stm32f103rdtx.o
                0x000000000800297c                RTC_Alarm_IRQHandler
                0x000000000800297c                EXTI2_IRQHandler
                0x000000000800297c                TIM8_TRG_COM_IRQHandler
                0x000000000800297c                TIM8_CC_IRQHandler
                0x000000000800297c                TIM1_CC_IRQHandler
                0x000000000800297c                TIM6_IRQHandler
                0x000000000800297c                PVD_IRQHandler
                0x000000000800297c                SDIO_IRQHandler
                0x000000000800297c                EXTI3_IRQHandler
                0x000000000800297c                EXTI0_IRQHandler
                0x000000000800297c                I2C2_EV_IRQHandler
                0x000000000800297c                ADC1_2_IRQHandler
                0x000000000800297c                SPI1_IRQHandler
                0x000000000800297c                TAMPER_IRQHandler
                0x000000000800297c                TIM8_UP_IRQHandler
                0x000000000800297c                DMA2_Channel2_IRQHandler
                0x000000000800297c                DMA1_Channel4_IRQHandler
                0x000000000800297c                RTC_IRQHandler
                0x000000000800297c                DMA1_Channel7_IRQHandler
                0x000000000800297c                CAN1_RX1_IRQHandler
                0x000000000800297c                UART5_IRQHandler
                0x000000000800297c                ADC3_IRQHandler
                0x000000000800297c                DMA2_Channel1_IRQHandler
                0x000000000800297c                I2C1_EV_IRQHandler
                0x000000000800297c                DMA1_Channel6_IRQHandler
                0x000000000800297c                UART4_IRQHandler
                0x000000000800297c                RCC_IRQHandler
                0x000000000800297c                TIM1_TRG_COM_IRQHandler
                0x000000000800297c                DMA1_Channel1_IRQHandler
                0x000000000800297c                Default_Handler
                0x000000000800297c                EXTI15_10_IRQHandler
                0x000000000800297c                TIM7_IRQHandler
                0x000000000800297c                TIM5_IRQHandler
                0x000000000800297c                EXTI9_5_IRQHandler
                0x000000000800297c                SPI2_IRQHandler
                0x000000000800297c                DMA1_Channel5_IRQHandler
                0x000000000800297c                EXTI4_IRQHandler
                0x000000000800297c                USB_LP_CAN1_RX0_IRQHandler
                0x000000000800297c                USB_HP_CAN1_TX_IRQHandler
                0x000000000800297c                DMA1_Channel3_IRQHandler
                0x000000000800297c                FSMC_IRQHandler
                0x000000000800297c                TIM1_UP_IRQHandler
                0x000000000800297c                WWDG_IRQHandler
                0x000000000800297c                TIM1_BRK_IRQHandler
                0x000000000800297c                EXTI1_IRQHandler
                0x000000000800297c                DMA2_Channel4_5_IRQHandler
                0x000000000800297c                USART2_IRQHandler
                0x000000000800297c                I2C2_ER_IRQHandler
                0x000000000800297c                DMA1_Channel2_IRQHandler
                0x000000000800297c                TIM8_BRK_IRQHandler
                0x000000000800297c                CAN1_SCE_IRQHandler
                0x000000000800297c                FLASH_IRQHandler
                0x000000000800297c                USART1_IRQHandler
                0x000000000800297c                SPI3_IRQHandler
                0x000000000800297c                I2C1_ER_IRQHandler
                0x000000000800297c                USBWakeUp_IRQHandler
                0x000000000800297c                DMA2_Channel3_IRQHandler
 *fill*         0x000000000800297e        0x2 
 .text.HAL_Init
                0x0000000008002980       0x2c Drivers/STM32F1xx_HAL_Driver/Src/stm32f1xx_hal.o
                0x0000000008002980                HAL_Init
 .text.HAL_InitTick
                0x00000000080029ac       0x60 Drivers/STM32F1xx_HAL_Driver/Src/stm32f1xx_hal.o
                0x00000000080029ac                HAL_InitTick
 .text.HAL_IncTick
                0x0000000008002a0c       0x24 Drivers/STM32F1xx_HAL_Driver/Src/stm32f1xx_hal.o
                0x0000000008002a0c                HAL_IncTick
 .text.HAL_GetTick
                0x0000000008002a30       0x14 Drivers/STM32F1xx_HAL_Driver/Src/stm32f1xx_hal.o
                0x0000000008002a30                HAL_GetTick
 .text.HAL_Delay
                0x0000000008002a44       0x44 Drivers/STM32F1xx_HAL_Driver/Src/stm32f1xx_hal.o
                0x0000000008002a44                HAL_Delay
 .text.__NVIC_SetPriorityGrouping
                0x0000000008002a88       0x48 Drivers/STM32F1xx_HAL_Driver/Src/stm32f1xx_hal_cortex.o
 .text.__NVIC_GetPriorityGrouping
                0x0000000008002ad0       0x1c Drivers/STM32F1xx_HAL_Driver/Src/stm32f1xx_hal_cortex.o
 .text.__NVIC_EnableIRQ
                0x0000000008002aec       0x38 Drivers/STM32F1xx_HAL_Driver/Src/stm32f1xx_hal_cortex.o
 .text.__NVIC_SetPriority
                0x0000000008002b24       0x54 Drivers/STM32F1xx_HAL_Driver/Src/stm32f1xx_hal_cortex.o
 .text.NVIC_EncodePriority
                0x0000000008002b78       0x64 Drivers/STM32F1xx_HAL_Driver/Src/stm32f1xx_hal_cortex.o
 .text.SysTick_Config
                0x0000000008002bdc       0x44 Drivers/STM32F1xx_HAL_Driver/Src/stm32f1xx_hal_cortex.o
 .text.HAL_NVIC_SetPriorityGrouping
                0x0000000008002c20       0x16 Drivers/STM32F1xx_HAL_Driver/Src/stm32f1xx_hal_cortex.o
                0x0000000008002c20                HAL_NVIC_SetPriorityGrouping
 .text.HAL_NVIC_SetPriority
                0x0000000008002c36       0x38 Drivers/STM32F1xx_HAL_Driver/Src/stm32f1xx_hal_cortex.o
                0x0000000008002c36                HAL_NVIC_SetPriority
 .text.HAL_NVIC_EnableIRQ
                0x0000000008002c6e       0x1c Drivers/STM32F1xx_HAL_Driver/Src/stm32f1xx_hal_cortex.o
                0x0000000008002c6e                HAL_NVIC_EnableIRQ
 .text.HAL_SYSTICK_Config
                0x0000000008002c8a       0x18 Drivers/STM32F1xx_HAL_Driver/Src/stm32f1xx_hal_cortex.o
                0x0000000008002c8a                HAL_SYSTICK_Config
 *fill*         0x0000000008002ca2        0x2 
 .text.HAL_SYSTICK_CLKSourceConfig
                0x0000000008002ca4       0x38 Drivers/STM32F1xx_HAL_Driver/Src/stm32f1xx_hal_cortex.o
                0x0000000008002ca4                HAL_SYSTICK_CLKSourceConfig
 .text.HAL_DMA_Abort_IT
                0x0000000008002cdc      0x210 Drivers/STM32F1xx_HAL_Driver/Src/stm32f1xx_hal_dma.o
                0x0000000008002cdc                HAL_DMA_Abort_IT
 .text.HAL_GPIO_Init
                0x0000000008002eec      0x2d4 Drivers/STM32F1xx_HAL_Driver/Src/stm32f1xx_hal_gpio.o
                0x0000000008002eec                HAL_GPIO_Init
 .text.HAL_GPIO_ReadPin
                0x00000000080031c0       0x2e Drivers/STM32F1xx_HAL_Driver/Src/stm32f1xx_hal_gpio.o
                0x00000000080031c0                HAL_GPIO_ReadPin
 .text.HAL_GPIO_WritePin
                0x00000000080031ee       0x30 Drivers/STM32F1xx_HAL_Driver/Src/stm32f1xx_hal_gpio.o
                0x00000000080031ee                HAL_GPIO_WritePin
 .text.HAL_PCD_Init
                0x000000000800321e      0x1c2 Drivers/STM32F1xx_HAL_Driver/Src/stm32f1xx_hal_pcd.o
                0x000000000800321e                HAL_PCD_Init
 .text.HAL_RCC_OscConfig
                0x00000000080033e0      0x500 Drivers/STM32F1xx_HAL_Driver/Src/stm32f1xx_hal_rcc.o
                0x00000000080033e0                HAL_RCC_OscConfig
 .text.HAL_RCC_ClockConfig
                0x00000000080038e0      0x1d4 Drivers/STM32F1xx_HAL_Driver/Src/stm32f1xx_hal_rcc.o
                0x00000000080038e0                HAL_RCC_ClockConfig
 .text.HAL_RCC_GetSysClockFreq
                0x0000000008003ab4       0xc4 Drivers/STM32F1xx_HAL_Driver/Src/stm32f1xx_hal_rcc.o
                0x0000000008003ab4                HAL_RCC_GetSysClockFreq
 .text.HAL_RCC_GetHCLKFreq
                0x0000000008003b78       0x14 Drivers/STM32F1xx_HAL_Driver/Src/stm32f1xx_hal_rcc.o
                0x0000000008003b78                HAL_RCC_GetHCLKFreq
 .text.HAL_RCC_GetPCLK1Freq
                0x0000000008003b8c       0x28 Drivers/STM32F1xx_HAL_Driver/Src/stm32f1xx_hal_rcc.o
                0x0000000008003b8c                HAL_RCC_GetPCLK1Freq
 .text.HAL_RCC_GetPCLK2Freq
                0x0000000008003bb4       0x28 Drivers/STM32F1xx_HAL_Driver/Src/stm32f1xx_hal_rcc.o
                0x0000000008003bb4                HAL_RCC_GetPCLK2Freq
 .text.RCC_Delay
                0x0000000008003bdc       0x3c Drivers/STM32F1xx_HAL_Driver/Src/stm32f1xx_hal_rcc.o
 .text.HAL_RCCEx_PeriphCLKConfig
                0x0000000008003c18      0x16c Drivers/STM32F1xx_HAL_Driver/Src/stm32f1xx_hal_rcc_ex.o
                0x0000000008003c18                HAL_RCCEx_PeriphCLKConfig
 .text.HAL_TIM_Base_Init
                0x0000000008003d84       0x56 Drivers/STM32F1xx_HAL_Driver/Src/stm32f1xx_hal_tim.o
                0x0000000008003d84                HAL_TIM_Base_Init
 .text.HAL_TIM_Base_Start_IT
                0x0000000008003dda       0x46 Drivers/STM32F1xx_HAL_Driver/Src/stm32f1xx_hal_tim.o
                0x0000000008003dda                HAL_TIM_Base_Start_IT
 .text.HAL_TIM_Base_Stop_IT
                0x0000000008003e20       0x54 Drivers/STM32F1xx_HAL_Driver/Src/stm32f1xx_hal_tim.o
                0x0000000008003e20                HAL_TIM_Base_Stop_IT
 .text.HAL_TIM_IRQHandler
                0x0000000008003e74      0x210 Drivers/STM32F1xx_HAL_Driver/Src/stm32f1xx_hal_tim.o
                0x0000000008003e74                HAL_TIM_IRQHandler
 .text.HAL_TIM_ConfigClockSource
                0x0000000008004084      0x16e Drivers/STM32F1xx_HAL_Driver/Src/stm32f1xx_hal_tim.o
                0x0000000008004084                HAL_TIM_ConfigClockSource
 .text.HAL_TIM_OC_DelayElapsedCallback
                0x00000000080041f2       0x12 Drivers/STM32F1xx_HAL_Driver/Src/stm32f1xx_hal_tim.o
                0x00000000080041f2                HAL_TIM_OC_DelayElapsedCallback
 .text.HAL_TIM_IC_CaptureCallback
                0x0000000008004204       0x12 Drivers/STM32F1xx_HAL_Driver/Src/stm32f1xx_hal_tim.o
                0x0000000008004204                HAL_TIM_IC_CaptureCallback
 .text.HAL_TIM_PWM_PulseFinishedCallback
                0x0000000008004216       0x12 Drivers/STM32F1xx_HAL_Driver/Src/stm32f1xx_hal_tim.o
                0x0000000008004216                HAL_TIM_PWM_PulseFinishedCallback
 .text.HAL_TIM_TriggerCallback
                0x0000000008004228       0x12 Drivers/STM32F1xx_HAL_Driver/Src/stm32f1xx_hal_tim.o
                0x0000000008004228                HAL_TIM_TriggerCallback
 *fill*         0x000000000800423a        0x2 
 .text.TIM_Base_SetConfig
                0x000000000800423c       0xf4 Drivers/STM32F1xx_HAL_Driver/Src/stm32f1xx_hal_tim.o
                0x000000000800423c                TIM_Base_SetConfig
 .text.TIM_TI1_ConfigInputStage
                0x0000000008004330       0x5c Drivers/STM32F1xx_HAL_Driver/Src/stm32f1xx_hal_tim.o
 .text.TIM_TI2_ConfigInputStage
                0x000000000800438c       0x5e Drivers/STM32F1xx_HAL_Driver/Src/stm32f1xx_hal_tim.o
 .text.TIM_ITRx_SetConfig
                0x00000000080043ea       0x34 Drivers/STM32F1xx_HAL_Driver/Src/stm32f1xx_hal_tim.o
 .text.TIM_ETR_SetConfig
                0x000000000800441e       0x3e Drivers/STM32F1xx_HAL_Driver/Src/stm32f1xx_hal_tim.o
                0x000000000800441e                TIM_ETR_SetConfig
 .text.HAL_TIMEx_MasterConfigSynchronization
                0x000000000800445c       0x88 Drivers/STM32F1xx_HAL_Driver/Src/stm32f1xx_hal_tim_ex.o
                0x000000000800445c                HAL_TIMEx_MasterConfigSynchronization
 .text.HAL_TIMEx_CommutCallback
                0x00000000080044e4       0x12 Drivers/STM32F1xx_HAL_Driver/Src/stm32f1xx_hal_tim_ex.o
                0x00000000080044e4                HAL_TIMEx_CommutCallback
 .text.HAL_TIMEx_BreakCallback
                0x00000000080044f6       0x12 Drivers/STM32F1xx_HAL_Driver/Src/stm32f1xx_hal_tim_ex.o
                0x00000000080044f6                HAL_TIMEx_BreakCallback
 .text.HAL_UART_Init
                0x0000000008004508       0x9a Drivers/STM32F1xx_HAL_Driver/Src/stm32f1xx_hal_uart.o
                0x0000000008004508                HAL_UART_Init
 .text.HAL_UART_Receive_IT
                0x00000000080045a2       0xa8 Drivers/STM32F1xx_HAL_Driver/Src/stm32f1xx_hal_uart.o
                0x00000000080045a2                HAL_UART_Receive_IT
 *fill*         0x000000000800464a        0x2 
 .text.HAL_UART_IRQHandler
                0x000000000800464c      0x1f8 Drivers/STM32F1xx_HAL_Driver/Src/stm32f1xx_hal_uart.o
                0x000000000800464c                HAL_UART_IRQHandler
 .text.HAL_UART_TxCpltCallback
                0x0000000008004844       0x12 Drivers/STM32F1xx_HAL_Driver/Src/stm32f1xx_hal_uart.o
                0x0000000008004844                HAL_UART_TxCpltCallback
 .text.HAL_UART_ErrorCallback
                0x0000000008004856       0x12 Drivers/STM32F1xx_HAL_Driver/Src/stm32f1xx_hal_uart.o
                0x0000000008004856                HAL_UART_ErrorCallback
 .text.UART_EndRxTransfer
                0x0000000008004868       0x3a Drivers/STM32F1xx_HAL_Driver/Src/stm32f1xx_hal_uart.o
 .text.UART_DMAAbortOnError
                0x00000000080048a2       0x28 Drivers/STM32F1xx_HAL_Driver/Src/stm32f1xx_hal_uart.o
 .text.UART_Transmit_IT
                0x00000000080048ca       0xaa Drivers/STM32F1xx_HAL_Driver/Src/stm32f1xx_hal_uart.o
 .text.UART_EndTransmit_IT
                0x0000000008004974       0x30 Drivers/STM32F1xx_HAL_Driver/Src/stm32f1xx_hal_uart.o
 .text.UART_Receive_IT
                0x00000000080049a4      0x102 Drivers/STM32F1xx_HAL_Driver/Src/stm32f1xx_hal_uart.o
 *fill*         0x0000000008004aa6        0x2 
 .text.UART_SetConfig
                0x0000000008004aa8      0x1b4 Drivers/STM32F1xx_HAL_Driver/Src/stm32f1xx_hal_uart.o
 .text.USB_CoreInit
                0x0000000008004c5c       0x20 Drivers/STM32F1xx_HAL_Driver/Src/stm32f1xx_ll_usb.o
                0x0000000008004c5c                USB_CoreInit
 .text.USB_EnableGlobalInt
                0x0000000008004c7c       0x2e Drivers/STM32F1xx_HAL_Driver/Src/stm32f1xx_ll_usb.o
                0x0000000008004c7c                USB_EnableGlobalInt
 .text.USB_DisableGlobalInt
                0x0000000008004caa       0x38 Drivers/STM32F1xx_HAL_Driver/Src/stm32f1xx_ll_usb.o
                0x0000000008004caa                USB_DisableGlobalInt
 .text.USB_SetCurrentMode
                0x0000000008004ce2       0x18 Drivers/STM32F1xx_HAL_Driver/Src/stm32f1xx_ll_usb.o
                0x0000000008004ce2                USB_SetCurrentMode
 .text.USB_DevInit
                0x0000000008004cfa       0x48 Drivers/STM32F1xx_HAL_Driver/Src/stm32f1xx_ll_usb.o
                0x0000000008004cfa                USB_DevInit
 .text.USB_DevDisconnect
                0x0000000008004d42       0x14 Drivers/STM32F1xx_HAL_Driver/Src/stm32f1xx_ll_usb.o
                0x0000000008004d42                USB_DevDisconnect
 *fill*         0x0000000008004d56        0x2 
 .text.__libc_init_array
                0x0000000008004d58       0x48 e:/st/stm32cubeide_1.3.0/stm32cubeide/plugins/com.st.stm32cube.ide.mcu.externaltools.gnu-tools-for-stm32.7-2018-q2-update.win32_1.0.0.201904181610/tools/bin/../lib/gcc/arm-none-eabi/7.3.1/../../../../arm-none-eabi/lib/thumb/v7-m\libc_nano.a(lib_a-init.o)
                0x0000000008004d58                __libc_init_array
 .text.memset   0x0000000008004da0       0x10 e:/st/stm32cubeide_1.3.0/stm32cubeide/plugins/com.st.stm32cube.ide.mcu.externaltools.gnu-tools-for-stm32.7-2018-q2-update.win32_1.0.0.201904181610/tools/bin/../lib/gcc/arm-none-eabi/7.3.1/../../../../arm-none-eabi/lib/thumb/v7-m\libc_nano.a(lib_a-memset.o)
                0x0000000008004da0                memset
 *(.glue_7)
 .glue_7        0x0000000008004db0        0x0 linker stubs
 *(.glue_7t)
 .glue_7t       0x0000000008004db0        0x0 linker stubs
 *(.eh_frame)
 .eh_frame      0x0000000008004db0        0x0 e:/st/stm32cubeide_1.3.0/stm32cubeide/plugins/com.st.stm32cube.ide.mcu.externaltools.gnu-tools-for-stm32.7-2018-q2-update.win32_1.0.0.201904181610/tools/bin/../lib/gcc/arm-none-eabi/7.3.1/thumb/v7-m/crtbegin.o
 *(.init)
 .init          0x0000000008004db0        0x4 e:/st/stm32cubeide_1.3.0/stm32cubeide/plugins/com.st.stm32cube.ide.mcu.externaltools.gnu-tools-for-stm32.7-2018-q2-update.win32_1.0.0.201904181610/tools/bin/../lib/gcc/arm-none-eabi/7.3.1/thumb/v7-m/crti.o
                0x0000000008004db0                _init
 .init          0x0000000008004db4        0x8 e:/st/stm32cubeide_1.3.0/stm32cubeide/plugins/com.st.stm32cube.ide.mcu.externaltools.gnu-tools-for-stm32.7-2018-q2-update.win32_1.0.0.201904181610/tools/bin/../lib/gcc/arm-none-eabi/7.3.1/thumb/v7-m/crtn.o
 *(.fini)
 .fini          0x0000000008004dbc        0x4 e:/st/stm32cubeide_1.3.0/stm32cubeide/plugins/com.st.stm32cube.ide.mcu.externaltools.gnu-tools-for-stm32.7-2018-q2-update.win32_1.0.0.201904181610/tools/bin/../lib/gcc/arm-none-eabi/7.3.1/thumb/v7-m/crti.o
                0x0000000008004dbc                _fini
 .fini          0x0000000008004dc0        0x8 e:/st/stm32cubeide_1.3.0/stm32cubeide/plugins/com.st.stm32cube.ide.mcu.externaltools.gnu-tools-for-stm32.7-2018-q2-update.win32_1.0.0.201904181610/tools/bin/../lib/gcc/arm-none-eabi/7.3.1/thumb/v7-m/crtn.o
                0x0000000008004dc8                . = ALIGN (0x4)
                0x0000000008004dc8                _etext = .

.vfp11_veneer   0x0000000008004dc8        0x0
 .vfp11_veneer  0x0000000008004dc8        0x0 linker stubs

.v4_bx          0x0000000008004dc8        0x0
 .v4_bx         0x0000000008004dc8        0x0 linker stubs

.iplt           0x0000000008004dc8        0x0
 .iplt          0x0000000008004dc8        0x0 e:/st/stm32cubeide_1.3.0/stm32cubeide/plugins/com.st.stm32cube.ide.mcu.externaltools.gnu-tools-for-stm32.7-2018-q2-update.win32_1.0.0.201904181610/tools/bin/../lib/gcc/arm-none-eabi/7.3.1/thumb/v7-m/crtbegin.o

.rodata         0x0000000008004dc8     0xa04c
                0x0000000008004dc8                . = ALIGN (0x4)
 *(.rodata)
 .rodata        0x0000000008004dc8       0x12 Drivers/STM32F1xx_HAL_Driver/Src/stm32f1xx_hal_rcc.o
 *(.rodata*)
 *fill*         0x0000000008004dda        0x2 
 .rodata.CC2520_PackHead
                0x0000000008004ddc       0x18 Core/Src/CC2520.o
                0x0000000008004ddc                CC2520_PackHead
 .rodata.gImage_Peaks_logo
                0x0000000008004df4     0xa008 Core/Src/LCD_TFT.o
                0x0000000008004df4                gImage_Peaks_logo
 .rodata.AHBPrescTable
                0x000000000800edfc       0x10 Core/Src/system_stm32f1xx.o
                0x000000000800edfc                AHBPrescTable
 .rodata.APBPrescTable
                0x000000000800ee0c        0x8 Core/Src/system_stm32f1xx.o
                0x000000000800ee0c                APBPrescTable
                0x000000000800ee14                . = ALIGN (0x4)

.rel.dyn        0x000000000800ee14        0x0
 .rel.iplt      0x000000000800ee14        0x0 e:/st/stm32cubeide_1.3.0/stm32cubeide/plugins/com.st.stm32cube.ide.mcu.externaltools.gnu-tools-for-stm32.7-2018-q2-update.win32_1.0.0.201904181610/tools/bin/../lib/gcc/arm-none-eabi/7.3.1/thumb/v7-m/crtbegin.o

.ARM.extab      0x000000000800ee14        0x0
                0x000000000800ee14                . = ALIGN (0x4)
 *(.ARM.extab* .gnu.linkonce.armextab.*)
                0x000000000800ee14                . = ALIGN (0x4)

.ARM            0x000000000800ee14        0x0
                0x000000000800ee14                . = ALIGN (0x4)
                0x000000000800ee14                __exidx_start = .
 *(.ARM.exidx*)
                0x000000000800ee14                __exidx_end = .
                0x000000000800ee14                . = ALIGN (0x4)

.preinit_array  0x000000000800ee14        0x0
                0x000000000800ee14                . = ALIGN (0x4)
                0x000000000800ee14                PROVIDE (__preinit_array_start = .)
 *(.preinit_array*)
                0x000000000800ee14                PROVIDE (__preinit_array_end = .)
                0x000000000800ee14                . = ALIGN (0x4)

.init_array     0x000000000800ee14        0x4
                0x000000000800ee14                . = ALIGN (0x4)
                0x000000000800ee14                PROVIDE (__init_array_start = .)
 *(SORT_BY_NAME(.init_array.*))
 *(.init_array*)
 .init_array    0x000000000800ee14        0x4 e:/st/stm32cubeide_1.3.0/stm32cubeide/plugins/com.st.stm32cube.ide.mcu.externaltools.gnu-tools-for-stm32.7-2018-q2-update.win32_1.0.0.201904181610/tools/bin/../lib/gcc/arm-none-eabi/7.3.1/thumb/v7-m/crtbegin.o
                0x000000000800ee18                PROVIDE (__init_array_end = .)
                0x000000000800ee18                . = ALIGN (0x4)

.fini_array     0x000000000800ee18        0x4
                0x000000000800ee18                . = ALIGN (0x4)
                [!provide]                        PROVIDE (__fini_array_start = .)
 *(SORT_BY_NAME(.fini_array.*))
 *(.fini_array*)
 .fini_array    0x000000000800ee18        0x4 e:/st/stm32cubeide_1.3.0/stm32cubeide/plugins/com.st.stm32cube.ide.mcu.externaltools.gnu-tools-for-stm32.7-2018-q2-update.win32_1.0.0.201904181610/tools/bin/../lib/gcc/arm-none-eabi/7.3.1/thumb/v7-m/crtbegin.o
                [!provide]                        PROVIDE (__fini_array_end = .)
                0x000000000800ee1c                . = ALIGN (0x4)
                0x000000000800ee1c                _sidata = LOADADDR (.data)

.data           0x0000000020000000       0x28 load address 0x000000000800ee1c
                0x0000000020000000                . = ALIGN (0x4)
                0x0000000020000000                _sdata = .
 *(.data)
 *(.data*)
 .data.CC2520_Source_PANID
                0x0000000020000000        0x2 Core/Src/CC2520.o
                0x0000000020000000                CC2520_Source_PANID
 *fill*         0x0000000020000002        0x2 
 .data.CC2520_Source_IEEEAddr
                0x0000000020000004        0x8 Core/Src/CC2520.o
                0x0000000020000004                CC2520_Source_IEEEAddr
 .data.ID_ARM_UP_A
                0x000000002000000c        0x6 Core/Src/CC2520.o
                0x000000002000000c                ID_ARM_UP_A
 *fill*         0x0000000020000012        0x2 
 .data.TX_BUFF_WENXIN
                0x0000000020000014        0x7 Core/Src/main.o
                0x0000000020000014                TX_BUFF_WENXIN
 *fill*         0x000000002000001b        0x1 
 .data.SystemCoreClock
                0x000000002000001c        0x4 Core/Src/system_stm32f1xx.o
                0x000000002000001c                SystemCoreClock
 .data.uwTickPrio
                0x0000000020000020        0x4 Drivers/STM32F1xx_HAL_Driver/Src/stm32f1xx_hal.o
                0x0000000020000020                uwTickPrio
 .data.uwTickFreq
                0x0000000020000024        0x1 Drivers/STM32F1xx_HAL_Driver/Src/stm32f1xx_hal.o
                0x0000000020000024                uwTickFreq
                0x0000000020000028                . = ALIGN (0x4)
 *fill*         0x0000000020000025        0x3 
                0x0000000020000028                _edata = .

.igot.plt       0x0000000020000028        0x0 load address 0x000000000800ee44
 .igot.plt      0x0000000020000028        0x0 e:/st/stm32cubeide_1.3.0/stm32cubeide/plugins/com.st.stm32cube.ide.mcu.externaltools.gnu-tools-for-stm32.7-2018-q2-update.win32_1.0.0.201904181610/tools/bin/../lib/gcc/arm-none-eabi/7.3.1/thumb/v7-m/crtbegin.o
                0x0000000020000028                . = ALIGN (0x4)

.bss            0x0000000020000028      0xdbc load address 0x000000000800ee44
                0x0000000020000028                _sbss = .
                0x0000000020000028                __bss_start__ = _sbss
 *(.bss)
 .bss           0x0000000020000028       0x1c e:/st/stm32cubeide_1.3.0/stm32cubeide/plugins/com.st.stm32cube.ide.mcu.externaltools.gnu-tools-for-stm32.7-2018-q2-update.win32_1.0.0.201904181610/tools/bin/../lib/gcc/arm-none-eabi/7.3.1/thumb/v7-m/crtbegin.o
 *(.bss*)
 .bss.time_hand_ctrl
                0x0000000020000044        0x1 Core/Src/CC2520.o
                0x0000000020000044                time_hand_ctrl
 .bss.temp_run  0x0000000020000045        0x1 Core/Src/main.o
                0x0000000020000045                temp_run
 .bss.RR_temp   0x0000000020000046        0x1 Core/Src/main.o
                0x0000000020000046                RR_temp
 .bss.GG_temp   0x0000000020000047        0x1 Core/Src/main.o
                0x0000000020000047                GG_temp
 .bss.BB_temp   0x0000000020000048        0x1 Core/Src/main.o
                0x0000000020000048                BB_temp
 *fill*         0x0000000020000049        0x1 
 .bss.time3_20ms
                0x000000002000004a        0x2 Core/Src/main.o
                0x000000002000004a                time3_20ms
 *(COMMON)
 COMMON         0x000000002000004c      0x598 Core/Src/CC2520.o
                0x000000002000004c                cc2520_senser_count
                0x000000002000004d                rx2_byte_count
                0x0000000020000050                g_u8Flag0
                0x0000000020000054                g_u8Flag3
                0x0000000020000055                rx2_byte_limit
                0x0000000020000058                g_u8Flag1
                0x000000002000005c                g_u8Flag6
                0x000000002000005d                RF_BadCycCnt
                0x000000002000005e                ADDR
                0x0000000020000060                rx2_buff
                0x0000000020000160                time_cc2520_no_rx
                0x0000000020000164                g_u8Flag_qian
                0x0000000020000168                g_u8Flag2
                0x000000002000016c                ptr
                0x0000000020000170                fre_set_temp
                0x0000000020000174                tx2_buff
                0x0000000020000274                fre_set_change
                0x0000000020000275                rx1_byte_count
                0x0000000020000278                g_u8Flag_hou
                0x000000002000027c                g_u8Flag4
                0x000000002000027d                tx1_byte_limit
                0x000000002000027e                CRC_HIG
                0x000000002000027f                tx2_byte_limit
                0x0000000020000280                rx1_byte_limit
                0x0000000020000284                rx1_buff
                0x0000000020000384                time_delay
                0x0000000020000388                tx1_byte_count
                0x000000002000038c                tx1_buff
                0x000000002000048c                g_u8Flag_no_fault
                0x000000002000048d                fre_set
                0x0000000020000490                cc2520_rx
                0x0000000020000550                g_u8Flag5
                0x0000000020000554                cc2520_rx_cycle
                0x0000000020000558                CRC_LOW
                0x0000000020000559                CC2520_WorkFreqIndex
                0x000000002000055c                time_display
                0x0000000020000560                CC2520_PSDU
                0x00000000200005e0                tx2_byte_count
                0x00000000200005e1                rc1timer
                0x00000000200005e2                cc2520_rx_count
                0x00000000200005e3                rc2timer
 COMMON         0x00000000200005e4      0x582 Core/Src/main.o
                0x00000000200005e4                delta_RG
                0x00000000200005e8                htim4
                0x0000000020000628                Rx_LEN
                0x000000002000062c                huart3
                0x000000002000066c                tim2_counter
                0x0000000020000670                Rxbuff1
                0x0000000020000690                bRxBuffer
                0x0000000020000758                R_BIT
                0x0000000020000759                G_BIT
                0x000000002000075a                Rx_Num_UART1
                0x000000002000075c                dRxBuffer
                0x000000002000076c                B_DATA
                0x000000002000076f                Rx_count_UART3
                0x0000000020000770                htim5
                0x00000000200007b0                g_u8Time20ms_4
                0x00000000200007b4                htim3
                0x00000000200007f4                fac_us
                0x00000000200007f5                i
                0x00000000200007f6                Rx_Num_UART3
                0x00000000200007f8                R_DATA
                0x00000000200007fc                huart1
                0x000000002000083c                delta_BX
                0x000000002000083d                g_u8Time20ms_7
                0x0000000020000840                cRxBuffer
                0x0000000020000908                delta_GB
                0x0000000020000909                g_u8Time20ms_2
                0x000000002000090a                Rx_count_UART4
                0x000000002000090c                htim6
                0x000000002000094c                htim1
                0x000000002000098c                G_DATA
                0x000000002000098f                Rx_count_UART1
                0x0000000020000990                g_u8Time20ms_5
                0x0000000020000991                Rx_count_UART2
                0x0000000020000992                TX_LEN
                0x0000000020000994                aRxBuffer
                0x00000000200009b4                huart4
                0x00000000200009f4                Rxbuff2
                0x0000000020000a14                htim2
                0x0000000020000a54                Rx_Num_UART4
                0x0000000020000a55                B_BIT
                0x0000000020000a58                huart2
                0x0000000020000a98                Rxbuff3
                0x0000000020000b60                time_1ms
                0x0000000020000b62                g_u8Time20ms_1
                0x0000000020000b63                Rx_Num_UART2
                0x0000000020000b64                g_u8Time20ms_3
                0x0000000020000b65                g_u8Time20ms_6
 *fill*         0x0000000020000b66        0x2 
 COMMON         0x0000000020000b68      0x26c Core/Src/usb.o
                0x0000000020000b68                hpcd_USB_FS
 COMMON         0x0000000020000dd4        0xa Core/Src/ws2812.o
                0x0000000020000dd4                GG
                0x0000000020000dd5                RR2
                0x0000000020000dd6                LED_DAT
                0x0000000020000dd7                GG2
                0x0000000020000dd8                BB2
                0x0000000020000dd9                GG1
                0x0000000020000dda                RR
                0x0000000020000ddb                BB1
                0x0000000020000ddc                BB
                0x0000000020000ddd                RR1
 *fill*         0x0000000020000dde        0x2 
 COMMON         0x0000000020000de0        0x4 Drivers/STM32F1xx_HAL_Driver/Src/stm32f1xx_hal.o
                0x0000000020000de0                uwTick
                0x0000000020000de4                . = ALIGN (0x4)
                0x0000000020000de4                _ebss = .
                0x0000000020000de4                __bss_end__ = _ebss

._user_heap_stack
                0x0000000020000de4      0x604 load address 0x000000000800ee44
                0x0000000020000de8                . = ALIGN (0x8)
 *fill*         0x0000000020000de4        0x4 
                0x0000000020000de8                PROVIDE (end = .)
                [!provide]                        PROVIDE (_end = .)
                0x0000000020000fe8                . = (. + _Min_Heap_Size)
 *fill*         0x0000000020000de8      0x200 
                0x00000000200013e8                . = (. + _Min_Stack_Size)
 *fill*         0x0000000020000fe8      0x400 
                0x00000000200013e8                . = ALIGN (0x8)

/DISCARD/
 libc.a(*)
 libm.a(*)
 libgcc.a(*)

.ARM.attributes
                0x0000000000000000       0x29
 *(.ARM.attributes)
 .ARM.attributes
                0x0000000000000000       0x1d e:/st/stm32cubeide_1.3.0/stm32cubeide/plugins/com.st.stm32cube.ide.mcu.externaltools.gnu-tools-for-stm32.7-2018-q2-update.win32_1.0.0.201904181610/tools/bin/../lib/gcc/arm-none-eabi/7.3.1/thumb/v7-m/crti.o
 .ARM.attributes
                0x000000000000001d       0x2d e:/st/stm32cubeide_1.3.0/stm32cubeide/plugins/com.st.stm32cube.ide.mcu.externaltools.gnu-tools-for-stm32.7-2018-q2-update.win32_1.0.0.201904181610/tools/bin/../lib/gcc/arm-none-eabi/7.3.1/thumb/v7-m/crtbegin.o
 .ARM.attributes
                0x000000000000004a       0x33 Core/Src/CC2520.o
 .ARM.attributes
                0x000000000000007d       0x33 Core/Src/LCD_TFT.o
 .ARM.attributes
                0x00000000000000b0       0x33 Core/Src/gpio.o
 .ARM.attributes
                0x00000000000000e3       0x33 Core/Src/main.o
 .ARM.attributes
                0x0000000000000116       0x33 Core/Src/stm32f1xx_hal_msp.o
 .ARM.attributes
                0x0000000000000149       0x33 Core/Src/stm32f1xx_it.o
 .ARM.attributes
                0x000000000000017c       0x33 Core/Src/system_stm32f1xx.o
 .ARM.attributes
                0x00000000000001af       0x33 Core/Src/tim.o
 .ARM.attributes
                0x00000000000001e2       0x33 Core/Src/usart.o
 .ARM.attributes
                0x0000000000000215       0x33 Core/Src/usb.o
 .ARM.attributes
                0x0000000000000248       0x33 Core/Src/ws2812.o
 .ARM.attributes
                0x000000000000027b       0x21 Core/Startup/startup_stm32f103rdtx.o
 .ARM.attributes
                0x000000000000029c       0x33 Drivers/STM32F1xx_HAL_Driver/Src/stm32f1xx_hal.o
 .ARM.attributes
                0x00000000000002cf       0x33 Drivers/STM32F1xx_HAL_Driver/Src/stm32f1xx_hal_cortex.o
 .ARM.attributes
                0x0000000000000302       0x33 Drivers/STM32F1xx_HAL_Driver/Src/stm32f1xx_hal_dma.o
 .ARM.attributes
                0x0000000000000335       0x33 Drivers/STM32F1xx_HAL_Driver/Src/stm32f1xx_hal_gpio.o
 .ARM.attributes
                0x0000000000000368       0x33 Drivers/STM32F1xx_HAL_Driver/Src/stm32f1xx_hal_pcd.o
 .ARM.attributes
                0x000000000000039b       0x33 Drivers/STM32F1xx_HAL_Driver/Src/stm32f1xx_hal_rcc.o
 .ARM.attributes
                0x00000000000003ce       0x33 Drivers/STM32F1xx_HAL_Driver/Src/stm32f1xx_hal_rcc_ex.o
 .ARM.attributes
                0x0000000000000401       0x33 Drivers/STM32F1xx_HAL_Driver/Src/stm32f1xx_hal_tim.o
 .ARM.attributes
                0x0000000000000434       0x33 Drivers/STM32F1xx_HAL_Driver/Src/stm32f1xx_hal_tim_ex.o
 .ARM.attributes
                0x0000000000000467       0x33 Drivers/STM32F1xx_HAL_Driver/Src/stm32f1xx_hal_uart.o
 .ARM.attributes
                0x000000000000049a       0x33 Drivers/STM32F1xx_HAL_Driver/Src/stm32f1xx_ll_usb.o
 .ARM.attributes
                0x00000000000004cd       0x2d e:/st/stm32cubeide_1.3.0/stm32cubeide/plugins/com.st.stm32cube.ide.mcu.externaltools.gnu-tools-for-stm32.7-2018-q2-update.win32_1.0.0.201904181610/tools/bin/../lib/gcc/arm-none-eabi/7.3.1/../../../../arm-none-eabi/lib/thumb/v7-m\libc_nano.a(lib_a-init.o)
 .ARM.attributes
                0x00000000000004fa       0x2d e:/st/stm32cubeide_1.3.0/stm32cubeide/plugins/com.st.stm32cube.ide.mcu.externaltools.gnu-tools-for-stm32.7-2018-q2-update.win32_1.0.0.201904181610/tools/bin/../lib/gcc/arm-none-eabi/7.3.1/../../../../arm-none-eabi/lib/thumb/v7-m\libc_nano.a(lib_a-memset.o)
 .ARM.attributes
                0x0000000000000527       0x1d e:/st/stm32cubeide_1.3.0/stm32cubeide/plugins/com.st.stm32cube.ide.mcu.externaltools.gnu-tools-for-stm32.7-2018-q2-update.win32_1.0.0.201904181610/tools/bin/../lib/gcc/arm-none-eabi/7.3.1/thumb/v7-m/crtn.o
OUTPUT(RGB_TEST_master.elf elf32-littlearm)

.debug_info     0x0000000000000000    0x11296
 .debug_info    0x0000000000000000      0xd2f Core/Src/CC2520.o
 .debug_info    0x0000000000000d2f      0x915 Core/Src/LCD_TFT.o
 .debug_info    0x0000000000001644      0x63c Core/Src/gpio.o
 .debug_info    0x0000000000001c80     0x17cb Core/Src/main.o
 .debug_info    0x000000000000344b      0x5af Core/Src/stm32f1xx_hal_msp.o
 .debug_info    0x00000000000039fa      0xbc6 Core/Src/stm32f1xx_it.o
 .debug_info    0x00000000000045c0      0x433 Core/Src/system_stm32f1xx.o
 .debug_info    0x00000000000049f3      0xd7e Core/Src/tim.o
 .debug_info    0x0000000000005771      0xc83 Core/Src/usart.o
 .debug_info    0x00000000000063f4      0xa00 Core/Src/usb.o
 .debug_info    0x0000000000006df4      0xc84 Core/Src/ws2812.o
 .debug_info    0x0000000000007a78       0x22 Core/Startup/startup_stm32f103rdtx.o
 .debug_info    0x0000000000007a9a      0x764 Drivers/STM32F1xx_HAL_Driver/Src/stm32f1xx_hal.o
 .debug_info    0x00000000000081fe      0xbac Drivers/STM32F1xx_HAL_Driver/Src/stm32f1xx_hal_cortex.o
 .debug_info    0x0000000000008daa      0x7a6 Drivers/STM32F1xx_HAL_Driver/Src/stm32f1xx_hal_dma.o
 .debug_info    0x0000000000009550      0x681 Drivers/STM32F1xx_HAL_Driver/Src/stm32f1xx_hal_gpio.o
 .debug_info    0x0000000000009bd1      0xe38 Drivers/STM32F1xx_HAL_Driver/Src/stm32f1xx_hal_pcd.o
 .debug_info    0x000000000000aa09      0x804 Drivers/STM32F1xx_HAL_Driver/Src/stm32f1xx_hal_rcc.o
 .debug_info    0x000000000000b20d      0x453 Drivers/STM32F1xx_HAL_Driver/Src/stm32f1xx_hal_rcc_ex.o
 .debug_info    0x000000000000b660     0x2456 Drivers/STM32F1xx_HAL_Driver/Src/stm32f1xx_hal_tim.o
 .debug_info    0x000000000000dab6     0x1104 Drivers/STM32F1xx_HAL_Driver/Src/stm32f1xx_hal_tim_ex.o
 .debug_info    0x000000000000ebba     0x11e3 Drivers/STM32F1xx_HAL_Driver/Src/stm32f1xx_hal_uart.o
 .debug_info    0x000000000000fd9d     0x14f9 Drivers/STM32F1xx_HAL_Driver/Src/stm32f1xx_ll_usb.o

.debug_abbrev   0x0000000000000000     0x2c9e
 .debug_abbrev  0x0000000000000000      0x2dd Core/Src/CC2520.o
 .debug_abbrev  0x00000000000002dd      0x232 Core/Src/LCD_TFT.o
 .debug_abbrev  0x000000000000050f      0x185 Core/Src/gpio.o
 .debug_abbrev  0x0000000000000694      0x2a3 Core/Src/main.o
 .debug_abbrev  0x0000000000000937      0x167 Core/Src/stm32f1xx_hal_msp.o
 .debug_abbrev  0x0000000000000a9e      0x1ab Core/Src/stm32f1xx_it.o
 .debug_abbrev  0x0000000000000c49      0x134 Core/Src/system_stm32f1xx.o
 .debug_abbrev  0x0000000000000d7d      0x1f5 Core/Src/tim.o
 .debug_abbrev  0x0000000000000f72      0x1f3 Core/Src/usart.o
 .debug_abbrev  0x0000000000001165      0x1dc Core/Src/usb.o
 .debug_abbrev  0x0000000000001341      0x270 Core/Src/ws2812.o
 .debug_abbrev  0x00000000000015b1       0x12 Core/Startup/startup_stm32f103rdtx.o
 .debug_abbrev  0x00000000000015c3      0x1d8 Drivers/STM32F1xx_HAL_Driver/Src/stm32f1xx_hal.o
 .debug_abbrev  0x000000000000179b      0x2d5 Drivers/STM32F1xx_HAL_Driver/Src/stm32f1xx_hal_cortex.o
 .debug_abbrev  0x0000000000001a70      0x1fe Drivers/STM32F1xx_HAL_Driver/Src/stm32f1xx_hal_dma.o
 .debug_abbrev  0x0000000000001c6e      0x1c0 Drivers/STM32F1xx_HAL_Driver/Src/stm32f1xx_hal_gpio.o
 .debug_abbrev  0x0000000000001e2e      0x263 Drivers/STM32F1xx_HAL_Driver/Src/stm32f1xx_hal_pcd.o
 .debug_abbrev  0x0000000000002091      0x243 Drivers/STM32F1xx_HAL_Driver/Src/stm32f1xx_hal_rcc.o
 .debug_abbrev  0x00000000000022d4      0x175 Drivers/STM32F1xx_HAL_Driver/Src/stm32f1xx_hal_rcc_ex.o
 .debug_abbrev  0x0000000000002449      0x230 Drivers/STM32F1xx_HAL_Driver/Src/stm32f1xx_hal_tim.o
 .debug_abbrev  0x0000000000002679      0x21e Drivers/STM32F1xx_HAL_Driver/Src/stm32f1xx_hal_tim_ex.o
 .debug_abbrev  0x0000000000002897      0x242 Drivers/STM32F1xx_HAL_Driver/Src/stm32f1xx_hal_uart.o
 .debug_abbrev  0x0000000000002ad9      0x1c5 Drivers/STM32F1xx_HAL_Driver/Src/stm32f1xx_ll_usb.o

.debug_aranges  0x0000000000000000     0x10a8
 .debug_aranges
                0x0000000000000000       0xe8 Core/Src/CC2520.o
 .debug_aranges
                0x00000000000000e8       0x88 Core/Src/LCD_TFT.o
 .debug_aranges
                0x0000000000000170       0x20 Core/Src/gpio.o
 .debug_aranges
                0x0000000000000190       0x58 Core/Src/main.o
 .debug_aranges
                0x00000000000001e8       0x20 Core/Src/stm32f1xx_hal_msp.o
 .debug_aranges
                0x0000000000000208       0x80 Core/Src/stm32f1xx_it.o
 .debug_aranges
                0x0000000000000288       0x28 Core/Src/system_stm32f1xx.o
 .debug_aranges
                0x00000000000002b0       0x48 Core/Src/tim.o
 .debug_aranges
                0x00000000000002f8       0x38 Core/Src/usart.o
 .debug_aranges
                0x0000000000000330       0x30 Core/Src/usb.o
 .debug_aranges
                0x0000000000000360       0xb8 Core/Src/ws2812.o
 .debug_aranges
                0x0000000000000418       0x28 Core/Startup/startup_stm32f103rdtx.o
 .debug_aranges
                0x0000000000000440       0xe0 Drivers/STM32F1xx_HAL_Driver/Src/stm32f1xx_hal.o
 .debug_aranges
                0x0000000000000520      0x100 Drivers/STM32F1xx_HAL_Driver/Src/stm32f1xx_hal_cortex.o
 .debug_aranges
                0x0000000000000620       0x80 Drivers/STM32F1xx_HAL_Driver/Src/stm32f1xx_hal_dma.o
 .debug_aranges
                0x00000000000006a0       0x58 Drivers/STM32F1xx_HAL_Driver/Src/stm32f1xx_hal_gpio.o
 .debug_aranges
                0x00000000000006f8      0x120 Drivers/STM32F1xx_HAL_Driver/Src/stm32f1xx_hal_pcd.o
 .debug_aranges
                0x0000000000000818       0x90 Drivers/STM32F1xx_HAL_Driver/Src/stm32f1xx_hal_rcc.o
 .debug_aranges
                0x00000000000008a8       0x30 Drivers/STM32F1xx_HAL_Driver/Src/stm32f1xx_hal_rcc_ex.o
 .debug_aranges
                0x00000000000008d8      0x3a8 Drivers/STM32F1xx_HAL_Driver/Src/stm32f1xx_hal_tim.o
 .debug_aranges
                0x0000000000000c80      0x150 Drivers/STM32F1xx_HAL_Driver/Src/stm32f1xx_hal_tim_ex.o
 .debug_aranges
                0x0000000000000dd0      0x1d0 Drivers/STM32F1xx_HAL_Driver/Src/stm32f1xx_hal_uart.o
 .debug_aranges
                0x0000000000000fa0      0x108 Drivers/STM32F1xx_HAL_Driver/Src/stm32f1xx_ll_usb.o

.debug_ranges   0x0000000000000000      0xf40
 .debug_ranges  0x0000000000000000       0xd8 Core/Src/CC2520.o
 .debug_ranges  0x00000000000000d8       0x78 Core/Src/LCD_TFT.o
 .debug_ranges  0x0000000000000150       0x10 Core/Src/gpio.o
 .debug_ranges  0x0000000000000160       0x48 Core/Src/main.o
 .debug_ranges  0x00000000000001a8       0x10 Core/Src/stm32f1xx_hal_msp.o
 .debug_ranges  0x00000000000001b8       0x70 Core/Src/stm32f1xx_it.o
 .debug_ranges  0x0000000000000228       0x18 Core/Src/system_stm32f1xx.o
 .debug_ranges  0x0000000000000240       0x38 Core/Src/tim.o
 .debug_ranges  0x0000000000000278       0x28 Core/Src/usart.o
 .debug_ranges  0x00000000000002a0       0x20 Core/Src/usb.o
 .debug_ranges  0x00000000000002c0       0xa8 Core/Src/ws2812.o
 .debug_ranges  0x0000000000000368       0x20 Core/Startup/startup_stm32f103rdtx.o
 .debug_ranges  0x0000000000000388       0xd0 Drivers/STM32F1xx_HAL_Driver/Src/stm32f1xx_hal.o
 .debug_ranges  0x0000000000000458       0xf0 Drivers/STM32F1xx_HAL_Driver/Src/stm32f1xx_hal_cortex.o
 .debug_ranges  0x0000000000000548       0x70 Drivers/STM32F1xx_HAL_Driver/Src/stm32f1xx_hal_dma.o
 .debug_ranges  0x00000000000005b8       0x48 Drivers/STM32F1xx_HAL_Driver/Src/stm32f1xx_hal_gpio.o
 .debug_ranges  0x0000000000000600      0x110 Drivers/STM32F1xx_HAL_Driver/Src/stm32f1xx_hal_pcd.o
 .debug_ranges  0x0000000000000710       0x80 Drivers/STM32F1xx_HAL_Driver/Src/stm32f1xx_hal_rcc.o
 .debug_ranges  0x0000000000000790       0x20 Drivers/STM32F1xx_HAL_Driver/Src/stm32f1xx_hal_rcc_ex.o
 .debug_ranges  0x00000000000007b0      0x398 Drivers/STM32F1xx_HAL_Driver/Src/stm32f1xx_hal_tim.o
 .debug_ranges  0x0000000000000b48      0x140 Drivers/STM32F1xx_HAL_Driver/Src/stm32f1xx_hal_tim_ex.o
 .debug_ranges  0x0000000000000c88      0x1c0 Drivers/STM32F1xx_HAL_Driver/Src/stm32f1xx_hal_uart.o
 .debug_ranges  0x0000000000000e48       0xf8 Drivers/STM32F1xx_HAL_Driver/Src/stm32f1xx_ll_usb.o

.debug_macro    0x0000000000000000    0x17605
 .debug_macro   0x0000000000000000      0x215 Core/Src/CC2520.o
 .debug_macro   0x0000000000000215      0xa5a Core/Src/CC2520.o
 .debug_macro   0x0000000000000c6f      0x221 Core/Src/CC2520.o
 .debug_macro   0x0000000000000e90       0x2e Core/Src/CC2520.o
 .debug_macro   0x0000000000000ebe       0x22 Core/Src/CC2520.o
 .debug_macro   0x0000000000000ee0       0x22 Core/Src/CC2520.o
 .debug_macro   0x0000000000000f02       0x8e Core/Src/CC2520.o
 .debug_macro   0x0000000000000f90       0x51 Core/Src/CC2520.o
 .debug_macro   0x0000000000000fe1       0xef Core/Src/CC2520.o
 .debug_macro   0x00000000000010d0       0x6a Core/Src/CC2520.o
 .debug_macro   0x000000000000113a      0x1df Core/Src/CC2520.o
 .debug_macro   0x0000000000001319       0x1c Core/Src/CC2520.o
 .debug_macro   0x0000000000001335       0x22 Core/Src/CC2520.o
 .debug_macro   0x0000000000001357       0xc3 Core/Src/CC2520.o
 .debug_macro   0x000000000000141a      0xd23 Core/Src/CC2520.o
 .debug_macro   0x000000000000213d     0xfd8c Core/Src/CC2520.o
 .debug_macro   0x0000000000011ec9       0x43 Core/Src/CC2520.o
 .debug_macro   0x0000000000011f0c      0x174 Core/Src/CC2520.o
 .debug_macro   0x0000000000012080       0x5a Core/Src/CC2520.o
 .debug_macro   0x00000000000120da      0x5be Core/Src/CC2520.o
 .debug_macro   0x0000000000012698      0x4d5 Core/Src/CC2520.o
 .debug_macro   0x0000000000012b6d      0x1cb Core/Src/CC2520.o
 .debug_macro   0x0000000000012d38      0x114 Core/Src/CC2520.o
 .debug_macro   0x0000000000012e4c      0x1ea Core/Src/CC2520.o
 .debug_macro   0x0000000000013036       0x27 Core/Src/CC2520.o
 .debug_macro   0x000000000001305d      0x144 Core/Src/CC2520.o
 .debug_macro   0x00000000000131a1      0x1bc Core/Src/CC2520.o
 .debug_macro   0x000000000001335d       0x30 Core/Src/CC2520.o
 .debug_macro   0x000000000001338d       0x3c Core/Src/CC2520.o
 .debug_macro   0x00000000000133c9       0x57 Core/Src/CC2520.o
 .debug_macro   0x0000000000013420       0x88 Core/Src/CC2520.o
 .debug_macro   0x00000000000134a8      0x24f Core/Src/CC2520.o
 .debug_macro   0x00000000000136f7      0x141 Core/Src/CC2520.o
 .debug_macro   0x0000000000013838      0x88b Core/Src/CC2520.o
 .debug_macro   0x00000000000140c3      0x26b Core/Src/CC2520.o
 .debug_macro   0x000000000001432e       0x65 Core/Src/CC2520.o
 .debug_macro   0x0000000000014393      0x249 Core/Src/CC2520.o
 .debug_macro   0x00000000000145dc       0xb5 Core/Src/CC2520.o
 .debug_macro   0x0000000000014691       0x22 Core/Src/CC2520.o
 .debug_macro   0x00000000000146b3      0x4ea Core/Src/CC2520.o
 .debug_macro   0x0000000000014b9d      0x326 Core/Src/CC2520.o
 .debug_macro   0x0000000000014ec3      0x23c Core/Src/LCD_TFT.o
 .debug_macro   0x00000000000150ff      0x1e0 Core/Src/gpio.o
 .debug_macro   0x00000000000152df      0x245 Core/Src/main.o
 .debug_macro   0x0000000000015524      0x1d6 Core/Src/stm32f1xx_hal_msp.o
 .debug_macro   0x00000000000156fa      0x1e0 Core/Src/stm32f1xx_it.o
 .debug_macro   0x00000000000158da      0x1c4 Core/Src/system_stm32f1xx.o
 .debug_macro   0x0000000000015a9e      0x1e0 Core/Src/tim.o
 .debug_macro   0x0000000000015c7e      0x1e0 Core/Src/usart.o
 .debug_macro   0x0000000000015e5e      0x1e0 Core/Src/usb.o
 .debug_macro   0x000000000001603e      0x1ee Core/Src/ws2812.o
 .debug_macro   0x000000000001622c      0x1e2 Drivers/STM32F1xx_HAL_Driver/Src/stm32f1xx_hal.o
 .debug_macro   0x000000000001640e      0x1be Drivers/STM32F1xx_HAL_Driver/Src/stm32f1xx_hal_cortex.o
 .debug_macro   0x00000000000165cc      0x1be Drivers/STM32F1xx_HAL_Driver/Src/stm32f1xx_hal_dma.o
 .debug_macro   0x000000000001678a      0x229 Drivers/STM32F1xx_HAL_Driver/Src/stm32f1xx_hal_gpio.o
 .debug_macro   0x00000000000169b3      0x1ca Drivers/STM32F1xx_HAL_Driver/Src/stm32f1xx_hal_pcd.o
 .debug_macro   0x0000000000016b7d      0x1d0 Drivers/STM32F1xx_HAL_Driver/Src/stm32f1xx_hal_rcc.o
 .debug_macro   0x0000000000016d4d      0x1be Drivers/STM32F1xx_HAL_Driver/Src/stm32f1xx_hal_rcc_ex.o
 .debug_macro   0x0000000000016f0b      0x1bf Drivers/STM32F1xx_HAL_Driver/Src/stm32f1xx_hal_tim.o
 .debug_macro   0x00000000000170ca      0x1be Drivers/STM32F1xx_HAL_Driver/Src/stm32f1xx_hal_tim_ex.o
 .debug_macro   0x0000000000017288      0x1bf Drivers/STM32F1xx_HAL_Driver/Src/stm32f1xx_hal_uart.o
 .debug_macro   0x0000000000017447      0x1be Drivers/STM32F1xx_HAL_Driver/Src/stm32f1xx_ll_usb.o

.debug_line     0x0000000000000000     0xdddc
 .debug_line    0x0000000000000000      0xae0 Core/Src/CC2520.o
 .debug_line    0x0000000000000ae0      0x88c Core/Src/LCD_TFT.o
 .debug_line    0x000000000000136c      0x6b8 Core/Src/gpio.o
 .debug_line    0x0000000000001a24      0x852 Core/Src/main.o
 .debug_line    0x0000000000002276      0x68a Core/Src/stm32f1xx_hal_msp.o
 .debug_line    0x0000000000002900      0x775 Core/Src/stm32f1xx_it.o
 .debug_line    0x0000000000003075      0x6ae Core/Src/system_stm32f1xx.o
 .debug_line    0x0000000000003723      0x750 Core/Src/tim.o
 .debug_line    0x0000000000003e73      0x6f5 Core/Src/usart.o
 .debug_line    0x0000000000004568      0x6ad Core/Src/usb.o
 .debug_line    0x0000000000004c15      0xc66 Core/Src/ws2812.o
 .debug_line    0x000000000000587b       0x84 Core/Startup/startup_stm32f103rdtx.o
 .debug_line    0x00000000000058ff      0x856 Drivers/STM32F1xx_HAL_Driver/Src/stm32f1xx_hal.o
 .debug_line    0x0000000000006155      0x92f Drivers/STM32F1xx_HAL_Driver/Src/stm32f1xx_hal_cortex.o
 .debug_line    0x0000000000006a84      0xf3f Drivers/STM32F1xx_HAL_Driver/Src/stm32f1xx_hal_dma.o
 .debug_line    0x00000000000079c3      0x87e Drivers/STM32F1xx_HAL_Driver/Src/stm32f1xx_hal_gpio.o
 .debug_line    0x0000000000008241      0xb49 Drivers/STM32F1xx_HAL_Driver/Src/stm32f1xx_hal_pcd.o
 .debug_line    0x0000000000008d8a      0x918 Drivers/STM32F1xx_HAL_Driver/Src/stm32f1xx_hal_rcc.o
 .debug_line    0x00000000000096a2      0x73c Drivers/STM32F1xx_HAL_Driver/Src/stm32f1xx_hal_rcc_ex.o
 .debug_line    0x0000000000009dde     0x18d2 Drivers/STM32F1xx_HAL_Driver/Src/stm32f1xx_hal_tim.o
 .debug_line    0x000000000000b6b0      0xc69 Drivers/STM32F1xx_HAL_Driver/Src/stm32f1xx_hal_tim_ex.o
 .debug_line    0x000000000000c319      0xf61 Drivers/STM32F1xx_HAL_Driver/Src/stm32f1xx_hal_uart.o
 .debug_line    0x000000000000d27a      0xb62 Drivers/STM32F1xx_HAL_Driver/Src/stm32f1xx_ll_usb.o

.debug_str      0x0000000000000000    0x81ad0
 .debug_str     0x0000000000000000    0x7d59f Core/Src/CC2520.o
                                      0x7d94d (size before relaxing)
 .debug_str     0x000000000007d59f      0x1da Core/Src/LCD_TFT.o
                                      0x7cc4a (size before relaxing)
 .debug_str     0x000000000007d779       0x8c Core/Src/gpio.o
                                      0x7cb15 (size before relaxing)
 .debug_str     0x000000000007d805      0xdbc Core/Src/main.o
                                      0x7e376 (size before relaxing)
 .debug_str     0x000000000007e5c1       0x50 Core/Src/stm32f1xx_hal_msp.o
                                      0x7cae1 (size before relaxing)
 .debug_str     0x000000000007e611       0xff Core/Src/stm32f1xx_it.o
                                      0x7d0bb (size before relaxing)
 .debug_str     0x000000000007e710       0xc2 Core/Src/system_stm32f1xx.o
                                      0x7b6d8 (size before relaxing)
 .debug_str     0x000000000007e7d2      0x41a Core/Src/tim.o
                                      0x7d363 (size before relaxing)
 .debug_str     0x000000000007ebec       0x6b Core/Src/usart.o
                                      0x7d2b4 (size before relaxing)
 .debug_str     0x000000000007ec57       0x4e Core/Src/usb.o
                                      0x7ce51 (size before relaxing)
 .debug_str     0x000000000007eca5      0x12e Core/Src/ws2812.o
                                      0x7cf68 (size before relaxing)
 .debug_str     0x000000000007edd3       0x36 Core/Startup/startup_stm32f103rdtx.o
                                         0x59 (size before relaxing)
 .debug_str     0x000000000007ee09      0x3a8 Drivers/STM32F1xx_HAL_Driver/Src/stm32f1xx_hal.o
                                      0x7bdcd (size before relaxing)
 .debug_str     0x000000000007f1b1      0x29a Drivers/STM32F1xx_HAL_Driver/Src/stm32f1xx_hal_cortex.o
                                      0x7bddb (size before relaxing)
 .debug_str     0x000000000007f44b      0x23a Drivers/STM32F1xx_HAL_Driver/Src/stm32f1xx_hal_dma.o
                                      0x7ba39 (size before relaxing)
 .debug_str     0x000000000007f685      0x31f Drivers/STM32F1xx_HAL_Driver/Src/stm32f1xx_hal_gpio.o
                                      0x7ba22 (size before relaxing)
 .debug_str     0x000000000007f9a4      0x38d Drivers/STM32F1xx_HAL_Driver/Src/stm32f1xx_hal_pcd.o
                                      0x7bd09 (size before relaxing)
 .debug_str     0x000000000007fd31      0x263 Drivers/STM32F1xx_HAL_Driver/Src/stm32f1xx_hal_rcc.o
                                      0x7ba5b (size before relaxing)
 .debug_str     0x000000000007ff94       0xb9 Drivers/STM32F1xx_HAL_Driver/Src/stm32f1xx_hal_rcc_ex.o
                                      0x7b80e (size before relaxing)
 .debug_str     0x000000000008004d      0xd59 Drivers/STM32F1xx_HAL_Driver/Src/stm32f1xx_hal_tim.o
                                      0x7c826 (size before relaxing)
 .debug_str     0x0000000000080da6      0x52f Drivers/STM32F1xx_HAL_Driver/Src/stm32f1xx_hal_tim_ex.o
                                      0x7c026 (size before relaxing)
 .debug_str     0x00000000000812d5      0x4fe Drivers/STM32F1xx_HAL_Driver/Src/stm32f1xx_hal_uart.o
                                      0x7bf4a (size before relaxing)
 .debug_str     0x00000000000817d3      0x2fd Drivers/STM32F1xx_HAL_Driver/Src/stm32f1xx_ll_usb.o
                                      0x7bb4f (size before relaxing)

.comment        0x0000000000000000       0x7b
 .comment       0x0000000000000000       0x7b Core/Src/CC2520.o
                                         0x7c (size before relaxing)
 .comment       0x000000000000007b       0x7c Core/Src/LCD_TFT.o
 .comment       0x000000000000007b       0x7c Core/Src/gpio.o
 .comment       0x000000000000007b       0x7c Core/Src/main.o
 .comment       0x000000000000007b       0x7c Core/Src/stm32f1xx_hal_msp.o
 .comment       0x000000000000007b       0x7c Core/Src/stm32f1xx_it.o
 .comment       0x000000000000007b       0x7c Core/Src/system_stm32f1xx.o
 .comment       0x000000000000007b       0x7c Core/Src/tim.o
 .comment       0x000000000000007b       0x7c Core/Src/usart.o
 .comment       0x000000000000007b       0x7c Core/Src/usb.o
 .comment       0x000000000000007b       0x7c Core/Src/ws2812.o
 .comment       0x000000000000007b       0x7c Drivers/STM32F1xx_HAL_Driver/Src/stm32f1xx_hal.o
 .comment       0x000000000000007b       0x7c Drivers/STM32F1xx_HAL_Driver/Src/stm32f1xx_hal_cortex.o
 .comment       0x000000000000007b       0x7c Drivers/STM32F1xx_HAL_Driver/Src/stm32f1xx_hal_dma.o
 .comment       0x000000000000007b       0x7c Drivers/STM32F1xx_HAL_Driver/Src/stm32f1xx_hal_gpio.o
 .comment       0x000000000000007b       0x7c Drivers/STM32F1xx_HAL_Driver/Src/stm32f1xx_hal_pcd.o
 .comment       0x000000000000007b       0x7c Drivers/STM32F1xx_HAL_Driver/Src/stm32f1xx_hal_rcc.o
 .comment       0x000000000000007b       0x7c Drivers/STM32F1xx_HAL_Driver/Src/stm32f1xx_hal_rcc_ex.o
 .comment       0x000000000000007b       0x7c Drivers/STM32F1xx_HAL_Driver/Src/stm32f1xx_hal_tim.o
 .comment       0x000000000000007b       0x7c Drivers/STM32F1xx_HAL_Driver/Src/stm32f1xx_hal_tim_ex.o
 .comment       0x000000000000007b       0x7c Drivers/STM32F1xx_HAL_Driver/Src/stm32f1xx_hal_uart.o
 .comment       0x000000000000007b       0x7c Drivers/STM32F1xx_HAL_Driver/Src/stm32f1xx_ll_usb.o

.debug_frame    0x0000000000000000     0x4418
 .debug_frame   0x0000000000000000      0x39c Core/Src/CC2520.o
 .debug_frame   0x000000000000039c      0x200 Core/Src/LCD_TFT.o
 .debug_frame   0x000000000000059c       0x34 Core/Src/gpio.o
 .debug_frame   0x00000000000005d0      0x12c Core/Src/main.o
 .debug_frame   0x00000000000006fc       0x38 Core/Src/stm32f1xx_hal_msp.o
 .debug_frame   0x0000000000000734      0x17c Core/Src/stm32f1xx_it.o
 .debug_frame   0x00000000000008b0       0x58 Core/Src/system_stm32f1xx.o
 .debug_frame   0x0000000000000908       0xe8 Core/Src/tim.o
 .debug_frame   0x00000000000009f0       0x90 Core/Src/usart.o
 .debug_frame   0x0000000000000a80       0x7c Core/Src/usb.o
 .debug_frame   0x0000000000000afc      0x2c0 Core/Src/ws2812.o
 .debug_frame   0x0000000000000dbc      0x334 Drivers/STM32F1xx_HAL_Driver/Src/stm32f1xx_hal.o
 .debug_frame   0x00000000000010f0      0x428 Drivers/STM32F1xx_HAL_Driver/Src/stm32f1xx_hal_cortex.o
 .debug_frame   0x0000000000001518      0x20c Drivers/STM32F1xx_HAL_Driver/Src/stm32f1xx_hal_dma.o
 .debug_frame   0x0000000000001724      0x14c Drivers/STM32F1xx_HAL_Driver/Src/stm32f1xx_hal_gpio.o
 .debug_frame   0x0000000000001870      0x500 Drivers/STM32F1xx_HAL_Driver/Src/stm32f1xx_hal_pcd.o
 .debug_frame   0x0000000000001d70      0x21c Drivers/STM32F1xx_HAL_Driver/Src/stm32f1xx_hal_rcc.o
 .debug_frame   0x0000000000001f8c       0x84 Drivers/STM32F1xx_HAL_Driver/Src/stm32f1xx_hal_rcc_ex.o
 .debug_frame   0x0000000000002010     0x10f0 Drivers/STM32F1xx_HAL_Driver/Src/stm32f1xx_hal_tim.o
 .debug_frame   0x0000000000003100      0x5c0 Drivers/STM32F1xx_HAL_Driver/Src/stm32f1xx_hal_tim_ex.o
 .debug_frame   0x00000000000036c0      0x834 Drivers/STM32F1xx_HAL_Driver/Src/stm32f1xx_hal_uart.o
 .debug_frame   0x0000000000003ef4      0x4d8 Drivers/STM32F1xx_HAL_Driver/Src/stm32f1xx_ll_usb.o
 .debug_frame   0x00000000000043cc       0x2c e:/st/stm32cubeide_1.3.0/stm32cubeide/plugins/com.st.stm32cube.ide.mcu.externaltools.gnu-tools-for-stm32.7-2018-q2-update.win32_1.0.0.201904181610/tools/bin/../lib/gcc/arm-none-eabi/7.3.1/../../../../arm-none-eabi/lib/thumb/v7-m\libc_nano.a(lib_a-init.o)
 .debug_frame   0x00000000000043f8       0x20 e:/st/stm32cubeide_1.3.0/stm32cubeide/plugins/com.st.stm32cube.ide.mcu.externaltools.gnu-tools-for-stm32.7-2018-q2-update.win32_1.0.0.201904181610/tools/bin/../lib/gcc/arm-none-eabi/7.3.1/../../../../arm-none-eabi/lib/thumb/v7-m\libc_nano.a(lib_a-memset.o)
